Archive member included to satisfy reference by file (symbol)

/opt/st/stm32cubeide_1.3.0/plugins/com.st.stm32cube.ide.mcu.externaltools.gnu-tools-for-stm32.7-2018-q2-update.linux64_1.0.0.201904181610/tools/bin/../lib/gcc/arm-none-eabi/7.3.1/../../../../arm-none-eabi/lib/thumb/v7e-m/fpv4-sp/hard/libc_nano.a(lib_a-errno.o)
                              Core/Src/syscalls.o (__errno)
/opt/st/stm32cubeide_1.3.0/plugins/com.st.stm32cube.ide.mcu.externaltools.gnu-tools-for-stm32.7-2018-q2-update.linux64_1.0.0.201904181610/tools/bin/../lib/gcc/arm-none-eabi/7.3.1/../../../../arm-none-eabi/lib/thumb/v7e-m/fpv4-sp/hard/libc_nano.a(lib_a-exit.o)
                              /opt/st/stm32cubeide_1.3.0/plugins/com.st.stm32cube.ide.mcu.externaltools.gnu-tools-for-stm32.7-2018-q2-update.linux64_1.0.0.201904181610/tools/bin/../lib/gcc/arm-none-eabi/7.3.1/../../../../arm-none-eabi/lib/thumb/v7e-m/fpv4-sp/hard/crt0.o (exit)
/opt/st/stm32cubeide_1.3.0/plugins/com.st.stm32cube.ide.mcu.externaltools.gnu-tools-for-stm32.7-2018-q2-update.linux64_1.0.0.201904181610/tools/bin/../lib/gcc/arm-none-eabi/7.3.1/../../../../arm-none-eabi/lib/thumb/v7e-m/fpv4-sp/hard/libc_nano.a(lib_a-impure.o)
                              /opt/st/stm32cubeide_1.3.0/plugins/com.st.stm32cube.ide.mcu.externaltools.gnu-tools-for-stm32.7-2018-q2-update.linux64_1.0.0.201904181610/tools/bin/../lib/gcc/arm-none-eabi/7.3.1/../../../../arm-none-eabi/lib/thumb/v7e-m/fpv4-sp/hard/libc_nano.a(lib_a-exit.o) (_global_impure_ptr)
/opt/st/stm32cubeide_1.3.0/plugins/com.st.stm32cube.ide.mcu.externaltools.gnu-tools-for-stm32.7-2018-q2-update.linux64_1.0.0.201904181610/tools/bin/../lib/gcc/arm-none-eabi/7.3.1/../../../../arm-none-eabi/lib/thumb/v7e-m/fpv4-sp/hard/libc_nano.a(lib_a-init.o)
                              /opt/st/stm32cubeide_1.3.0/plugins/com.st.stm32cube.ide.mcu.externaltools.gnu-tools-for-stm32.7-2018-q2-update.linux64_1.0.0.201904181610/tools/bin/../lib/gcc/arm-none-eabi/7.3.1/../../../../arm-none-eabi/lib/thumb/v7e-m/fpv4-sp/hard/crt0.o (__libc_init_array)
/opt/st/stm32cubeide_1.3.0/plugins/com.st.stm32cube.ide.mcu.externaltools.gnu-tools-for-stm32.7-2018-q2-update.linux64_1.0.0.201904181610/tools/bin/../lib/gcc/arm-none-eabi/7.3.1/../../../../arm-none-eabi/lib/thumb/v7e-m/fpv4-sp/hard/libc_nano.a(lib_a-memset.o)
                              /opt/st/stm32cubeide_1.3.0/plugins/com.st.stm32cube.ide.mcu.externaltools.gnu-tools-for-stm32.7-2018-q2-update.linux64_1.0.0.201904181610/tools/bin/../lib/gcc/arm-none-eabi/7.3.1/../../../../arm-none-eabi/lib/thumb/v7e-m/fpv4-sp/hard/crt0.o (memset)
/opt/st/stm32cubeide_1.3.0/plugins/com.st.stm32cube.ide.mcu.externaltools.gnu-tools-for-stm32.7-2018-q2-update.linux64_1.0.0.201904181610/tools/bin/../lib/gcc/arm-none-eabi/7.3.1/../../../../arm-none-eabi/lib/thumb/v7e-m/fpv4-sp/hard/libm.a(lib_a-w_log.o)
                              Core/Src/main.o (log)
/opt/st/stm32cubeide_1.3.0/plugins/com.st.stm32cube.ide.mcu.externaltools.gnu-tools-for-stm32.7-2018-q2-update.linux64_1.0.0.201904181610/tools/bin/../lib/gcc/arm-none-eabi/7.3.1/../../../../arm-none-eabi/lib/thumb/v7e-m/fpv4-sp/hard/libm.a(lib_a-w_pow.o)
                              Core/Src/main.o (pow)
/opt/st/stm32cubeide_1.3.0/plugins/com.st.stm32cube.ide.mcu.externaltools.gnu-tools-for-stm32.7-2018-q2-update.linux64_1.0.0.201904181610/tools/bin/../lib/gcc/arm-none-eabi/7.3.1/../../../../arm-none-eabi/lib/thumb/v7e-m/fpv4-sp/hard/libm.a(lib_a-e_log.o)
                              /opt/st/stm32cubeide_1.3.0/plugins/com.st.stm32cube.ide.mcu.externaltools.gnu-tools-for-stm32.7-2018-q2-update.linux64_1.0.0.201904181610/tools/bin/../lib/gcc/arm-none-eabi/7.3.1/../../../../arm-none-eabi/lib/thumb/v7e-m/fpv4-sp/hard/libm.a(lib_a-w_log.o) (__ieee754_log)
/opt/st/stm32cubeide_1.3.0/plugins/com.st.stm32cube.ide.mcu.externaltools.gnu-tools-for-stm32.7-2018-q2-update.linux64_1.0.0.201904181610/tools/bin/../lib/gcc/arm-none-eabi/7.3.1/../../../../arm-none-eabi/lib/thumb/v7e-m/fpv4-sp/hard/libm.a(lib_a-e_pow.o)
                              /opt/st/stm32cubeide_1.3.0/plugins/com.st.stm32cube.ide.mcu.externaltools.gnu-tools-for-stm32.7-2018-q2-update.linux64_1.0.0.201904181610/tools/bin/../lib/gcc/arm-none-eabi/7.3.1/../../../../arm-none-eabi/lib/thumb/v7e-m/fpv4-sp/hard/libm.a(lib_a-w_pow.o) (__ieee754_pow)
/opt/st/stm32cubeide_1.3.0/plugins/com.st.stm32cube.ide.mcu.externaltools.gnu-tools-for-stm32.7-2018-q2-update.linux64_1.0.0.201904181610/tools/bin/../lib/gcc/arm-none-eabi/7.3.1/../../../../arm-none-eabi/lib/thumb/v7e-m/fpv4-sp/hard/libm.a(lib_a-e_sqrt.o)
                              /opt/st/stm32cubeide_1.3.0/plugins/com.st.stm32cube.ide.mcu.externaltools.gnu-tools-for-stm32.7-2018-q2-update.linux64_1.0.0.201904181610/tools/bin/../lib/gcc/arm-none-eabi/7.3.1/../../../../arm-none-eabi/lib/thumb/v7e-m/fpv4-sp/hard/libm.a(lib_a-e_pow.o) (__ieee754_sqrt)
[...]
Memory Configuration

Name             Origin             Length             Attributes
CCMRAM           0x0000000010000000 0x0000000000010000 xrw
RAM              0x0000000020000000 0x0000000000020000 xrw
FLASH            0x0000000008000000 0x0000000000100000 xr
*default*        0x0000000000000000 0xffffffffffffffff

Linker script and memory map

LOAD /opt/st/stm32cubeide_1.3.0/plugins/com.st.stm32cube.ide.mcu.externaltools.gnu-tools-for-stm32.7-2018-q2-update.linux64_1.0.0.201904181610/tools/bin/../lib/gcc/arm-none-eabi/7.3.1/thumb/v7e-m/fpv4-sp/hard/crti.o
LOAD /opt/st/stm32cubeide_1.3.0/plugins/com.st.stm32cube.ide.mcu.externaltools.gnu-tools-for-stm32.7-2018-q2-update.linux64_1.0.0.201904181610/tools/bin/../lib/gcc/arm-none-eabi/7.3.1/thumb/v7e-m/fpv4-sp/hard/crtbegin.o
LOAD /opt/st/stm32cubeide_1.3.0/plugins/com.st.stm32cube.ide.mcu.externaltools.gnu-tools-for-stm32.7-2018-q2-update.linux64_1.0.0.201904181610/tools/bin/../lib/gcc/arm-none-eabi/7.3.1/../../../../arm-none-eabi/lib/thumb/v7e-m/fpv4-sp/hard/crt0.o
LOAD Core/ADSR_lib/ADSR.o
LOAD Core/Discrete_Input_lib/Discrete_Input.o
LOAD Core/Src/adc.o
LOAD Core/Src/dac.o
LOAD Core/Src/dma.o
LOAD Core/Src/gpio.o
LOAD Core/Src/main.o
LOAD Core/Src/stm32f4xx_hal_msp.o
LOAD Core/Src/stm32f4xx_it.o
LOAD Core/Src/syscalls.o
LOAD Core/Src/sysmem.o
LOAD Core/Src/system_stm32f4xx.o
LOAD Core/Src/tim.o
LOAD Core/Startup/startup_stm32f405rgtx.o
LOAD Drivers/STM32F4xx_HAL_Driver/Src/stm32f4xx_hal.o
LOAD Drivers/STM32F4xx_HAL_Driver/Src/stm32f4xx_hal_adc.o
LOAD Drivers/STM32F4xx_HAL_Driver/Src/stm32f4xx_hal_adc_ex.o
LOAD Drivers/STM32F4xx_HAL_Driver/Src/stm32f4xx_hal_cortex.o
LOAD Drivers/STM32F4xx_HAL_Driver/Src/stm32f4xx_hal_dac.o
LOAD Drivers/STM32F4xx_HAL_Driver/Src/stm32f4xx_hal_dac_ex.o
LOAD Drivers/STM32F4xx_HAL_Driver/Src/stm32f4xx_hal_dma.o
LOAD Drivers/STM32F4xx_HAL_Driver/Src/stm32f4xx_hal_dma_ex.o
LOAD Drivers/STM32F4xx_HAL_Driver/Src/stm32f4xx_hal_exti.o
LOAD Drivers/STM32F4xx_HAL_Driver/Src/stm32f4xx_hal_flash.o
LOAD Drivers/STM32F4xx_HAL_Driver/Src/stm32f4xx_hal_flash_ex.o
LOAD Drivers/STM32F4xx_HAL_Driver/Src/stm32f4xx_hal_flash_ramfunc.o
LOAD Drivers/STM32F4xx_HAL_Driver/Src/stm32f4xx_hal_gpio.o
LOAD Drivers/STM32F4xx_HAL_Driver/Src/stm32f4xx_hal_pwr.o
LOAD Drivers/STM32F4xx_HAL_Driver/Src/stm32f4xx_hal_pwr_ex.o
LOAD Drivers/STM32F4xx_HAL_Driver/Src/stm32f4xx_hal_rcc.o
LOAD Drivers/STM32F4xx_HAL_Driver/Src/stm32f4xx_hal_rcc_ex.o
LOAD Drivers/STM32F4xx_HAL_Driver/Src/stm32f4xx_hal_tim.o
LOAD Drivers/STM32F4xx_HAL_Driver/Src/stm32f4xx_hal_tim_ex.o
START GROUP
LOAD /opt/st/stm32cubeide_1.3.0/plugins/com.st.stm32cube.ide.mcu.externaltools.gnu-tools-for-stm32.7-2018-q2-update.linux64_1.0.0.201904181610/tools/bin/../lib/gcc/arm-none-eabi/7.3.1/../../../../arm-none-eabi/lib/thumb/v7e-m/fpv4-sp/hard/libc_nano.a
LOAD /opt/st/stm32cubeide_1.3.0/plugins/com.st.stm32cube.ide.mcu.externaltools.gnu-tools-for-stm32.7-2018-q2-update.linux64_1.0.0.201904181610/tools/bin/../lib/gcc/arm-none-eabi/7.3.1/../../../../arm-none-eabi/lib/thumb/v7e-m/fpv4-sp/hard/libm.a
END GROUP
START GROUP
LOAD /opt/st/stm32cubeide_1.3.0/plugins/com.st.stm32cube.ide.mcu.externaltools.gnu-tools-for-stm32.7-2018-q2-update.linux64_1.0.0.201904181610/tools/bin/../lib/gcc/arm-none-eabi/7.3.1/thumb/v7e-m/fpv4-sp/hard/libgcc.a
LOAD /opt/st/stm32cubeide_1.3.0/plugins/com.st.stm32cube.ide.mcu.externaltools.gnu-tools-for-stm32.7-2018-q2-update.linux64_1.0.0.201904181610/tools/bin/../lib/gcc/arm-none-eabi/7.3.1/../../../../arm-none-eabi/lib/thumb/v7e-m/fpv4-sp/hard/libc_nano.a
END GROUP
START GROUP
LOAD /opt/st/stm32cubeide_1.3.0/plugins/com.st.stm32cube.ide.mcu.externaltools.gnu-tools-for-stm32.7-2018-q2-update.linux64_1.0.0.201904181610/tools/bin/../lib/gcc/arm-none-eabi/7.3.1/thumb/v7e-m/fpv4-sp/hard/libgcc.a
LOAD /opt/st/stm32cubeide_1.3.0/plugins/com.st.stm32cube.ide.mcu.externaltools.gnu-tools-for-stm32.7-2018-q2-update.linux64_1.0.0.201904181610/tools/bin/../lib/gcc/arm-none-eabi/7.3.1/../../../../arm-none-eabi/lib/thumb/v7e-m/fpv4-sp/hard/libc_nano.a
LOAD /opt/st/stm32cubeide_1.3.0/plugins/com.st.stm32cube.ide.mcu.externaltools.gnu-tools-for-stm32.7-2018-q2-update.linux64_1.0.0.201904181610/tools/bin/../lib/gcc/arm-none-eabi/7.3.1/../../../../arm-none-eabi/lib/thumb/v7e-m/fpv4-sp/hard/libnosys.a
END GROUP
START GROUP
LOAD /opt/st/stm32cubeide_1.3.0/plugins/com.st.stm32cube.ide.mcu.externaltools.gnu-tools-for-stm32.7-2018-q2-update.linux64_1.0.0.201904181610/tools/bin/../lib/gcc/arm-none-eabi/7.3.1/thumb/v7e-m/fpv4-sp/hard/libgcc.a
LOAD /opt/st/stm32cubeide_1.3.0/plugins/com.st.stm32cube.ide.mcu.externaltools.gnu-tools-for-stm32.7-2018-q2-update.linux64_1.0.0.201904181610/tools/bin/../lib/gcc/arm-none-eabi/7.3.1/../../../../arm-none-eabi/lib/thumb/v7e-m/fpv4-sp/hard/libc_nano.a
LOAD /opt/st/stm32cubeide_1.3.0/plugins/com.st.stm32cube.ide.mcu.externaltools.gnu-tools-for-stm32.7-2018-q2-update.linux64_1.0.0.201904181610/tools/bin/../lib/gcc/arm-none-eabi/7.3.1/../../../../arm-none-eabi/lib/thumb/v7e-m/fpv4-sp/hard/libnosys.a
END GROUP
LOAD /opt/st/stm32cubeide_1.3.0/plugins/com.st.stm32cube.ide.mcu.externaltools.gnu-tools-for-stm32.7-2018-q2-update.linux64_1.0.0.201904181610/tools/bin/../lib/gcc/arm-none-eabi/7.3.1/thumb/v7e-m/fpv4-sp/hard/crtend.o
LOAD /opt/st/stm32cubeide_1.3.0/plugins/com.st.stm32cube.ide.mcu.externaltools.gnu-tools-for-stm32.7-2018-q2-update.linux64_1.0.0.201904181610/tools/bin/../lib/gcc/arm-none-eabi/7.3.1/thumb/v7e-m/fpv4-sp/hard/crtn.o
                0x0000000020020000                _estack = (ORIGIN (RAM) + LENGTH (RAM))
                0x0000000000000200                _Min_Heap_Size = 0x200
                0x0000000000000400                _Min_Stack_Size = 0x400

.isr_vector     0x0000000008000000      0x188
                0x0000000008000000                . = ALIGN (0x4)
 *(.isr_vector)
 .isr_vector    0x0000000008000000      0x188 Core/Startup/startup_stm32f405rgtx.o
                0x0000000008000000                g_pfnVectors
                0x0000000008000188                . = ALIGN (0x4)

.text           0x0000000008000188     0x5eb4
                0x0000000008000188                . = ALIGN (0x4)
 *(.text)
 .text          0x0000000008000188       0x40 /opt/st/stm32cubeide_1.3.0/plugins/com.st.stm32cube.ide.mcu.externaltools.gnu-tools-for-stm32.7-2018-q2-update.linux64_1.0.0.201904181610/tools/bin/../lib/gcc/arm-none-eabi/7.3.1/thumb/v7e-m/fpv4-sp/hard/crtbegin.o
 .text          0x00000000080001c8      0x378 /opt/st/stm32cubeide_1.3.0/plugins/com.st.stm32cube.ide.mcu.externaltools.gnu-tools-for-stm32.7-2018-q2-update.linux64_1.0.0.201904181610/tools/bin/../lib/gcc/arm-none-eabi/7.3.1/thumb/v7e-m/fpv4-sp/hard/libgcc.a(_arm_addsubdf3.o)
                0x00000000080001c8                __aeabi_drsub
                0x00000000080001d0                __aeabi_dsub
                0x00000000080001d0                __subdf3
                0x00000000080001d4                __adddf3
                0x00000000080001d4                __aeabi_dadd
                0x000000000800044c                __aeabi_ui2d
                0x000000000800044c                __floatunsidf
                0x000000000800046c                __floatsidf
                0x000000000800046c                __aeabi_i2d
                0x0000000008000490                __extendsfdf2
                0x0000000008000490                __aeabi_f2d
                0x00000000080004d4                __aeabi_ul2d
                0x00000000080004d4                __floatundidf
                0x00000000080004e4                __floatdidf
                0x00000000080004e4                __aeabi_l2d
 .text          0x0000000008000540      0x424 /opt/st/stm32cubeide_1.3.0/plugins/com.st.stm32cube.ide.mcu.externaltools.gnu-tools-for-stm32.7-2018-q2-update.linux64_1.0.0.201904181610/tools/bin/../lib/gcc/arm-none-eabi/7.3.1/thumb/v7e-m/fpv4-sp/hard/libgcc.a(_arm_muldivdf3.o)
                0x0000000008000540                __aeabi_dmul
                0x0000000008000540                __muldf3
                0x0000000008000794                __aeabi_ddiv
                0x0000000008000794                __divdf3
 .text          0x0000000008000964      0x110 /opt/st/stm32cubeide_1.3.0/plugins/com.st.stm32cube.ide.mcu.externaltools.gnu-tools-for-stm32.7-2018-q2-update.linux64_1.0.0.201904181610/tools/bin/../lib/gcc/arm-none-eabi/7.3.1/thumb/v7e-m/fpv4-sp/hard/libgcc.a(_arm_cmpdf2.o)
                0x0000000008000964                __gtdf2
                0x0000000008000964                __gedf2
                0x000000000800096c                __ltdf2
                0x000000000800096c                __ledf2
                0x0000000008000974                __cmpdf2
                0x0000000008000974                __eqdf2
                0x0000000008000974                __nedf2
                0x00000000080009f0                __aeabi_cdrcmple
                0x0000000008000a00                __aeabi_cdcmple
                0x0000000008000a00                __aeabi_cdcmpeq
                0x0000000008000a10                __aeabi_dcmpeq
                0x0000000008000a24                __aeabi_dcmplt
                0x0000000008000a38                __aeabi_dcmple
                0x0000000008000a4c                __aeabi_dcmpge
                0x0000000008000a60                __aeabi_dcmpgt
 .text          0x0000000008000a74       0x2c /opt/st/stm32cubeide_1.3.0/plugins/com.st.stm32cube.ide.mcu.externaltools.gnu-tools-for-stm32.7-2018-q2-update.linux64_1.0.0.201904181610/tools/bin/../lib/gcc/arm-none-eabi/7.3.1/thumb/v7e-m/fpv4-sp/hard/libgcc.a(_arm_unorddf2.o)
                0x0000000008000a74                __aeabi_dcmpun
                0x0000000008000a74                __unorddf2
 .text          0x0000000008000aa0       0x40 /opt/st/stm32cubeide_1.3.0/plugins/com.st.stm32cube.ide.mcu.externaltools.gnu-tools-for-stm32.7-2018-q2-update.linux64_1.0.0.201904181610/tools/bin/../lib/gcc/arm-none-eabi/7.3.1/thumb/v7e-m/fpv4-sp/hard/libgcc.a(_arm_fixunsdfsi.o)
                0x0000000008000aa0                __fixunsdfsi
                0x0000000008000aa0                __aeabi_d2uiz
 .text          0x0000000008000ae0       0x30 /opt/st/stm32cubeide_1.3.0/plugins/com.st.stm32cube.ide.mcu.externaltools.gnu-tools-for-stm32.7-2018-q2-update.linux64_1.0.0.201904181610/tools/bin/../lib/gcc/arm-none-eabi/7.3.1/thumb/v7e-m/fpv4-sp/hard/libgcc.a(_aeabi_uldivmod.o)
                0x0000000008000ae0                __aeabi_uldivmod
 .text          0x0000000008000b10      0x2cc /opt/st/stm32cubeide_1.3.0/plugins/com.st.stm32cube.ide.mcu.externaltools.gnu-tools-for-stm32.7-2018-q2-update.linux64_1.0.0.201904181610/tools/bin/../lib/gcc/arm-none-eabi/7.3.1/thumb/v7e-m/fpv4-sp/hard/libgcc.a(_udivmoddi4.o)
                0x0000000008000b10                __udivmoddi4
 .text          0x0000000008000ddc        0x4 /opt/st/stm32cubeide_1.3.0/plugins/com.st.stm32cube.ide.mcu.externaltools.gnu-tools-for-stm32.7-2018-q2-update.linux64_1.0.0.201904181610/tools/bin/../lib/gcc/arm-none-eabi/7.3.1/thumb/v7e-m/fpv4-sp/hard/libgcc.a(_dvmd_tls.o)
                0x0000000008000ddc                __aeabi_ldiv0
                0x0000000008000ddc                __aeabi_idiv0
 *(.text*)
 .text.ADSR_Initialize_Look_Up_Tables
                0x0000000008000de0      0x190 Core/ADSR_lib/ADSR.o
                0x0000000008000de0                ADSR_Initialize_Look_Up_Tables
 .text.Initialize_ADSR
                0x0000000008000f70       0x5e Core/ADSR_lib/ADSR.o
                0x0000000008000f70                Initialize_ADSR
 .text.ADSR_Tick
                0x0000000008000fce       0x36 Core/ADSR_lib/ADSR.o
                0x0000000008000fce                ADSR_Tick
 .text.ADSR_Gate_On_Event
                0x0000000008001004       0x36 Core/ADSR_lib/ADSR.o
                0x0000000008001004                ADSR_Gate_On_Event
 .text.ADSR_Gate_Off_Event
                0x000000000800103a       0x46 Core/ADSR_lib/ADSR.o
                0x000000000800103a                ADSR_Gate_Off_Event
 .text.Current_ADSR_State_Is_Tickable
                0x0000000008001080       0x32 Core/ADSR_lib/ADSR.o
 .text.Calculate_Tuning_Word_And_Increment_Accumulator
                0x00000000080010b2       0x98 Core/ADSR_lib/ADSR.o
 .text.Handle_State_Transitions
                0x000000000800114a       0x3c Core/ADSR_lib/ADSR.o
 *fill*         0x0000000008001186        0x2 
 .text.Advance_ADSR_State
                0x0000000008001188       0x68 Core/ADSR_lib/ADSR.o
 .text.Calculate_Current_ADSR_Value
                0x00000000080011f0      0x1ec Core/ADSR_lib/ADSR.o
 .text.Linear_Interpolation
                0x00000000080013dc       0x32 Core/ADSR_lib/ADSR.o
 .text.Poll_Discrete_Input
                0x000000000800140e       0xdc Core/Discrete_Input_lib/Discrete_Input.o
                0x000000000800140e                Poll_Discrete_Input
 *fill*         0x00000000080014ea        0x2 
 .text.MX_ADC1_Init
                0x00000000080014ec      0x168 Core/Src/adc.o
                0x00000000080014ec                MX_ADC1_Init
 .text.HAL_ADC_MspInit
                0x0000000008001654      0x128 Core/Src/adc.o
                0x0000000008001654                HAL_ADC_MspInit
 .text.MX_DAC_Init
                0x000000000800177c       0x68 Core/Src/dac.o
                0x000000000800177c                MX_DAC_Init
 .text.HAL_DAC_MspInit
                0x00000000080017e4       0x88 Core/Src/dac.o
                0x00000000080017e4                HAL_DAC_MspInit
 .text.MX_DMA_Init
                0x000000000800186c       0x40 Core/Src/dma.o
                0x000000000800186c                MX_DMA_Init
 .text.MX_GPIO_Init
                0x00000000080018ac      0x10c Core/Src/gpio.o
                0x00000000080018ac                MX_GPIO_Init
 .text.main     0x00000000080019b8       0x94 Core/Src/main.o
                0x00000000080019b8                main
 .text.SystemClock_Config
                0x0000000008001a4c       0xd4 Core/Src/main.o
                0x0000000008001a4c                SystemClock_Config
 .text.HAL_TIM_PeriodElapsedCallback
                0x0000000008001b20       0x34 Core/Src/main.o
                0x0000000008001b20                HAL_TIM_PeriodElapsedCallback
 .text.HAL_SYSTICK_Callback
                0x0000000008001b54       0x2c Core/Src/main.o
                0x0000000008001b54                HAL_SYSTICK_Callback
 .text.tick_ADSRs
                0x0000000008001b80       0x38 Core/Src/main.o
                0x0000000008001b80                tick_ADSRs
 .text.poll_gate_and_trigger_inputs
                0x0000000008001bb8       0xcc Core/Src/main.o
                0x0000000008001bb8                poll_gate_and_trigger_inputs
 .text.poll_range_switches
                0x0000000008001c84       0x68 Core/Src/main.o
                0x0000000008001c84                poll_range_switches
 *fill*         0x0000000008001cec        0x4 
 .text.scale_potentiometer_readings
                0x0000000008001cf0      0x254 Core/Src/main.o
                0x0000000008001cf0                scale_potentiometer_readings
 .text.update_ADSR_inputs
                0x0000000008001f44       0x5c Core/Src/main.o
                0x0000000008001f44                update_ADSR_inputs
 .text.update_DACs
                0x0000000008001fa0       0x30 Core/Src/main.o
                0x0000000008001fa0                update_DACs
 .text.Error_Handler
                0x0000000008001fd0        0xe Core/Src/main.o
                0x0000000008001fd0                Error_Handler
 *fill*         0x0000000008001fde        0x2 
 .text.HAL_MspInit
                0x0000000008001fe0       0x50 Core/Src/stm32f4xx_hal_msp.o
                0x0000000008001fe0                HAL_MspInit
 .text.NMI_Handler
                0x0000000008002030        0xe Core/Src/stm32f4xx_it.o
                0x0000000008002030                NMI_Handler
 .text.HardFault_Handler
                0x000000000800203e        0x6 Core/Src/stm32f4xx_it.o
                0x000000000800203e                HardFault_Handler
 .text.MemManage_Handler
                0x0000000008002044        0x6 Core/Src/stm32f4xx_it.o
                0x0000000008002044                MemManage_Handler
 .text.BusFault_Handler
                0x000000000800204a        0x6 Core/Src/stm32f4xx_it.o
                0x000000000800204a                BusFault_Handler
 .text.UsageFault_Handler
                0x0000000008002050        0x6 Core/Src/stm32f4xx_it.o
                0x0000000008002050                UsageFault_Handler
 .text.SVC_Handler
                0x0000000008002056        0xe Core/Src/stm32f4xx_it.o
                0x0000000008002056                SVC_Handler
 .text.DebugMon_Handler
                0x0000000008002064        0xe Core/Src/stm32f4xx_it.o
                0x0000000008002064                DebugMon_Handler
 .text.PendSV_Handler
                0x0000000008002072        0xe Core/Src/stm32f4xx_it.o
                0x0000000008002072                PendSV_Handler
 .text.SysTick_Handler
                0x0000000008002080       0x10 Core/Src/stm32f4xx_it.o
                0x0000000008002080                SysTick_Handler
 .text.TIM7_IRQHandler
                0x0000000008002090       0x14 Core/Src/stm32f4xx_it.o
                0x0000000008002090                TIM7_IRQHandler
 .text.DMA2_Stream0_IRQHandler
                0x00000000080020a4       0x14 Core/Src/stm32f4xx_it.o
                0x00000000080020a4                DMA2_Stream0_IRQHandler
 .text.SystemInit
                0x00000000080020b8       0x2c Core/Src/system_stm32f4xx.o
                0x00000000080020b8                SystemInit
 .text.MX_TIM2_Init
                0x00000000080020e4       0x98 Core/Src/tim.o
                0x00000000080020e4                MX_TIM2_Init
 .text.MX_TIM7_Init
                0x000000000800217c       0x68 Core/Src/tim.o
                0x000000000800217c                MX_TIM7_Init
 .text.HAL_TIM_Base_MspInit
                0x00000000080021e4       0x78 Core/Src/tim.o
                0x00000000080021e4                HAL_TIM_Base_MspInit
 .text.Reset_Handler
                0x000000000800225c       0x50 Core/Startup/startup_stm32f405rgtx.o
                0x000000000800225c                Reset_Handler
 .text.Default_Handler
                0x00000000080022ac        0x2 Core/Startup/startup_stm32f405rgtx.o
                0x00000000080022ac                RTC_Alarm_IRQHandler
                0x00000000080022ac                HASH_RNG_IRQHandler
                0x00000000080022ac                EXTI2_IRQHandler
                0x00000000080022ac                TIM8_CC_IRQHandler
                0x00000000080022ac                TIM1_CC_IRQHandler
                0x00000000080022ac                DMA2_Stream5_IRQHandler
                0x00000000080022ac                DMA1_Stream5_IRQHandler
                0x00000000080022ac                PVD_IRQHandler
                0x00000000080022ac                SDIO_IRQHandler
                0x00000000080022ac                TAMP_STAMP_IRQHandler
                0x00000000080022ac                CAN2_RX1_IRQHandler
                0x00000000080022ac                EXTI3_IRQHandler
                0x00000000080022ac                TIM8_TRG_COM_TIM14_IRQHandler
                0x00000000080022ac                TIM1_UP_TIM10_IRQHandler
                0x00000000080022ac                TIM8_UP_TIM13_IRQHandler
                0x00000000080022ac                I2C3_ER_IRQHandler
                0x00000000080022ac                EXTI0_IRQHandler
                0x00000000080022ac                I2C2_EV_IRQHandler
                0x00000000080022ac                DMA1_Stream2_IRQHandler
                0x00000000080022ac                CAN1_RX0_IRQHandler
                0x00000000080022ac                FPU_IRQHandler
                0x00000000080022ac                OTG_HS_WKUP_IRQHandler
                0x00000000080022ac                CAN2_SCE_IRQHandler
                0x00000000080022ac                DMA2_Stream2_IRQHandler
                0x00000000080022ac                SPI1_IRQHandler
                0x00000000080022ac                TIM6_DAC_IRQHandler
                0x00000000080022ac                TIM1_BRK_TIM9_IRQHandler
                0x00000000080022ac                CAN2_RX0_IRQHandler
                0x00000000080022ac                DMA2_Stream3_IRQHandler
                0x00000000080022ac                USART6_IRQHandler
                0x00000000080022ac                USART3_IRQHandler
                0x00000000080022ac                CAN1_RX1_IRQHandler
                0x00000000080022ac                UART5_IRQHandler
                0x00000000080022ac                TIM4_IRQHandler
                0x00000000080022ac                I2C1_EV_IRQHandler
                0x00000000080022ac                DMA1_Stream6_IRQHandler
                0x00000000080022ac                DMA1_Stream1_IRQHandler
                0x00000000080022ac                UART4_IRQHandler
                0x00000000080022ac                TIM3_IRQHandler
                0x00000000080022ac                RCC_IRQHandler
                0x00000000080022ac                TIM8_BRK_TIM12_IRQHandler
                0x00000000080022ac                Default_Handler
                0x00000000080022ac                EXTI15_10_IRQHandler
                0x00000000080022ac                ADC_IRQHandler
                0x00000000080022ac                DMA1_Stream7_IRQHandler
                0x00000000080022ac                CAN2_TX_IRQHandler
                0x00000000080022ac                TIM5_IRQHandler
                0x00000000080022ac                DMA2_Stream7_IRQHandler
                0x00000000080022ac                I2C3_EV_IRQHandler
                0x00000000080022ac                EXTI9_5_IRQHandler
                0x00000000080022ac                RTC_WKUP_IRQHandler
                0x00000000080022ac                SPI2_IRQHandler
                0x00000000080022ac                OTG_HS_EP1_IN_IRQHandler
                0x00000000080022ac                DMA1_Stream0_IRQHandler
                0x00000000080022ac                CAN1_TX_IRQHandler
                0x00000000080022ac                EXTI4_IRQHandler
                0x00000000080022ac                FSMC_IRQHandler
                0x00000000080022ac                OTG_HS_EP1_OUT_IRQHandler
                0x00000000080022ac                WWDG_IRQHandler
                0x00000000080022ac                TIM2_IRQHandler
                0x00000000080022ac                OTG_FS_WKUP_IRQHandler
                0x00000000080022ac                TIM1_TRG_COM_TIM11_IRQHandler
                0x00000000080022ac                OTG_HS_IRQHandler
                0x00000000080022ac                EXTI1_IRQHandler
                0x00000000080022ac                USART2_IRQHandler
                0x00000000080022ac                I2C2_ER_IRQHandler
                0x00000000080022ac                DMA2_Stream1_IRQHandler
                0x00000000080022ac                CAN1_SCE_IRQHandler
                0x00000000080022ac                FLASH_IRQHandler
                0x00000000080022ac                DMA2_Stream4_IRQHandler
                0x00000000080022ac                USART1_IRQHandler
                0x00000000080022ac                OTG_FS_IRQHandler
                0x00000000080022ac                SPI3_IRQHandler
                0x00000000080022ac                DMA1_Stream4_IRQHandler
                0x00000000080022ac                I2C1_ER_IRQHandler
                0x00000000080022ac                DMA2_Stream6_IRQHandler
                0x00000000080022ac                DMA1_Stream3_IRQHandler
 *fill*         0x00000000080022ae        0x2 
 .text.HAL_Init
                0x00000000080022b0       0x44 Drivers/STM32F4xx_HAL_Driver/Src/stm32f4xx_hal.o
                0x00000000080022b0                HAL_Init
 .text.HAL_InitTick
                0x00000000080022f4       0x60 Drivers/STM32F4xx_HAL_Driver/Src/stm32f4xx_hal.o
                0x00000000080022f4                HAL_InitTick
 .text.HAL_IncTick
                0x0000000008002354       0x28 Drivers/STM32F4xx_HAL_Driver/Src/stm32f4xx_hal.o
                0x0000000008002354                HAL_IncTick
 .text.HAL_GetTick
                0x000000000800237c       0x18 Drivers/STM32F4xx_HAL_Driver/Src/stm32f4xx_hal.o
                0x000000000800237c                HAL_GetTick
 .text.HAL_ADC_Init
                0x0000000008002394       0x86 Drivers/STM32F4xx_HAL_Driver/Src/stm32f4xx_hal_adc.o
                0x0000000008002394                HAL_ADC_Init
 *fill*         0x000000000800241a        0x2 
 .text.HAL_ADC_Start_DMA
                0x000000000800241c      0x1e4 Drivers/STM32F4xx_HAL_Driver/Src/stm32f4xx_hal_adc.o
                0x000000000800241c                HAL_ADC_Start_DMA
 .text.HAL_ADC_ConvCpltCallback
                0x0000000008002600       0x14 Drivers/STM32F4xx_HAL_Driver/Src/stm32f4xx_hal_adc.o
                0x0000000008002600                HAL_ADC_ConvCpltCallback
 .text.HAL_ADC_ConvHalfCpltCallback
                0x0000000008002614       0x14 Drivers/STM32F4xx_HAL_Driver/Src/stm32f4xx_hal_adc.o
                0x0000000008002614                HAL_ADC_ConvHalfCpltCallback
 .text.HAL_ADC_ErrorCallback
                0x0000000008002628       0x14 Drivers/STM32F4xx_HAL_Driver/Src/stm32f4xx_hal_adc.o
                0x0000000008002628                HAL_ADC_ErrorCallback
 .text.HAL_ADC_ConfigChannel
                0x000000000800263c      0x244 Drivers/STM32F4xx_HAL_Driver/Src/stm32f4xx_hal_adc.o
                0x000000000800263c                HAL_ADC_ConfigChannel
 .text.ADC_Init
                0x0000000008002880      0x1f8 Drivers/STM32F4xx_HAL_Driver/Src/stm32f4xx_hal_adc.o
 .text.ADC_DMAConvCplt
                0x0000000008002a78       0xba Drivers/STM32F4xx_HAL_Driver/Src/stm32f4xx_hal_adc.o
 .text.ADC_DMAHalfConvCplt
                0x0000000008002b32       0x1c Drivers/STM32F4xx_HAL_Driver/Src/stm32f4xx_hal_adc.o
 .text.ADC_DMAError
                0x0000000008002b4e       0x2e Drivers/STM32F4xx_HAL_Driver/Src/stm32f4xx_hal_adc.o
 .text.__NVIC_SetPriorityGrouping
                0x0000000008002b7c       0x48 Drivers/STM32F4xx_HAL_Driver/Src/stm32f4xx_hal_cortex.o
 .text.__NVIC_GetPriorityGrouping
                0x0000000008002bc4       0x1c Drivers/STM32F4xx_HAL_Driver/Src/stm32f4xx_hal_cortex.o
 .text.__NVIC_EnableIRQ
                0x0000000008002be0       0x3c Drivers/STM32F4xx_HAL_Driver/Src/stm32f4xx_hal_cortex.o
 .text.__NVIC_SetPriority
                0x0000000008002c1c       0x54 Drivers/STM32F4xx_HAL_Driver/Src/stm32f4xx_hal_cortex.o
 .text.NVIC_EncodePriority
                0x0000000008002c70       0x66 Drivers/STM32F4xx_HAL_Driver/Src/stm32f4xx_hal_cortex.o
 *fill*         0x0000000008002cd6        0x2 
 .text.SysTick_Config
                0x0000000008002cd8       0x44 Drivers/STM32F4xx_HAL_Driver/Src/stm32f4xx_hal_cortex.o
 .text.HAL_NVIC_SetPriorityGrouping
                0x0000000008002d1c       0x16 Drivers/STM32F4xx_HAL_Driver/Src/stm32f4xx_hal_cortex.o
                0x0000000008002d1c                HAL_NVIC_SetPriorityGrouping
 .text.HAL_NVIC_SetPriority
                0x0000000008002d32       0x38 Drivers/STM32F4xx_HAL_Driver/Src/stm32f4xx_hal_cortex.o
                0x0000000008002d32                HAL_NVIC_SetPriority
 .text.HAL_NVIC_EnableIRQ
                0x0000000008002d6a       0x1c Drivers/STM32F4xx_HAL_Driver/Src/stm32f4xx_hal_cortex.o
                0x0000000008002d6a                HAL_NVIC_EnableIRQ
 .text.HAL_SYSTICK_Config
                0x0000000008002d86       0x18 Drivers/STM32F4xx_HAL_Driver/Src/stm32f4xx_hal_cortex.o
                0x0000000008002d86                HAL_SYSTICK_Config
 .text.HAL_DAC_Init
                0x0000000008002d9e       0x44 Drivers/STM32F4xx_HAL_Driver/Src/stm32f4xx_hal_dac.o
                0x0000000008002d9e                HAL_DAC_Init
 .text.HAL_DAC_Start
                0x0000000008002de2       0xcc Drivers/STM32F4xx_HAL_Driver/Src/stm32f4xx_hal_dac.o
                0x0000000008002de2                HAL_DAC_Start
 .text.HAL_DAC_ConfigChannel
                0x0000000008002eae       0x9a Drivers/STM32F4xx_HAL_Driver/Src/stm32f4xx_hal_dac.o
                0x0000000008002eae                HAL_DAC_ConfigChannel
 .text.HAL_DAC_SetValue
                0x0000000008002f48       0x4a Drivers/STM32F4xx_HAL_Driver/Src/stm32f4xx_hal_dac.o
                0x0000000008002f48                HAL_DAC_SetValue
 *fill*         0x0000000008002f92        0x2 
 .text.HAL_DMA_Init
                0x0000000008002f94      0x15c Drivers/STM32F4xx_HAL_Driver/Src/stm32f4xx_hal_dma.o
                0x0000000008002f94                HAL_DMA_Init
 .text.HAL_DMA_Start_IT
                0x00000000080030f0       0xb0 Drivers/STM32F4xx_HAL_Driver/Src/stm32f4xx_hal_dma.o
                0x00000000080030f0                HAL_DMA_Start_IT
 .text.HAL_DMA_IRQHandler
                0x00000000080031a0      0x314 Drivers/STM32F4xx_HAL_Driver/Src/stm32f4xx_hal_dma.o
                0x00000000080031a0                HAL_DMA_IRQHandler
 .text.DMA_SetConfig
                0x00000000080034b4       0x5c Drivers/STM32F4xx_HAL_Driver/Src/stm32f4xx_hal_dma.o
 .text.DMA_CalcBaseAndBitshift
                0x0000000008003510       0x6c Drivers/STM32F4xx_HAL_Driver/Src/stm32f4xx_hal_dma.o
 .text.DMA_CheckFifoParam
                0x000000000800357c       0xf4 Drivers/STM32F4xx_HAL_Driver/Src/stm32f4xx_hal_dma.o
 .text.HAL_GPIO_Init
                0x0000000008003670      0x334 Drivers/STM32F4xx_HAL_Driver/Src/stm32f4xx_hal_gpio.o
                0x0000000008003670                HAL_GPIO_Init
 .text.HAL_GPIO_ReadPin
                0x00000000080039a4       0x30 Drivers/STM32F4xx_HAL_Driver/Src/stm32f4xx_hal_gpio.o
                0x00000000080039a4                HAL_GPIO_ReadPin
 .text.HAL_GPIO_WritePin
                0x00000000080039d4       0x32 Drivers/STM32F4xx_HAL_Driver/Src/stm32f4xx_hal_gpio.o
                0x00000000080039d4                HAL_GPIO_WritePin
 *fill*         0x0000000008003a06        0x2 
 .text.HAL_RCC_OscConfig
                0x0000000008003a08      0x4e0 Drivers/STM32F4xx_HAL_Driver/Src/stm32f4xx_hal_rcc.o
                0x0000000008003a08                HAL_RCC_OscConfig
 .text.HAL_RCC_ClockConfig
                0x0000000008003ee8      0x1cc Drivers/STM32F4xx_HAL_Driver/Src/stm32f4xx_hal_rcc.o
                0x0000000008003ee8                HAL_RCC_ClockConfig
 .text.HAL_RCC_GetSysClockFreq
                0x00000000080040b4      0x1ac Drivers/STM32F4xx_HAL_Driver/Src/stm32f4xx_hal_rcc.o
                0x00000000080040b4                HAL_RCC_GetSysClockFreq
 .text.HAL_TIM_Base_Init
                0x0000000008004260       0x56 Drivers/STM32F4xx_HAL_Driver/Src/stm32f4xx_hal_tim.o
                0x0000000008004260                HAL_TIM_Base_Init
 .text.HAL_TIM_Base_Start
                0x00000000080042b6       0x48 Drivers/STM32F4xx_HAL_Driver/Src/stm32f4xx_hal_tim.o
                0x00000000080042b6                HAL_TIM_Base_Start
 .text.HAL_TIM_Base_Start_IT
                0x00000000080042fe       0x48 Drivers/STM32F4xx_HAL_Driver/Src/stm32f4xx_hal_tim.o
                0x00000000080042fe                HAL_TIM_Base_Start_IT
 .text.HAL_TIM_IRQHandler
                0x0000000008004346      0x210 Drivers/STM32F4xx_HAL_Driver/Src/stm32f4xx_hal_tim.o
                0x0000000008004346                HAL_TIM_IRQHandler
 .text.HAL_TIM_ConfigClockSource
                0x0000000008004556      0x16e Drivers/STM32F4xx_HAL_Driver/Src/stm32f4xx_hal_tim.o
                0x0000000008004556                HAL_TIM_ConfigClockSource
 .text.HAL_TIM_OC_DelayElapsedCallback
                0x00000000080046c4       0x14 Drivers/STM32F4xx_HAL_Driver/Src/stm32f4xx_hal_tim.o
                0x00000000080046c4                HAL_TIM_OC_DelayElapsedCallback
 .text.HAL_TIM_IC_CaptureCallback
                0x00000000080046d8       0x14 Drivers/STM32F4xx_HAL_Driver/Src/stm32f4xx_hal_tim.o
                0x00000000080046d8                HAL_TIM_IC_CaptureCallback
 .text.HAL_TIM_PWM_PulseFinishedCallback
                0x00000000080046ec       0x14 Drivers/STM32F4xx_HAL_Driver/Src/stm32f4xx_hal_tim.o
                0x00000000080046ec                HAL_TIM_PWM_PulseFinishedCallback
 .text.HAL_TIM_TriggerCallback
                0x0000000008004700       0x14 Drivers/STM32F4xx_HAL_Driver/Src/stm32f4xx_hal_tim.o
                0x0000000008004700                HAL_TIM_TriggerCallback
 .text.TIM_Base_SetConfig
                0x0000000008004714      0x140 Drivers/STM32F4xx_HAL_Driver/Src/stm32f4xx_hal_tim.o
                0x0000000008004714                TIM_Base_SetConfig
 .text.TIM_TI1_ConfigInputStage
                0x0000000008004854       0x5e Drivers/STM32F4xx_HAL_Driver/Src/stm32f4xx_hal_tim.o
 .text.TIM_TI2_ConfigInputStage
                0x00000000080048b2       0x60 Drivers/STM32F4xx_HAL_Driver/Src/stm32f4xx_hal_tim.o
 .text.TIM_ITRx_SetConfig
                0x0000000008004912       0x36 Drivers/STM32F4xx_HAL_Driver/Src/stm32f4xx_hal_tim.o
 .text.TIM_ETR_SetConfig
                0x0000000008004948       0x40 Drivers/STM32F4xx_HAL_Driver/Src/stm32f4xx_hal_tim.o
                0x0000000008004948                TIM_ETR_SetConfig
 .text.HAL_TIMEx_MasterConfigSynchronization
                0x0000000008004988       0xf8 Drivers/STM32F4xx_HAL_Driver/Src/stm32f4xx_hal_tim_ex.o
                0x0000000008004988                HAL_TIMEx_MasterConfigSynchronization
 .text.HAL_TIMEx_CommutCallback
                0x0000000008004a80       0x14 Drivers/STM32F4xx_HAL_Driver/Src/stm32f4xx_hal_tim_ex.o
                0x0000000008004a80                HAL_TIMEx_CommutCallback
 .text.HAL_TIMEx_BreakCallback
                0x0000000008004a94       0x14 Drivers/STM32F4xx_HAL_Driver/Src/stm32f4xx_hal_tim_ex.o
                0x0000000008004a94                HAL_TIMEx_BreakCallback
 .text.__errno  0x0000000008004aa8        0xc /opt/st/stm32cubeide_1.3.0/plugins/com.st.stm32cube.ide.mcu.externaltools.gnu-tools-for-stm32.7-2018-q2-update.linux64_1.0.0.201904181610/tools/bin/../lib/gcc/arm-none-eabi/7.3.1/../../../../arm-none-eabi/lib/thumb/v7e-m/fpv4-sp/hard/libc_nano.a(lib_a-errno.o)
                0x0000000008004aa8                __errno
 .text.__libc_init_array
                0x0000000008004ab4       0x48 /opt/st/stm32cubeide_1.3.0/plugins/com.st.stm32cube.ide.mcu.externaltools.gnu-tools-for-stm32.7-2018-q2-update.linux64_1.0.0.201904181610/tools/bin/../lib/gcc/arm-none-eabi/7.3.1/../../../../arm-none-eabi/lib/thumb/v7e-m/fpv4-sp/hard/libc_nano.a(lib_a-init.o)
                0x0000000008004ab4                __libc_init_array
 .text.memset   0x0000000008004afc       0x10 /opt/st/stm32cubeide_1.3.0/plugins/com.st.stm32cube.ide.mcu.externaltools.gnu-tools-for-stm32.7-2018-q2-update.linux64_1.0.0.201904181610/tools/bin/../lib/gcc/arm-none-eabi/7.3.1/../../../../arm-none-eabi/lib/thumb/v7e-m/fpv4-sp/hard/libc_nano.a(lib_a-memset.o)
                0x0000000008004afc                memset
 .text.log      0x0000000008004b0c      0x100 /opt/st/stm32cubeide_1.3.0/plugins/com.st.stm32cube.ide.mcu.externaltools.gnu-tools-for-stm32.7-2018-q2-update.linux64_1.0.0.201904181610/tools/bin/../lib/gcc/arm-none-eabi/7.3.1/../../../../arm-none-eabi/lib/thumb/v7e-m/fpv4-sp/hard/libm.a(lib_a-w_log.o)
                0x0000000008004b0c                log
 .text.pow      0x0000000008004c0c      0x2e0 /opt/st/stm32cubeide_1.3.0/plugins/com.st.stm32cube.ide.mcu.externaltools.gnu-tools-for-stm32.7-2018-q2-update.linux64_1.0.0.201904181610/tools/bin/../lib/gcc/arm-none-eabi/7.3.1/../../../../arm-none-eabi/lib/thumb/v7e-m/fpv4-sp/hard/libm.a(lib_a-w_pow.o)
                0x0000000008004c0c                pow
 *fill*         0x0000000008004eec        0x4 
 .text.__ieee754_log
                0x0000000008004ef0      0x364 /opt/st/stm32cubeide_1.3.0/plugins/com.st.stm32cube.ide.mcu.externaltools.gnu-tools-for-stm32.7-2018-q2-update.linux64_1.0.0.201904181610/tools/bin/../lib/gcc/arm-none-eabi/7.3.1/../../../../arm-none-eabi/lib/thumb/v7e-m/fpv4-sp/hard/libm.a(lib_a-e_log.o)
                0x0000000008004ef0                __ieee754_log
 *fill*         0x0000000008005254        0x4 
 .text.__ieee754_pow
                0x0000000008005258      0xa1c /opt/st/stm32cubeide_1.3.0/plugins/com.st.stm32cube.ide.mcu.externaltools.gnu-tools-for-stm32.7-2018-q2-update.linux64_1.0.0.201904181610/tools/bin/../lib/gcc/arm-none-eabi/7.3.1/../../../../arm-none-eabi/lib/thumb/v7e-m/fpv4-sp/hard/libm.a(lib_a-e_pow.o)
                0x0000000008005258                __ieee754_pow
 .text.__ieee754_sqrt
                0x0000000008005c74      0x160 /opt/st/stm32cubeide_1.3.0/plugins/com.st.stm32cube.ide.mcu.externaltools.gnu-tools-for-stm32.7-2018-q2-update.linux64_1.0.0.201904181610/tools/bin/../lib/gcc/arm-none-eabi/7.3.1/../../../../arm-none-eabi/lib/thumb/v7e-m/fpv4-sp/hard/libm.a(lib_a-e_sqrt.o)
                0x0000000008005c74                __ieee754_sqrt
 .text.fabs     0x0000000008005dd4       0x12 /opt/st/stm32cubeide_1.3.0/plugins/com.st.stm32cube.ide.mcu.externaltools.gnu-tools-for-stm32.7-2018-q2-update.linux64_1.0.0.201904181610/tools/bin/../lib/gcc/arm-none-eabi/7.3.1/../../../../arm-none-eabi/lib/thumb/v7e-m/fpv4-sp/hard/libm.a(lib_a-s_fabs.o)
                0x0000000008005dd4                fabs
 .text.finite   0x0000000008005de6       0x10 /opt/st/stm32cubeide_1.3.0/plugins/com.st.stm32cube.ide.mcu.externaltools.gnu-tools-for-stm32.7-2018-q2-update.linux64_1.0.0.201904181610/tools/bin/../lib/gcc/arm-none-eabi/7.3.1/../../../../arm-none-eabi/lib/thumb/v7e-m/fpv4-sp/hard/libm.a(lib_a-s_finite.o)
                0x0000000008005de6                finite
 .text.matherr  0x0000000008005df6        0x4 /opt/st/stm32cubeide_1.3.0/plugins/com.st.stm32cube.ide.mcu.externaltools.gnu-tools-for-stm32.7-2018-q2-update.linux64_1.0.0.201904181610/tools/bin/../lib/gcc/arm-none-eabi/7.3.1/../../../../arm-none-eabi/lib/thumb/v7e-m/fpv4-sp/hard/libm.a(lib_a-s_matherr.o)
                0x0000000008005df6                matherr
 *fill*         0x0000000008005dfa        0x6 
 .text.nan      0x0000000008005e00       0x10 /opt/st/stm32cubeide_1.3.0/plugins/com.st.stm32cube.ide.mcu.externaltools.gnu-tools-for-stm32.7-2018-q2-update.linux64_1.0.0.201904181610/tools/bin/../lib/gcc/arm-none-eabi/7.3.1/../../../../arm-none-eabi/lib/thumb/v7e-m/fpv4-sp/hard/libm.a(lib_a-s_nan.o)
                0x0000000008005e00                nan
 .text.rint     0x0000000008005e10      0x108 /opt/st/stm32cubeide_1.3.0/plugins/com.st.stm32cube.ide.mcu.externaltools.gnu-tools-for-stm32.7-2018-q2-update.linux64_1.0.0.201904181610/tools/bin/../lib/gcc/arm-none-eabi/7.3.1/../../../../arm-none-eabi/lib/thumb/v7e-m/fpv4-sp/hard/libm.a(lib_a-s_rint.o)
                0x0000000008005e10                rint
 .text.scalbn   0x0000000008005f18       0xec /opt/st/stm32cubeide_1.3.0/plugins/com.st.stm32cube.ide.mcu.externaltools.gnu-tools-for-stm32.7-2018-q2-update.linux64_1.0.0.201904181610/tools/bin/../lib/gcc/arm-none-eabi/7.3.1/../../../../arm-none-eabi/lib/thumb/v7e-m/fpv4-sp/hard/libm.a(lib_a-s_scalbn.o)
                0x0000000008005f18                scalbn
 .text.copysign
                0x0000000008006004       0x1e /opt/st/stm32cubeide_1.3.0/plugins/com.st.stm32cube.ide.mcu.externaltools.gnu-tools-for-stm32.7-2018-q2-update.linux64_1.0.0.201904181610/tools/bin/../lib/gcc/arm-none-eabi/7.3.1/../../../../arm-none-eabi/lib/thumb/v7e-m/fpv4-sp/hard/libm.a(lib_a-s_copysign.o)
                0x0000000008006004                copysign
 *(.glue_7)
 .glue_7        0x0000000008006022        0x0 linker stubs
 *(.glue_7t)
 .glue_7t       0x0000000008006022        0x0 linker stubs
 *(.eh_frame)
 *fill*         0x0000000008006022        0x2 
 .eh_frame      0x0000000008006024        0x0 /opt/st/stm32cubeide_1.3.0/plugins/com.st.stm32cube.ide.mcu.externaltools.gnu-tools-for-stm32.7-2018-q2-update.linux64_1.0.0.201904181610/tools/bin/../lib/gcc/arm-none-eabi/7.3.1/thumb/v7e-m/fpv4-sp/hard/crtbegin.o
 *(.init)
 .init          0x0000000008006024        0x4 /opt/st/stm32cubeide_1.3.0/plugins/com.st.stm32cube.ide.mcu.externaltools.gnu-tools-for-stm32.7-2018-q2-update.linux64_1.0.0.201904181610/tools/bin/../lib/gcc/arm-none-eabi/7.3.1/thumb/v7e-m/fpv4-sp/hard/crti.o
                0x0000000008006024                _init
 .init          0x0000000008006028        0x8 /opt/st/stm32cubeide_1.3.0/plugins/com.st.stm32cube.ide.mcu.externaltools.gnu-tools-for-stm32.7-2018-q2-update.linux64_1.0.0.201904181610/tools/bin/../lib/gcc/arm-none-eabi/7.3.1/thumb/v7e-m/fpv4-sp/hard/crtn.o
 *(.fini)
 .fini          0x0000000008006030        0x4 /opt/st/stm32cubeide_1.3.0/plugins/com.st.stm32cube.ide.mcu.externaltools.gnu-tools-for-stm32.7-2018-q2-update.linux64_1.0.0.201904181610/tools/bin/../lib/gcc/arm-none-eabi/7.3.1/thumb/v7e-m/fpv4-sp/hard/crti.o
                0x0000000008006030                _fini
 .fini          0x0000000008006034        0x8 /opt/st/stm32cubeide_1.3.0/plugins/com.st.stm32cube.ide.mcu.externaltools.gnu-tools-for-stm32.7-2018-q2-update.linux64_1.0.0.201904181610/tools/bin/../lib/gcc/arm-none-eabi/7.3.1/thumb/v7e-m/fpv4-sp/hard/crtn.o
                0x000000000800603c                . = ALIGN (0x4)
                0x000000000800603c                _etext = .

.vfp11_veneer   0x000000000800603c        0x0
 .vfp11_veneer  0x000000000800603c        0x0 linker stubs

.v4_bx          0x000000000800603c        0x0
 .v4_bx         0x000000000800603c        0x0 linker stubs

.iplt           0x000000000800603c        0x0
 .iplt          0x000000000800603c        0x0 /opt/st/stm32cubeide_1.3.0/plugins/com.st.stm32cube.ide.mcu.externaltools.gnu-tools-for-stm32.7-2018-q2-update.linux64_1.0.0.201904181610/tools/bin/../lib/gcc/arm-none-eabi/7.3.1/thumb/v7e-m/fpv4-sp/hard/crtbegin.o

.rodata         0x0000000008006040       0x60
                0x0000000008006040                . = ALIGN (0x4)
 *(.rodata)
 *(.rodata*)
 .rodata.AHBPrescTable
                0x0000000008006040       0x10 Core/Src/system_stm32f4xx.o
                0x0000000008006040                AHBPrescTable
 .rodata.flagBitshiftOffset.8137
                0x0000000008006050        0x8 Drivers/STM32F4xx_HAL_Driver/Src/stm32f4xx_hal_dma.o
 .rodata.log.str1.1
                0x0000000008006058        0x4 /opt/st/stm32cubeide_1.3.0/plugins/com.st.stm32cube.ide.mcu.externaltools.gnu-tools-for-stm32.7-2018-q2-update.linux64_1.0.0.201904181610/tools/bin/../lib/gcc/arm-none-eabi/7.3.1/../../../../arm-none-eabi/lib/thumb/v7e-m/fpv4-sp/hard/libm.a(lib_a-w_log.o)
                                          0x5 (size before relaxing)
 .rodata.pow.str1.1
                0x000000000800605c        0x4 /opt/st/stm32cubeide_1.3.0/plugins/com.st.stm32cube.ide.mcu.externaltools.gnu-tools-for-stm32.7-2018-q2-update.linux64_1.0.0.201904181610/tools/bin/../lib/gcc/arm-none-eabi/7.3.1/../../../../arm-none-eabi/lib/thumb/v7e-m/fpv4-sp/hard/libm.a(lib_a-w_pow.o)
 .rodata.__ieee754_pow.str1.1
                0x0000000008006060        0x1 /opt/st/stm32cubeide_1.3.0/plugins/com.st.stm32cube.ide.mcu.externaltools.gnu-tools-for-stm32.7-2018-q2-update.linux64_1.0.0.201904181610/tools/bin/../lib/gcc/arm-none-eabi/7.3.1/../../../../arm-none-eabi/lib/thumb/v7e-m/fpv4-sp/hard/libm.a(lib_a-e_pow.o)
 .rodata.bp     0x0000000008006060       0x10 /opt/st/stm32cubeide_1.3.0/plugins/com.st.stm32cube.ide.mcu.externaltools.gnu-tools-for-stm32.7-2018-q2-update.linux64_1.0.0.201904181610/tools/bin/../lib/gcc/arm-none-eabi/7.3.1/../../../../arm-none-eabi/lib/thumb/v7e-m/fpv4-sp/hard/libm.a(lib_a-e_pow.o)
 .rodata.dp_h   0x0000000008006070       0x10 /opt/st/stm32cubeide_1.3.0/plugins/com.st.stm32cube.ide.mcu.externaltools.gnu-tools-for-stm32.7-2018-q2-update.linux64_1.0.0.201904181610/tools/bin/../lib/gcc/arm-none-eabi/7.3.1/../../../../arm-none-eabi/lib/thumb/v7e-m/fpv4-sp/hard/libm.a(lib_a-e_pow.o)
 .rodata.dp_l   0x0000000008006080       0x10 /opt/st/stm32cubeide_1.3.0/plugins/com.st.stm32cube.ide.mcu.externaltools.gnu-tools-for-stm32.7-2018-q2-update.linux64_1.0.0.201904181610/tools/bin/../lib/gcc/arm-none-eabi/7.3.1/../../../../arm-none-eabi/lib/thumb/v7e-m/fpv4-sp/hard/libm.a(lib_a-e_pow.o)
 .rodata.TWO52  0x0000000008006090       0x10 /opt/st/stm32cubeide_1.3.0/plugins/com.st.stm32cube.ide.mcu.externaltools.gnu-tools-for-stm32.7-2018-q2-update.linux64_1.0.0.201904181610/tools/bin/../lib/gcc/arm-none-eabi/7.3.1/../../../../arm-none-eabi/lib/thumb/v7e-m/fpv4-sp/hard/libm.a(lib_a-s_rint.o)
                0x00000000080060a0                . = ALIGN (0x4)

.ARM.extab      0x00000000080060a0        0x0
                0x00000000080060a0                . = ALIGN (0x4)
 *(.ARM.extab* .gnu.linkonce.armextab.*)
                0x00000000080060a0                . = ALIGN (0x4)

.ARM            0x00000000080060a0        0x8
                0x00000000080060a0                . = ALIGN (0x4)
                0x00000000080060a0                __exidx_start = .
 *(.ARM.exidx*)
 .ARM.exidx     0x00000000080060a0        0x8 /opt/st/stm32cubeide_1.3.0/plugins/com.st.stm32cube.ide.mcu.externaltools.gnu-tools-for-stm32.7-2018-q2-update.linux64_1.0.0.201904181610/tools/bin/../lib/gcc/arm-none-eabi/7.3.1/thumb/v7e-m/fpv4-sp/hard/libgcc.a(_udivmoddi4.o)
                0x00000000080060a8                __exidx_end = .
                0x00000000080060a8                . = ALIGN (0x4)

.rel.dyn        0x00000000080060a8        0x0
 .rel.iplt      0x00000000080060a8        0x0 /opt/st/stm32cubeide_1.3.0/plugins/com.st.stm32cube.ide.mcu.externaltools.gnu-tools-for-stm32.7-2018-q2-update.linux64_1.0.0.201904181610/tools/bin/../lib/gcc/arm-none-eabi/7.3.1/thumb/v7e-m/fpv4-sp/hard/crtbegin.o

.preinit_array  0x00000000080060a8        0x0
                0x00000000080060a8                . = ALIGN (0x4)
                0x00000000080060a8                PROVIDE (__preinit_array_start = .)
 *(.preinit_array*)
                0x00000000080060a8                PROVIDE (__preinit_array_end = .)
                0x00000000080060a8                . = ALIGN (0x4)

.init_array     0x00000000080060a8        0x4
                0x00000000080060a8                . = ALIGN (0x4)
                0x00000000080060a8                PROVIDE (__init_array_start = .)
 *(SORT_BY_NAME(.init_array.*))
 *(.init_array*)
 .init_array    0x00000000080060a8        0x4 /opt/st/stm32cubeide_1.3.0/plugins/com.st.stm32cube.ide.mcu.externaltools.gnu-tools-for-stm32.7-2018-q2-update.linux64_1.0.0.201904181610/tools/bin/../lib/gcc/arm-none-eabi/7.3.1/thumb/v7e-m/fpv4-sp/hard/crtbegin.o
                0x00000000080060ac                PROVIDE (__init_array_end = .)
                0x00000000080060ac                . = ALIGN (0x4)

.fini_array     0x00000000080060ac        0x4
                0x00000000080060ac                . = ALIGN (0x4)
                [!provide]                        PROVIDE (__fini_array_start = .)
 *(SORT_BY_NAME(.fini_array.*))
 *(.fini_array*)
 .fini_array    0x00000000080060ac        0x4 /opt/st/stm32cubeide_1.3.0/plugins/com.st.stm32cube.ide.mcu.externaltools.gnu-tools-for-stm32.7-2018-q2-update.linux64_1.0.0.201904181610/tools/bin/../lib/gcc/arm-none-eabi/7.3.1/thumb/v7e-m/fpv4-sp/hard/crtbegin.o
                [!provide]                        PROVIDE (__fini_array_end = .)
                0x00000000080060b0                . = ALIGN (0x4)
                0x00000000080060b0                _sidata = LOADADDR (.data)

.data           0x0000000020000000      0x104 load address 0x00000000080060b0
                0x0000000020000000                . = ALIGN (0x4)
                0x0000000020000000                _sdata = .
 *(.data)
 *(.data*)
 .data.gate_input
                0x0000000020000000       0x30 Core/Src/main.o
                0x0000000020000000                gate_input
 .data.trigger_input
                0x0000000020000030       0x30 Core/Src/main.o
                0x0000000020000030                trigger_input
 .data.range_switch
                0x0000000020000060       0x30 Core/Src/main.o
                0x0000000020000060                range_switch
 .data.SystemCoreClock
                0x0000000020000090        0x4 Core/Src/system_stm32f4xx.o
                0x0000000020000090                SystemCoreClock
 .data.uwTickPrio
                0x0000000020000094        0x4 Drivers/STM32F4xx_HAL_Driver/Src/stm32f4xx_hal.o
                0x0000000020000094                uwTickPrio
 .data.uwTickFreq
                0x0000000020000098        0x1 Drivers/STM32F4xx_HAL_Driver/Src/stm32f4xx_hal.o
                0x0000000020000098                uwTickFreq
 *fill*         0x0000000020000099        0x3 
 .data._impure_ptr
                0x000000002000009c        0x4 /opt/st/stm32cubeide_1.3.0/plugins/com.st.stm32cube.ide.mcu.externaltools.gnu-tools-for-stm32.7-2018-q2-update.linux64_1.0.0.201904181610/tools/bin/../lib/gcc/arm-none-eabi/7.3.1/../../../../arm-none-eabi/lib/thumb/v7e-m/fpv4-sp/hard/libc_nano.a(lib_a-impure.o)
                0x000000002000009c                _impure_ptr
 .data.impure_data
                0x00000000200000a0       0x60 /opt/st/stm32cubeide_1.3.0/plugins/com.st.stm32cube.ide.mcu.externaltools.gnu-tools-for-stm32.7-2018-q2-update.linux64_1.0.0.201904181610/tools/bin/../lib/gcc/arm-none-eabi/7.3.1/../../../../arm-none-eabi/lib/thumb/v7e-m/fpv4-sp/hard/libc_nano.a(lib_a-impure.o)
 .data.__fdlib_version
                0x0000000020000100        0x1 /opt/st/stm32cubeide_1.3.0/plugins/com.st.stm32cube.ide.mcu.externaltools.gnu-tools-for-stm32.7-2018-q2-update.linux64_1.0.0.201904181610/tools/bin/../lib/gcc/arm-none-eabi/7.3.1/../../../../arm-none-eabi/lib/thumb/v7e-m/fpv4-sp/hard/libm.a(lib_a-s_lib_ver.o)
                0x0000000020000100                __fdlib_version
                0x0000000020000104                . = ALIGN (0x4)
 *fill*         0x0000000020000101        0x3 
                0x0000000020000104                _edata = .

.igot.plt       0x0000000020000104        0x0 load address 0x00000000080061b4
 .igot.plt      0x0000000020000104        0x0 /opt/st/stm32cubeide_1.3.0/plugins/com.st.stm32cube.ide.mcu.externaltools.gnu-tools-for-stm32.7-2018-q2-update.linux64_1.0.0.201904181610/tools/bin/../lib/gcc/arm-none-eabi/7.3.1/thumb/v7e-m/fpv4-sp/hard/crtbegin.o
                0x0000000020000104                . = ALIGN (0x4)

.bss            0x0000000020000104      0x9f8 load address 0x00000000080061b4
                0x0000000020000104                _sbss = .
                0x0000000020000104                __bss_start__ = _sbss
 *(.bss)
 .bss           0x0000000020000104       0x1c /opt/st/stm32cubeide_1.3.0/plugins/com.st.stm32cube.ide.mcu.externaltools.gnu-tools-for-stm32.7-2018-q2-update.linux64_1.0.0.201904181610/tools/bin/../lib/gcc/arm-none-eabi/7.3.1/thumb/v7e-m/fpv4-sp/hard/crtbegin.o
 *(.bss*)
 .bss.ADSR_ATTACK_TABLE
                0x0000000020000120      0x400 Core/ADSR_lib/ADSR.o
 .bss.ADSR_DECAY_TABLE
                0x0000000020000520      0x400 Core/ADSR_lib/ADSR.o
 *(COMMON)
 COMMON         0x0000000020000920       0xa8 Core/Src/adc.o
                0x0000000020000920                hadc1
                0x0000000020000968                hdma_adc1
 COMMON         0x00000000200009c8       0x14 Core/Src/dac.o
                0x00000000200009c8                hdac
 COMMON         0x00000000200009dc       0x9c Core/Src/main.o
                0x00000000200009dc                adsr_range
                0x00000000200009e0                raw_potentiometer_reading
                0x0000000020000a00                scaled_potentiometer_reading
                0x0000000020000a20                adsr
 COMMON         0x0000000020000a78       0x80 Core/Src/tim.o
                0x0000000020000a78                htim2
                0x0000000020000ab8                htim7
 COMMON         0x0000000020000af8        0x4 Drivers/STM32F4xx_HAL_Driver/Src/stm32f4xx_hal.o
                0x0000000020000af8                uwTick
                0x0000000020000afc                . = ALIGN (0x4)
                0x0000000020000afc                _ebss = .
                0x0000000020000afc                __bss_end__ = _ebss

._user_heap_stack
                0x0000000020000afc      0x604 load address 0x00000000080061b4
                0x0000000020000b00                . = ALIGN (0x8)
 *fill*         0x0000000020000afc        0x4 
                0x0000000020000b00                PROVIDE (end = .)
                [!provide]                        PROVIDE (_end = .)
                0x0000000020000d00                . = (. + _Min_Heap_Size)
 *fill*         0x0000000020000b00      0x200 
                0x0000000020001100                . = (. + _Min_Stack_Size)
 *fill*         0x0000000020000d00      0x400 
                0x0000000020001100                . = ALIGN (0x8)

/DISCARD/
 libc.a(*)
 libm.a(*)
 libgcc.a(*)

.ARM.attributes
                0x0000000000000000       0x30
 *(.ARM.attributes)
 .ARM.attributes
                0x0000000000000000       0x22 /opt/st/stm32cubeide_1.3.0/plugins/com.st.stm32cube.ide.mcu.externaltools.gnu-tools-for-stm32.7-2018-q2-update.linux64_1.0.0.201904181610/tools/bin/../lib/gcc/arm-none-eabi/7.3.1/thumb/v7e-m/fpv4-sp/hard/crti.o
 .ARM.attributes
                0x0000000000000022       0x34 /opt/st/stm32cubeide_1.3.0/plugins/com.st.stm32cube.ide.mcu.externaltools.gnu-tools-for-stm32.7-2018-q2-update.linux64_1.0.0.201904181610/tools/bin/../lib/gcc/arm-none-eabi/7.3.1/thumb/v7e-m/fpv4-sp/hard/crtbegin.o
 .ARM.attributes
                0x0000000000000056       0x39 Core/ADSR_lib/ADSR.o
 .ARM.attributes
                0x000000000000008f       0x39 Core/Discrete_Input_lib/Discrete_Input.o
 .ARM.attributes
                0x00000000000000c8       0x39 Core/Src/adc.o
 .ARM.attributes
                0x0000000000000101       0x39 Core/Src/dac.o
 .ARM.attributes
                0x000000000000013a       0x39 Core/Src/dma.o
 .ARM.attributes
                0x0000000000000173       0x39 Core/Src/gpio.o
 .ARM.attributes
                0x00000000000001ac       0x39 Core/Src/main.o
 .ARM.attributes
                0x00000000000001e5       0x39 Core/Src/stm32f4xx_hal_msp.o
 .ARM.attributes
                0x000000000000021e       0x39 Core/Src/stm32f4xx_it.o
 .ARM.attributes
                0x0000000000000257       0x39 Core/Src/system_stm32f4xx.o
 .ARM.attributes
                0x0000000000000290       0x39 Core/Src/tim.o
 .ARM.attributes
                0x00000000000002c9       0x21 Core/Startup/startup_stm32f405rgtx.o
 .ARM.attributes
                0x00000000000002ea       0x39 Drivers/STM32F4xx_HAL_Driver/Src/stm32f4xx_hal.o
 .ARM.attributes
                0x0000000000000323       0x39 Drivers/STM32F4xx_HAL_Driver/Src/stm32f4xx_hal_adc.o
 .ARM.attributes
                0x000000000000035c       0x39 Drivers/STM32F4xx_HAL_Driver/Src/stm32f4xx_hal_cortex.o
 .ARM.attributes
                0x0000000000000395       0x39 Drivers/STM32F4xx_HAL_Driver/Src/stm32f4xx_hal_dac.o
 .ARM.attributes
                0x00000000000003ce       0x39 Drivers/STM32F4xx_HAL_Driver/Src/stm32f4xx_hal_dma.o
 .ARM.attributes
                0x0000000000000407       0x39 Drivers/STM32F4xx_HAL_Driver/Src/stm32f4xx_hal_gpio.o
 .ARM.attributes
                0x0000000000000440       0x39 Drivers/STM32F4xx_HAL_Driver/Src/stm32f4xx_hal_rcc.o
 .ARM.attributes
                0x0000000000000479       0x39 Drivers/STM32F4xx_HAL_Driver/Src/stm32f4xx_hal_tim.o
 .ARM.attributes
                0x00000000000004b2       0x39 Drivers/STM32F4xx_HAL_Driver/Src/stm32f4xx_hal_tim_ex.o
 .ARM.attributes
                0x00000000000004eb       0x34 /opt/st/stm32cubeide_1.3.0/plugins/com.st.stm32cube.ide.mcu.externaltools.gnu-tools-for-stm32.7-2018-q2-update.linux64_1.0.0.201904181610/tools/bin/../lib/gcc/arm-none-eabi/7.3.1/../../../../arm-none-eabi/lib/thumb/v7e-m/fpv4-sp/hard/libc_nano.a(lib_a-errno.o)
 .ARM.attributes
                0x000000000000051f       0x34 /opt/st/stm32cubeide_1.3.0/plugins/com.st.stm32cube.ide.mcu.externaltools.gnu-tools-for-stm32.7-2018-q2-update.linux64_1.0.0.201904181610/tools/bin/../lib/gcc/arm-none-eabi/7.3.1/../../../../arm-none-eabi/lib/thumb/v7e-m/fpv4-sp/hard/libc_nano.a(lib_a-impure.o)
 .ARM.attributes
                0x0000000000000553       0x34 /opt/st/stm32cubeide_1.3.0/plugins/com.st.stm32cube.ide.mcu.externaltools.gnu-tools-for-stm32.7-2018-q2-update.linux64_1.0.0.201904181610/tools/bin/../lib/gcc/arm-none-eabi/7.3.1/../../../../arm-none-eabi/lib/thumb/v7e-m/fpv4-sp/hard/libc_nano.a(lib_a-init.o)
 .ARM.attributes
                0x0000000000000587       0x34 /opt/st/stm32cubeide_1.3.0/plugins/com.st.stm32cube.ide.mcu.externaltools.gnu-tools-for-stm32.7-2018-q2-update.linux64_1.0.0.201904181610/tools/bin/../lib/gcc/arm-none-eabi/7.3.1/../../../../arm-none-eabi/lib/thumb/v7e-m/fpv4-sp/hard/libc_nano.a(lib_a-memset.o)
 .ARM.attributes
                0x00000000000005bb       0x34 /opt/st/stm32cubeide_1.3.0/plugins/com.st.stm32cube.ide.mcu.externaltools.gnu-tools-for-stm32.7-2018-q2-update.linux64_1.0.0.201904181610/tools/bin/../lib/gcc/arm-none-eabi/7.3.1/../../../../arm-none-eabi/lib/thumb/v7e-m/fpv4-sp/hard/libm.a(lib_a-w_log.o)
 .ARM.attributes
                0x00000000000005ef       0x34 /opt/st/stm32cubeide_1.3.0/plugins/com.st.stm32cube.ide.mcu.externaltools.gnu-tools-for-stm32.7-2018-q2-update.linux64_1.0.0.201904181610/tools/bin/../lib/gcc/arm-none-eabi/7.3.1/../../../../arm-none-eabi/lib/thumb/v7e-m/fpv4-sp/hard/libm.a(lib_a-w_pow.o)
 .ARM.attributes
                0x0000000000000623       0x34 /opt/st/stm32cubeide_1.3.0/plugins/com.st.stm32cube.ide.mcu.externaltools.gnu-tools-for-stm32.7-2018-q2-update.linux64_1.0.0.201904181610/tools/bin/../lib/gcc/arm-none-eabi/7.3.1/../../../../arm-none-eabi/lib/thumb/v7e-m/fpv4-sp/hard/libm.a(lib_a-e_log.o)
 .ARM.attributes
                0x0000000000000657       0x34 /opt/st/stm32cubeide_1.3.0/plugins/com.st.stm32cube.ide.mcu.externaltools.gnu-tools-for-stm32.7-2018-q2-update.linux64_1.0.0.201904181610/tools/bin/../lib/gcc/arm-none-eabi/7.3.1/../../../../arm-none-eabi/lib/thumb/v7e-m/fpv4-sp/hard/libm.a(lib_a-e_pow.o)
 .ARM.attributes
                0x000000000000068b       0x34 /opt/st/stm32cubeide_1.3.0/plugins/com.st.stm32cube.ide.mcu.externaltools.gnu-tools-for-stm32.7-2018-q2-update.linux64_1.0.0.201904181610/tools/bin/../lib/gcc/arm-none-eabi/7.3.1/../../../../arm-none-eabi/lib/thumb/v7e-m/fpv4-sp/hard/libm.a(lib_a-e_sqrt.o)
 .ARM.attributes
                0x00000000000006bf       0x34 /opt/st/stm32cubeide_1.3.0/plugins/com.st.stm32cube.ide.mcu.externaltools.gnu-tools-for-stm32.7-2018-q2-update.linux64_1.0.0.201904181610/tools/bin/../lib/gcc/arm-none-eabi/7.3.1/../../../../arm-none-eabi/lib/thumb/v7e-m/fpv4-sp/hard/libm.a(lib_a-s_fabs.o)
 .ARM.attributes
                0x00000000000006f3       0x34 /opt/st/stm32cubeide_1.3.0/plugins/com.st.stm32cube.ide.mcu.externaltools.gnu-tools-for-stm32.7-2018-q2-update.linux64_1.0.0.201904181610/tools/bin/../lib/gcc/arm-none-eabi/7.3.1/../../../../arm-none-eabi/lib/thumb/v7e-m/fpv4-sp/hard/libm.a(lib_a-s_finite.o)
 .ARM.attributes
                0x0000000000000727       0x34 /opt/st/stm32cubeide_1.3.0/plugins/com.st.stm32cube.ide.mcu.externaltools.gnu-tools-for-stm32.7-2018-q2-update.linux64_1.0.0.201904181610/tools/bin/../lib/gcc/arm-none-eabi/7.3.1/../../../../arm-none-eabi/lib/thumb/v7e-m/fpv4-sp/hard/libm.a(lib_a-s_lib_ver.o)
 .ARM.attributes
                0x000000000000075b       0x34 /opt/st/stm32cubeide_1.3.0/plugins/com.st.stm32cube.ide.mcu.externaltools.gnu-tools-for-stm32.7-2018-q2-update.linux64_1.0.0.201904181610/tools/bin/../lib/gcc/arm-none-eabi/7.3.1/../../../../arm-none-eabi/lib/thumb/v7e-m/fpv4-sp/hard/libm.a(lib_a-s_matherr.o)
 .ARM.attributes
                0x000000000000078f       0x34 /opt/st/stm32cubeide_1.3.0/plugins/com.st.stm32cube.ide.mcu.externaltools.gnu-tools-for-stm32.7-2018-q2-update.linux64_1.0.0.201904181610/tools/bin/../lib/gcc/arm-none-eabi/7.3.1/../../../../arm-none-eabi/lib/thumb/v7e-m/fpv4-sp/hard/libm.a(lib_a-s_nan.o)
 .ARM.attributes
                0x00000000000007c3       0x34 /opt/st/stm32cubeide_1.3.0/plugins/com.st.stm32cube.ide.mcu.externaltools.gnu-tools-for-stm32.7-2018-q2-update.linux64_1.0.0.201904181610/tools/bin/../lib/gcc/arm-none-eabi/7.3.1/../../../../arm-none-eabi/lib/thumb/v7e-m/fpv4-sp/hard/libm.a(lib_a-s_rint.o)
 .ARM.attributes
                0x00000000000007f7       0x34 /opt/st/stm32cubeide_1.3.0/plugins/com.st.stm32cube.ide.mcu.externaltools.gnu-tools-for-stm32.7-2018-q2-update.linux64_1.0.0.201904181610/tools/bin/../lib/gcc/arm-none-eabi/7.3.1/../../../../arm-none-eabi/lib/thumb/v7e-m/fpv4-sp/hard/libm.a(lib_a-s_scalbn.o)
 .ARM.attributes
                0x000000000000082b       0x34 /opt/st/stm32cubeide_1.3.0/plugins/com.st.stm32cube.ide.mcu.externaltools.gnu-tools-for-stm32.7-2018-q2-update.linux64_1.0.0.201904181610/tools/bin/../lib/gcc/arm-none-eabi/7.3.1/../../../../arm-none-eabi/lib/thumb/v7e-m/fpv4-sp/hard/libm.a(lib_a-s_copysign.o)
 .ARM.attributes
                0x000000000000085f       0x22 /opt/st/stm32cubeide_1.3.0/plugins/com.st.stm32cube.ide.mcu.externaltools.gnu-tools-for-stm32.7-2018-q2-update.linux64_1.0.0.201904181610/tools/bin/../lib/gcc/arm-none-eabi/7.3.1/thumb/v7e-m/fpv4-sp/hard/libgcc.a(_arm_addsubdf3.o)
 .ARM.attributes
                0x0000000000000881       0x22 /opt/st/stm32cubeide_1.3.0/plugins/com.st.stm32cube.ide.mcu.externaltools.gnu-tools-for-stm32.7-2018-q2-update.linux64_1.0.0.201904181610/tools/bin/../lib/gcc/arm-none-eabi/7.3.1/thumb/v7e-m/fpv4-sp/hard/libgcc.a(_arm_muldivdf3.o)
 .ARM.attributes
                0x00000000000008a3       0x22 /opt/st/stm32cubeide_1.3.0/plugins/com.st.stm32cube.ide.mcu.externaltools.gnu-tools-for-stm32.7-2018-q2-update.linux64_1.0.0.201904181610/tools/bin/../lib/gcc/arm-none-eabi/7.3.1/thumb/v7e-m/fpv4-sp/hard/libgcc.a(_arm_cmpdf2.o)
 .ARM.attributes
                0x00000000000008c5       0x22 /opt/st/stm32cubeide_1.3.0/plugins/com.st.stm32cube.ide.mcu.externaltools.gnu-tools-for-stm32.7-2018-q2-update.linux64_1.0.0.201904181610/tools/bin/../lib/gcc/arm-none-eabi/7.3.1/thumb/v7e-m/fpv4-sp/hard/libgcc.a(_arm_unorddf2.o)
 .ARM.attributes
                0x00000000000008e7       0x22 /opt/st/stm32cubeide_1.3.0/plugins/com.st.stm32cube.ide.mcu.externaltools.gnu-tools-for-stm32.7-2018-q2-update.linux64_1.0.0.201904181610/tools/bin/../lib/gcc/arm-none-eabi/7.3.1/thumb/v7e-m/fpv4-sp/hard/libgcc.a(_arm_fixunsdfsi.o)
 .ARM.attributes
                0x0000000000000909       0x22 /opt/st/stm32cubeide_1.3.0/plugins/com.st.stm32cube.ide.mcu.externaltools.gnu-tools-for-stm32.7-2018-q2-update.linux64_1.0.0.201904181610/tools/bin/../lib/gcc/arm-none-eabi/7.3.1/thumb/v7e-m/fpv4-sp/hard/libgcc.a(_aeabi_uldivmod.o)
 .ARM.attributes
                0x000000000000092b       0x34 /opt/st/stm32cubeide_1.3.0/plugins/com.st.stm32cube.ide.mcu.externaltools.gnu-tools-for-stm32.7-2018-q2-update.linux64_1.0.0.201904181610/tools/bin/../lib/gcc/arm-none-eabi/7.3.1/thumb/v7e-m/fpv4-sp/hard/libgcc.a(_udivmoddi4.o)
 .ARM.attributes
                0x000000000000095f       0x22 /opt/st/stm32cubeide_1.3.0/plugins/com.st.stm32cube.ide.mcu.externaltools.gnu-tools-for-stm32.7-2018-q2-update.linux64_1.0.0.201904181610/tools/bin/../lib/gcc/arm-none-eabi/7.3.1/thumb/v7e-m/fpv4-sp/hard/libgcc.a(_dvmd_tls.o)
 .ARM.attributes
                0x0000000000000981       0x22 /opt/st/stm32cubeide_1.3.0/plugins/com.st.stm32cube.ide.mcu.externaltools.gnu-tools-for-stm32.7-2018-q2-update.linux64_1.0.0.201904181610/tools/bin/../lib/gcc/arm-none-eabi/7.3.1/thumb/v7e-m/fpv4-sp/hard/crtn.o
OUTPUT(f405_dual_ADSR.elf elf32-littlearm)

.debug_info     0x0000000000000000     0xdb3f
 .debug_info    0x0000000000000000      0x56a Core/ADSR_lib/ADSR.o
 .debug_info    0x000000000000056a      0x37f Core/Discrete_Input_lib/Discrete_Input.o
 .debug_info    0x00000000000008e9      0xa0d Core/Src/adc.o
 .debug_info    0x00000000000012f6      0x8f7 Core/Src/dac.o
 .debug_info    0x0000000000001bed      0x558 Core/Src/dma.o
 .debug_info    0x0000000000002145      0x4c8 Core/Src/gpio.o
 .debug_info    0x000000000000260d     0x1b34 Core/Src/main.o
 .debug_info    0x0000000000004141      0x362 Core/Src/stm32f4xx_hal_msp.o
 .debug_info    0x00000000000044a3      0x707 Core/Src/stm32f4xx_it.o
 .debug_info    0x0000000000004baa      0x554 Core/Src/system_stm32f4xx.o
 .debug_info    0x00000000000050fe      0xb8d Core/Src/tim.o
 .debug_info    0x0000000000005c8b       0x22 Core/Startup/startup_stm32f405rgtx.o
 .debug_info    0x0000000000005cad      0x933 Drivers/STM32F4xx_HAL_Driver/Src/stm32f4xx_hal.o
 .debug_info    0x00000000000065e0      0xcee Drivers/STM32F4xx_HAL_Driver/Src/stm32f4xx_hal_adc.o
 .debug_info    0x00000000000072ce      0xe16 Drivers/STM32F4xx_HAL_Driver/Src/stm32f4xx_hal_cortex.o
 .debug_info    0x00000000000080e4      0xa3a Drivers/STM32F4xx_HAL_Driver/Src/stm32f4xx_hal_dac.o
 .debug_info    0x0000000000008b1e      0x968 Drivers/STM32F4xx_HAL_Driver/Src/stm32f4xx_hal_dma.o
 .debug_info    0x0000000000009486      0x7b5 Drivers/STM32F4xx_HAL_Driver/Src/stm32f4xx_hal_gpio.o
 .debug_info    0x0000000000009c3b      0x904 Drivers/STM32F4xx_HAL_Driver/Src/stm32f4xx_hal_rcc.o
 .debug_info    0x000000000000a53f     0x24a9 Drivers/STM32F4xx_HAL_Driver/Src/stm32f4xx_hal_tim.o
 .debug_info    0x000000000000c9e8     0x1157 Drivers/STM32F4xx_HAL_Driver/Src/stm32f4xx_hal_tim_ex.o

.debug_abbrev   0x0000000000000000     0x2356
 .debug_abbrev  0x0000000000000000      0x18b Core/ADSR_lib/ADSR.o
 .debug_abbrev  0x000000000000018b      0x140 Core/Discrete_Input_lib/Discrete_Input.o
 .debug_abbrev  0x00000000000002cb      0x1aa Core/Src/adc.o
 .debug_abbrev  0x0000000000000475      0x199 Core/Src/dac.o
 .debug_abbrev  0x000000000000060e      0x107 Core/Src/dma.o
 .debug_abbrev  0x0000000000000715      0x134 Core/Src/gpio.o
 .debug_abbrev  0x0000000000000849      0x29a Core/Src/main.o
 .debug_abbrev  0x0000000000000ae3      0x109 Core/Src/stm32f4xx_hal_msp.o
 .debug_abbrev  0x0000000000000bec      0x15a Core/Src/stm32f4xx_it.o
 .debug_abbrev  0x0000000000000d46      0x12b Core/Src/system_stm32f4xx.o
 .debug_abbrev  0x0000000000000e71      0x1a4 Core/Src/tim.o
 .debug_abbrev  0x0000000000001015       0x12 Core/Startup/startup_stm32f405rgtx.o
 .debug_abbrev  0x0000000000001027      0x1c7 Drivers/STM32F4xx_HAL_Driver/Src/stm32f4xx_hal.o
 .debug_abbrev  0x00000000000011ee      0x205 Drivers/STM32F4xx_HAL_Driver/Src/stm32f4xx_hal_adc.o
 .debug_abbrev  0x00000000000013f3      0x2fa Drivers/STM32F4xx_HAL_Driver/Src/stm32f4xx_hal_cortex.o
 .debug_abbrev  0x00000000000016ed      0x1e4 Drivers/STM32F4xx_HAL_Driver/Src/stm32f4xx_hal_dac.o
 .debug_abbrev  0x00000000000018d1      0x229 Drivers/STM32F4xx_HAL_Driver/Src/stm32f4xx_hal_dma.o
 .debug_abbrev  0x0000000000001afa      0x1c9 Drivers/STM32F4xx_HAL_Driver/Src/stm32f4xx_hal_gpio.o
 .debug_abbrev  0x0000000000001cc3      0x245 Drivers/STM32F4xx_HAL_Driver/Src/stm32f4xx_hal_rcc.o
 .debug_abbrev  0x0000000000001f08      0x230 Drivers/STM32F4xx_HAL_Driver/Src/stm32f4xx_hal_tim.o
 .debug_abbrev  0x0000000000002138      0x21e Drivers/STM32F4xx_HAL_Driver/Src/stm32f4xx_hal_tim_ex.o

.debug_aranges  0x0000000000000000      0xcd0
 .debug_aranges
                0x0000000000000000       0x70 Core/ADSR_lib/ADSR.o
 .debug_aranges
                0x0000000000000070       0x20 Core/Discrete_Input_lib/Discrete_Input.o
 .debug_aranges
                0x0000000000000090       0x30 Core/Src/adc.o
 .debug_aranges
                0x00000000000000c0       0x30 Core/Src/dac.o
 .debug_aranges
                0x00000000000000f0       0x20 Core/Src/dma.o
 .debug_aranges
                0x0000000000000110       0x20 Core/Src/gpio.o
 .debug_aranges
                0x0000000000000130       0x70 Core/Src/main.o
 .debug_aranges
                0x00000000000001a0       0x20 Core/Src/stm32f4xx_hal_msp.o
 .debug_aranges
                0x00000000000001c0       0x70 Core/Src/stm32f4xx_it.o
 .debug_aranges
                0x0000000000000230       0x28 Core/Src/system_stm32f4xx.o
 .debug_aranges
                0x0000000000000258       0x38 Core/Src/tim.o
 .debug_aranges
                0x0000000000000290       0x28 Core/Startup/startup_stm32f405rgtx.o
 .debug_aranges
                0x00000000000002b8       0xf0 Drivers/STM32F4xx_HAL_Driver/Src/stm32f4xx_hal.o
 .debug_aranges
                0x00000000000003a8       0xe8 Drivers/STM32F4xx_HAL_Driver/Src/stm32f4xx_hal_adc.o
 .debug_aranges
                0x0000000000000490      0x118 Drivers/STM32F4xx_HAL_Driver/Src/stm32f4xx_hal_cortex.o
 .debug_aranges
                0x00000000000005a8       0xc0 Drivers/STM32F4xx_HAL_Driver/Src/stm32f4xx_hal_dac.o
 .debug_aranges
                0x0000000000000668       0x90 Drivers/STM32F4xx_HAL_Driver/Src/stm32f4xx_hal_dma.o
 .debug_aranges
                0x00000000000006f8       0x58 Drivers/STM32F4xx_HAL_Driver/Src/stm32f4xx_hal_gpio.o
 .debug_aranges
                0x0000000000000750       0x88 Drivers/STM32F4xx_HAL_Driver/Src/stm32f4xx_hal_rcc.o
 .debug_aranges
                0x00000000000007d8      0x3a8 Drivers/STM32F4xx_HAL_Driver/Src/stm32f4xx_hal_tim.o
 .debug_aranges
                0x0000000000000b80      0x150 Drivers/STM32F4xx_HAL_Driver/Src/stm32f4xx_hal_tim_ex.o

.debug_ranges   0x0000000000000000      0xb88
 .debug_ranges  0x0000000000000000       0x60 Core/ADSR_lib/ADSR.o
 .debug_ranges  0x0000000000000060       0x10 Core/Discrete_Input_lib/Discrete_Input.o
 .debug_ranges  0x0000000000000070       0x20 Core/Src/adc.o
 .debug_ranges  0x0000000000000090       0x20 Core/Src/dac.o
 .debug_ranges  0x00000000000000b0       0x10 Core/Src/dma.o
 .debug_ranges  0x00000000000000c0       0x10 Core/Src/gpio.o
 .debug_ranges  0x00000000000000d0       0x60 Core/Src/main.o
 .debug_ranges  0x0000000000000130       0x10 Core/Src/stm32f4xx_hal_msp.o
 .debug_ranges  0x0000000000000140       0x60 Core/Src/stm32f4xx_it.o
 .debug_ranges  0x00000000000001a0       0x18 Core/Src/system_stm32f4xx.o
 .debug_ranges  0x00000000000001b8       0x28 Core/Src/tim.o
 .debug_ranges  0x00000000000001e0       0x20 Core/Startup/startup_stm32f405rgtx.o
 .debug_ranges  0x0000000000000200       0xe0 Drivers/STM32F4xx_HAL_Driver/Src/stm32f4xx_hal.o
 .debug_ranges  0x00000000000002e0       0xd8 Drivers/STM32F4xx_HAL_Driver/Src/stm32f4xx_hal_adc.o
 .debug_ranges  0x00000000000003b8      0x108 Drivers/STM32F4xx_HAL_Driver/Src/stm32f4xx_hal_cortex.o
 .debug_ranges  0x00000000000004c0       0xb0 Drivers/STM32F4xx_HAL_Driver/Src/stm32f4xx_hal_dac.o
 .debug_ranges  0x0000000000000570       0x80 Drivers/STM32F4xx_HAL_Driver/Src/stm32f4xx_hal_dma.o
 .debug_ranges  0x00000000000005f0       0x48 Drivers/STM32F4xx_HAL_Driver/Src/stm32f4xx_hal_gpio.o
 .debug_ranges  0x0000000000000638       0x78 Drivers/STM32F4xx_HAL_Driver/Src/stm32f4xx_hal_rcc.o
 .debug_ranges  0x00000000000006b0      0x398 Drivers/STM32F4xx_HAL_Driver/Src/stm32f4xx_hal_tim.o
 .debug_ranges  0x0000000000000a48      0x140 Drivers/STM32F4xx_HAL_Driver/Src/stm32f4xx_hal_tim_ex.o

.debug_macro    0x0000000000000000    0x20321
 .debug_macro   0x0000000000000000       0xa2 Core/ADSR_lib/ADSR.o
 .debug_macro   0x00000000000000a2      0xa5a Core/ADSR_lib/ADSR.o
 .debug_macro   0x0000000000000afc       0x22 Core/ADSR_lib/ADSR.o
 .debug_macro   0x0000000000000b1e       0x8e Core/ADSR_lib/ADSR.o
 .debug_macro   0x0000000000000bac       0x51 Core/ADSR_lib/ADSR.o
 .debug_macro   0x0000000000000bfd       0xef Core/ADSR_lib/ADSR.o
 .debug_macro   0x0000000000000cec       0x6a Core/ADSR_lib/ADSR.o
 .debug_macro   0x0000000000000d56      0x1df Core/ADSR_lib/ADSR.o
 .debug_macro   0x0000000000000f35       0x35 Core/ADSR_lib/ADSR.o
 .debug_macro   0x0000000000000f6a      0x205 Core/Discrete_Input_lib/Discrete_Input.o
 .debug_macro   0x000000000000116f      0x190 Core/Discrete_Input_lib/Discrete_Input.o
 .debug_macro   0x00000000000012ff       0x2e Core/Discrete_Input_lib/Discrete_Input.o
 .debug_macro   0x000000000000132d       0x2f Core/Discrete_Input_lib/Discrete_Input.o
 .debug_macro   0x000000000000135c       0x1c Core/Discrete_Input_lib/Discrete_Input.o
 .debug_macro   0x0000000000001378       0x22 Core/Discrete_Input_lib/Discrete_Input.o
 .debug_macro   0x000000000000139a       0xdf Core/Discrete_Input_lib/Discrete_Input.o
 .debug_macro   0x0000000000001479     0x102d Core/Discrete_Input_lib/Discrete_Input.o
 .debug_macro   0x00000000000024a6      0x11f Core/Discrete_Input_lib/Discrete_Input.o
 .debug_macro   0x00000000000025c5    0x14251 Core/Discrete_Input_lib/Discrete_Input.o
 .debug_macro   0x0000000000016816       0x43 Core/Discrete_Input_lib/Discrete_Input.o
 .debug_macro   0x0000000000016859     0x3659 Core/Discrete_Input_lib/Discrete_Input.o
 .debug_macro   0x0000000000019eb2      0x174 Core/Discrete_Input_lib/Discrete_Input.o
 .debug_macro   0x000000000001a026       0x5a Core/Discrete_Input_lib/Discrete_Input.o
 .debug_macro   0x000000000001a080      0x8a7 Core/Discrete_Input_lib/Discrete_Input.o
 .debug_macro   0x000000000001a927      0x9fe Core/Discrete_Input_lib/Discrete_Input.o
 .debug_macro   0x000000000001b325      0x174 Core/Discrete_Input_lib/Discrete_Input.o
 .debug_macro   0x000000000001b499      0x117 Core/Discrete_Input_lib/Discrete_Input.o
 .debug_macro   0x000000000001b5b0      0x130 Core/Discrete_Input_lib/Discrete_Input.o
 .debug_macro   0x000000000001b6e0       0x27 Core/Discrete_Input_lib/Discrete_Input.o
 .debug_macro   0x000000000001b707      0x287 Core/Discrete_Input_lib/Discrete_Input.o
 .debug_macro   0x000000000001b98e       0x5f Core/Discrete_Input_lib/Discrete_Input.o
 .debug_macro   0x000000000001b9ed      0x236 Core/Discrete_Input_lib/Discrete_Input.o
 .debug_macro   0x000000000001bc23      0x391 Core/Discrete_Input_lib/Discrete_Input.o
 .debug_macro   0x000000000001bfb4      0x176 Core/Discrete_Input_lib/Discrete_Input.o
 .debug_macro   0x000000000001c12a       0xf9 Core/Discrete_Input_lib/Discrete_Input.o
 .debug_macro   0x000000000001c223       0xea Core/Discrete_Input_lib/Discrete_Input.o
 .debug_macro   0x000000000001c30d       0xa0 Core/Discrete_Input_lib/Discrete_Input.o
 .debug_macro   0x000000000001c3ad       0x3c Core/Discrete_Input_lib/Discrete_Input.o
 .debug_macro   0x000000000001c3e9      0x12c Core/Discrete_Input_lib/Discrete_Input.o
 .debug_macro   0x000000000001c515      0x21e Core/Discrete_Input_lib/Discrete_Input.o
 .debug_macro   0x000000000001c733       0x2e Core/Discrete_Input_lib/Discrete_Input.o
 .debug_macro   0x000000000001c761      0x11a Core/Discrete_Input_lib/Discrete_Input.o
 .debug_macro   0x000000000001c87b       0x7e Core/Discrete_Input_lib/Discrete_Input.o
 .debug_macro   0x000000000001c8f9       0x89 Core/Discrete_Input_lib/Discrete_Input.o
 .debug_macro   0x000000000001c982      0x8a0 Core/Discrete_Input_lib/Discrete_Input.o
 .debug_macro   0x000000000001d222       0x47 Core/Discrete_Input_lib/Discrete_Input.o
 .debug_macro   0x000000000001d269      0x12d Core/Discrete_Input_lib/Discrete_Input.o
 .debug_macro   0x000000000001d396       0x16 Core/Discrete_Input_lib/Discrete_Input.o
 .debug_macro   0x000000000001d3ac      0x20f Core/Src/adc.o
 .debug_macro   0x000000000001d5bb       0xdc Core/Src/adc.o
 .debug_macro   0x000000000001d697      0x20f Core/Src/dac.o
 .debug_macro   0x000000000001d8a6      0x20f Core/Src/dma.o
 .debug_macro   0x000000000001dab5      0x20f Core/Src/gpio.o
 .debug_macro   0x000000000001dcc4      0x30c Core/Src/main.o
 .debug_macro   0x000000000001dfd0       0x3b Core/Src/main.o
 .debug_macro   0x000000000001e00b       0x1c Core/Src/main.o
 .debug_macro   0x000000000001e027       0x46 Core/Src/main.o
 .debug_macro   0x000000000001e06d       0x18 Core/Src/main.o
 .debug_macro   0x000000000001e085       0x3c Core/Src/main.o
 .debug_macro   0x000000000001e0c1       0x34 Core/Src/main.o
 .debug_macro   0x000000000001e0f5       0x52 Core/Src/main.o
 .debug_macro   0x000000000001e147       0x1f Core/Src/main.o
 .debug_macro   0x000000000001e166       0x43 Core/Src/main.o
 .debug_macro   0x000000000001e1a9       0x20 Core/Src/main.o
 .debug_macro   0x000000000001e1c9      0x1a3 Core/Src/main.o
 .debug_macro   0x000000000001e36c      0x32a Core/Src/main.o
 .debug_macro   0x000000000001e696      0x1e1 Core/Src/main.o
 .debug_macro   0x000000000001e877       0x22 Core/Src/main.o
 .debug_macro   0x000000000001e899      0x205 Core/Src/stm32f4xx_hal_msp.o
 .debug_macro   0x000000000001ea9e      0x20f Core/Src/stm32f4xx_it.o
 .debug_macro   0x000000000001ecad      0x1fc Core/Src/system_stm32f4xx.o
 .debug_macro   0x000000000001eea9      0x20f Core/Src/tim.o
 .debug_macro   0x000000000001f0b8      0x256 Drivers/STM32F4xx_HAL_Driver/Src/stm32f4xx_hal.o
 .debug_macro   0x000000000001f30e      0x1f7 Drivers/STM32F4xx_HAL_Driver/Src/stm32f4xx_hal_adc.o
 .debug_macro   0x000000000001f505      0x1f6 Drivers/STM32F4xx_HAL_Driver/Src/stm32f4xx_hal_cortex.o
 .debug_macro   0x000000000001f6fb      0x1f7 Drivers/STM32F4xx_HAL_Driver/Src/stm32f4xx_hal_dac.o
 .debug_macro   0x000000000001f8f2      0x1fc Drivers/STM32F4xx_HAL_Driver/Src/stm32f4xx_hal_dma.o
 .debug_macro   0x000000000001faee      0x22c Drivers/STM32F4xx_HAL_Driver/Src/stm32f4xx_hal_gpio.o
 .debug_macro   0x000000000001fd1a      0x21a Drivers/STM32F4xx_HAL_Driver/Src/stm32f4xx_hal_rcc.o
 .debug_macro   0x000000000001ff34      0x1f7 Drivers/STM32F4xx_HAL_Driver/Src/stm32f4xx_hal_tim.o
 .debug_macro   0x000000000002012b      0x1f6 Drivers/STM32F4xx_HAL_Driver/Src/stm32f4xx_hal_tim_ex.o

.debug_line     0x0000000000000000     0xb99b
 .debug_line    0x0000000000000000      0x51f Core/ADSR_lib/ADSR.o
 .debug_line    0x000000000000051f      0x729 Core/Discrete_Input_lib/Discrete_Input.o
 .debug_line    0x0000000000000c48      0x753 Core/Src/adc.o
 .debug_line    0x000000000000139b      0x715 Core/Src/dac.o
 .debug_line    0x0000000000001ab0      0x6e2 Core/Src/dma.o
 .debug_line    0x0000000000002192      0x6f8 Core/Src/gpio.o
 .debug_line    0x000000000000288a      0x9f3 Core/Src/main.o
 .debug_line    0x000000000000327d      0x6e7 Core/Src/stm32f4xx_hal_msp.o
 .debug_line    0x0000000000003964      0x7b0 Core/Src/stm32f4xx_it.o
 .debug_line    0x0000000000004114      0x702 Core/Src/system_stm32f4xx.o
 .debug_line    0x0000000000004816      0x743 Core/Src/tim.o
 .debug_line    0x0000000000004f59       0x85 Core/Startup/startup_stm32f405rgtx.o
 .debug_line    0x0000000000004fde      0x8ec Drivers/STM32F4xx_HAL_Driver/Src/stm32f4xx_hal.o
 .debug_line    0x00000000000058ca      0xb51 Drivers/STM32F4xx_HAL_Driver/Src/stm32f4xx_hal_adc.o
 .debug_line    0x000000000000641b      0xa10 Drivers/STM32F4xx_HAL_Driver/Src/stm32f4xx_hal_cortex.o
 .debug_line    0x0000000000006e2b      0x940 Drivers/STM32F4xx_HAL_Driver/Src/stm32f4xx_hal_dac.o
 .debug_line    0x000000000000776b      0x9ba Drivers/STM32F4xx_HAL_Driver/Src/stm32f4xx_hal_dma.o
 .debug_line    0x0000000000008125      0x8cb Drivers/STM32F4xx_HAL_Driver/Src/stm32f4xx_hal_gpio.o
 .debug_line    0x00000000000089f0      0x944 Drivers/STM32F4xx_HAL_Driver/Src/stm32f4xx_hal_rcc.o
 .debug_line    0x0000000000009334     0x1965 Drivers/STM32F4xx_HAL_Driver/Src/stm32f4xx_hal_tim.o
 .debug_line    0x000000000000ac99      0xd02 Drivers/STM32F4xx_HAL_Driver/Src/stm32f4xx_hal_tim_ex.o

.debug_str      0x0000000000000000    0xc2d59
 .debug_str     0x0000000000000000     0x41d3 Core/ADSR_lib/ADSR.o
                                       0x4371 (size before relaxing)
 .debug_str     0x00000000000041d3    0xb7663 Core/Discrete_Input_lib/Discrete_Input.o
                                      0xbb37f (size before relaxing)
 .debug_str     0x00000000000bb836      0x8e0 Core/Src/adc.o
                                      0xbb9ad (size before relaxing)
 .debug_str     0x00000000000bc116      0x193 Core/Src/dac.o
                                      0xbb926 (size before relaxing)
 .debug_str     0x00000000000bc2a9      0x4d7 Core/Src/dma.o
                                      0xbb991 (size before relaxing)
 .debug_str     0x00000000000bc780       0x2a Core/Src/gpio.o
                                      0xbb564 (size before relaxing)
 .debug_str     0x00000000000bc7aa     0x3c54 Core/Src/main.o
                                      0xbfd5f (size before relaxing)
 .debug_str     0x00000000000c03fe       0x2c Core/Src/stm32f4xx_hal_msp.o
                                      0xbb4c9 (size before relaxing)
 .debug_str     0x00000000000c042a       0xe5 Core/Src/stm32f4xx_it.o
                                      0xbb8ae (size before relaxing)
 .debug_str     0x00000000000c050f       0xc4 Core/Src/system_stm32f4xx.o
                                      0xbb1cc (size before relaxing)
 .debug_str     0x00000000000c05d3       0xf5 Core/Src/tim.o
                                      0xbbed4 (size before relaxing)
 .debug_str     0x00000000000c06c8       0x36 Core/Startup/startup_stm32f405rgtx.o
                                         0x75 (size before relaxing)
 .debug_str     0x00000000000c06fe      0x58d Drivers/STM32F4xx_HAL_Driver/Src/stm32f4xx_hal.o
                                      0xbbc78 (size before relaxing)
 .debug_str     0x00000000000c0c8b      0x2a2 Drivers/STM32F4xx_HAL_Driver/Src/stm32f4xx_hal_adc.o
                                      0xbb763 (size before relaxing)
 .debug_str     0x00000000000c0f2d      0x382 Drivers/STM32F4xx_HAL_Driver/Src/stm32f4xx_hal_cortex.o
                                      0xbba67 (size before relaxing)
 .debug_str     0x00000000000c12af      0x1bd Drivers/STM32F4xx_HAL_Driver/Src/stm32f4xx_hal_dac.o
                                      0xbb5f0 (size before relaxing)
 .debug_str     0x00000000000c146c      0x31d Drivers/STM32F4xx_HAL_Driver/Src/stm32f4xx_hal_dma.o
                                      0xbb5e1 (size before relaxing)
 .debug_str     0x00000000000c1789      0x1fe Drivers/STM32F4xx_HAL_Driver/Src/stm32f4xx_hal_gpio.o
                                      0xbb40b (size before relaxing)
 .debug_str     0x00000000000c1987      0x24e Drivers/STM32F4xx_HAL_Driver/Src/stm32f4xx_hal_rcc.o
                                      0xbb5b9 (size before relaxing)
 .debug_str     0x00000000000c1bd5      0xce2 Drivers/STM32F4xx_HAL_Driver/Src/stm32f4xx_hal_tim.o
                                      0xbc2d8 (size before relaxing)
 .debug_str     0x00000000000c28b7      0x4a2 Drivers/STM32F4xx_HAL_Driver/Src/stm32f4xx_hal_tim_ex.o
                                      0xbbad8 (size before relaxing)

.comment        0x0000000000000000       0x7b
 .comment       0x0000000000000000       0x7b Core/ADSR_lib/ADSR.o
                                         0x7c (size before relaxing)
 .comment       0x000000000000007b       0x7c Core/Discrete_Input_lib/Discrete_Input.o
 .comment       0x000000000000007b       0x7c Core/Src/adc.o
 .comment       0x000000000000007b       0x7c Core/Src/dac.o
 .comment       0x000000000000007b       0x7c Core/Src/dma.o
 .comment       0x000000000000007b       0x7c Core/Src/gpio.o
 .comment       0x000000000000007b       0x7c Core/Src/main.o
 .comment       0x000000000000007b       0x7c Core/Src/stm32f4xx_hal_msp.o
 .comment       0x000000000000007b       0x7c Core/Src/stm32f4xx_it.o
 .comment       0x000000000000007b       0x7c Core/Src/system_stm32f4xx.o
 .comment       0x000000000000007b       0x7c Core/Src/tim.o
 .comment       0x000000000000007b       0x7c Drivers/STM32F4xx_HAL_Driver/Src/stm32f4xx_hal.o
 .comment       0x000000000000007b       0x7c Drivers/STM32F4xx_HAL_Driver/Src/stm32f4xx_hal_adc.o
 .comment       0x000000000000007b       0x7c Drivers/STM32F4xx_HAL_Driver/Src/stm32f4xx_hal_cortex.o
 .comment       0x000000000000007b       0x7c Drivers/STM32F4xx_HAL_Driver/Src/stm32f4xx_hal_dac.o
 .comment       0x000000000000007b       0x7c Drivers/STM32F4xx_HAL_Driver/Src/stm32f4xx_hal_dma.o
 .comment       0x000000000000007b       0x7c Drivers/STM32F4xx_HAL_Driver/Src/stm32f4xx_hal_gpio.o
 .comment       0x000000000000007b       0x7c Drivers/STM32F4xx_HAL_Driver/Src/stm32f4xx_hal_rcc.o
 .comment       0x000000000000007b       0x7c Drivers/STM32F4xx_HAL_Driver/Src/stm32f4xx_hal_tim.o
 .comment       0x000000000000007b       0x7c Drivers/STM32F4xx_HAL_Driver/Src/stm32f4xx_hal_tim_ex.o

.debug_frame    0x0000000000000000     0x381c
 .debug_frame   0x0000000000000000      0x1c4 Core/ADSR_lib/ADSR.o
 .debug_frame   0x00000000000001c4       0x34 Core/Discrete_Input_lib/Discrete_Input.o
 .debug_frame   0x00000000000001f8       0x7c Core/Src/adc.o
 .debug_frame   0x0000000000000274       0x7c Core/Src/dac.o
 .debug_frame   0x00000000000002f0       0x34 Core/Src/dma.o
 .debug_frame   0x0000000000000324       0x34 Core/Src/gpio.o
 .debug_frame   0x0000000000000358      0x190 Core/Src/main.o
 .debug_frame   0x00000000000004e8       0x38 Core/Src/stm32f4xx_hal_msp.o
 .debug_frame   0x0000000000000520      0x144 Core/Src/stm32f4xx_it.o
 .debug_frame   0x0000000000000664       0x58 Core/Src/system_stm32f4xx.o
 .debug_frame   0x00000000000006bc       0xa0 Core/Src/tim.o
 .debug_frame   0x000000000000075c      0x374 Drivers/STM32F4xx_HAL_Driver/Src/stm32f4xx_hal.o
 .debug_frame   0x0000000000000ad0      0x3fc Drivers/STM32F4xx_HAL_Driver/Src/stm32f4xx_hal_adc.o
 .debug_frame   0x0000000000000ecc      0x498 Drivers/STM32F4xx_HAL_Driver/Src/stm32f4xx_hal_cortex.o
 .debug_frame   0x0000000000001364      0x338 Drivers/STM32F4xx_HAL_Driver/Src/stm32f4xx_hal_dac.o
 .debug_frame   0x000000000000169c      0x250 Drivers/STM32F4xx_HAL_Driver/Src/stm32f4xx_hal_dma.o
 .debug_frame   0x00000000000018ec      0x14c Drivers/STM32F4xx_HAL_Driver/Src/stm32f4xx_hal_gpio.o
 .debug_frame   0x0000000000001a38      0x1f0 Drivers/STM32F4xx_HAL_Driver/Src/stm32f4xx_hal_rcc.o
 .debug_frame   0x0000000000001c28     0x10f0 Drivers/STM32F4xx_HAL_Driver/Src/stm32f4xx_hal_tim.o
 .debug_frame   0x0000000000002d18      0x5c0 Drivers/STM32F4xx_HAL_Driver/Src/stm32f4xx_hal_tim_ex.o
 .debug_frame   0x00000000000032d8       0x20 /opt/st/stm32cubeide_1.3.0/plugins/com.st.stm32cube.ide.mcu.externaltools.gnu-tools-for-stm32.7-2018-q2-update.linux64_1.0.0.201904181610/tools/bin/../lib/gcc/arm-none-eabi/7.3.1/../../../../arm-none-eabi/lib/thumb/v7e-m/fpv4-sp/hard/libc_nano.a(lib_a-errno.o)
 .debug_frame   0x00000000000032f8       0x2c /opt/st/stm32cubeide_1.3.0/plugins/com.st.stm32cube.ide.mcu.externaltools.gnu-tools-for-stm32.7-2018-q2-update.linux64_1.0.0.201904181610/tools/bin/../lib/gcc/arm-none-eabi/7.3.1/../../../../arm-none-eabi/lib/thumb/v7e-m/fpv4-sp/hard/libc_nano.a(lib_a-init.o)
 .debug_frame   0x0000000000003324       0x20 /opt/st/stm32cubeide_1.3.0/plugins/com.st.stm32cube.ide.mcu.externaltools.gnu-tools-for-stm32.7-2018-q2-update.linux64_1.0.0.201904181610/tools/bin/../lib/gcc/arm-none-eabi/7.3.1/../../../../arm-none-eabi/lib/thumb/v7e-m/fpv4-sp/hard/libc_nano.a(lib_a-memset.o)
 .debug_frame   0x0000000000003344       0x44 /opt/st/stm32cubeide_1.3.0/plugins/com.st.stm32cube.ide.mcu.externaltools.gnu-tools-for-stm32.7-2018-q2-update.linux64_1.0.0.201904181610/tools/bin/../lib/gcc/arm-none-eabi/7.3.1/../../../../arm-none-eabi/lib/thumb/v7e-m/fpv4-sp/hard/libm.a(lib_a-w_log.o)
 .debug_frame   0x0000000000003388       0x5c /opt/st/stm32cubeide_1.3.0/plugins/com.st.stm32cube.ide.mcu.externaltools.gnu-tools-for-stm32.7-2018-q2-update.linux64_1.0.0.201904181610/tools/bin/../lib/gcc/arm-none-eabi/7.3.1/../../../../arm-none-eabi/lib/thumb/v7e-m/fpv4-sp/hard/libm.a(lib_a-w_pow.o)
 .debug_frame   0x00000000000033e4       0x40 /opt/st/stm32cubeide_1.3.0/plugins/com.st.stm32cube.ide.mcu.externaltools.gnu-tools-for-stm32.7-2018-q2-update.linux64_1.0.0.201904181610/tools/bin/../lib/gcc/arm-none-eabi/7.3.1/../../../../arm-none-eabi/lib/thumb/v7e-m/fpv4-sp/hard/libm.a(lib_a-e_log.o)
 .debug_frame   0x0000000000003424       0x64 /opt/st/stm32cubeide_1.3.0/plugins/com.st.stm32cube.ide.mcu.externaltools.gnu-tools-for-stm32.7-2018-q2-update.linux64_1.0.0.201904181610/tools/bin/../lib/gcc/arm-none-eabi/7.3.1/../../../../arm-none-eabi/lib/thumb/v7e-m/fpv4-sp/hard/libm.a(lib_a-e_pow.o)
 .debug_frame   0x0000000000003488       0x30 /opt/st/stm32cubeide_1.3.0/plugins/com.st.stm32cube.ide.mcu.externaltools.gnu-tools-for-stm32.7-2018-q2-update.linux64_1.0.0.201904181610/tools/bin/../lib/gcc/arm-none-eabi/7.3.1/../../../../arm-none-eabi/lib/thumb/v7e-m/fpv4-sp/hard/libm.a(lib_a-e_sqrt.o)
 .debug_frame   0x00000000000034b8       0x20 /opt/st/stm32cubeide_1.3.0/plugins/com.st.stm32cube.ide.mcu.externaltools.gnu-tools-for-stm32.7-2018-q2-update.linux64_1.0.0.201904181610/tools/bin/../lib/gcc/arm-none-eabi/7.3.1/../../../../arm-none-eabi/lib/thumb/v7e-m/fpv4-sp/hard/libm.a(lib_a-s_fabs.o)
 .debug_frame   0x00000000000034d8       0x20 /opt/st/stm32cubeide_1.3.0/plugins/com.st.stm32cube.ide.mcu.externaltools.gnu-tools-for-stm32.7-2018-q2-update.linux64_1.0.0.201904181610/tools/bin/../lib/gcc/arm-none-eabi/7.3.1/../../../../arm-none-eabi/lib/thumb/v7e-m/fpv4-sp/hard/libm.a(lib_a-s_finite.o)
 .debug_frame   0x00000000000034f8       0x20 /opt/st/stm32cubeide_1.3.0/plugins/com.st.stm32cube.ide.mcu.externaltools.gnu-tools-for-stm32.7-2018-q2-update.linux64_1.0.0.201904181610/tools/bin/../lib/gcc/arm-none-eabi/7.3.1/../../../../arm-none-eabi/lib/thumb/v7e-m/fpv4-sp/hard/libm.a(lib_a-s_matherr.o)
 .debug_frame   0x0000000000003518       0x20 /opt/st/stm32cubeide_1.3.0/plugins/com.st.stm32cube.ide.mcu.externaltools.gnu-tools-for-stm32.7-2018-q2-update.linux64_1.0.0.201904181610/tools/bin/../lib/gcc/arm-none-eabi/7.3.1/../../../../arm-none-eabi/lib/thumb/v7e-m/fpv4-sp/hard/libm.a(lib_a-s_nan.o)
 .debug_frame   0x0000000000003538       0x34 /opt/st/stm32cubeide_1.3.0/plugins/com.st.stm32cube.ide.mcu.externaltools.gnu-tools-for-stm32.7-2018-q2-update.linux64_1.0.0.201904181610/tools/bin/../lib/gcc/arm-none-eabi/7.3.1/../../../../arm-none-eabi/lib/thumb/v7e-m/fpv4-sp/hard/libm.a(lib_a-s_rint.o)
 .debug_frame   0x000000000000356c       0x2c /opt/st/stm32cubeide_1.3.0/plugins/com.st.stm32cube.ide.mcu.externaltools.gnu-tools-for-stm32.7-2018-q2-update.linux64_1.0.0.201904181610/tools/bin/../lib/gcc/arm-none-eabi/7.3.1/../../../../arm-none-eabi/lib/thumb/v7e-m/fpv4-sp/hard/libm.a(lib_a-s_scalbn.o)
 .debug_frame   0x0000000000003598       0x20 /opt/st/stm32cubeide_1.3.0/plugins/com.st.stm32cube.ide.mcu.externaltools.gnu-tools-for-stm32.7-2018-q2-update.linux64_1.0.0.201904181610/tools/bin/../lib/gcc/arm-none-eabi/7.3.1/../../../../arm-none-eabi/lib/thumb/v7e-m/fpv4-sp/hard/libm.a(lib_a-s_copysign.o)
 .debug_frame   0x00000000000035b8       0xac /opt/st/stm32cubeide_1.3.0/plugins/com.st.stm32cube.ide.mcu.externaltools.gnu-tools-for-stm32.7-2018-q2-update.linux64_1.0.0.201904181610/tools/bin/../lib/gcc/arm-none-eabi/7.3.1/thumb/v7e-m/fpv4-sp/hard/libgcc.a(_arm_addsubdf3.o)
 .debug_frame   0x0000000000003664       0x50 /opt/st/stm32cubeide_1.3.0/plugins/com.st.stm32cube.ide.mcu.externaltools.gnu-tools-for-stm32.7-2018-q2-update.linux64_1.0.0.201904181610/tools/bin/../lib/gcc/arm-none-eabi/7.3.1/thumb/v7e-m/fpv4-sp/hard/libgcc.a(_arm_muldivdf3.o)
 .debug_frame   0x00000000000036b4       0xc4 /opt/st/stm32cubeide_1.3.0/plugins/com.st.stm32cube.ide.mcu.externaltools.gnu-tools-for-stm32.7-2018-q2-update.linux64_1.0.0.201904181610/tools/bin/../lib/gcc/arm-none-eabi/7.3.1/thumb/v7e-m/fpv4-sp/hard/libgcc.a(_arm_cmpdf2.o)
 .debug_frame   0x0000000000003778       0x20 /opt/st/stm32cubeide_1.3.0/plugins/com.st.stm32cube.ide.mcu.externaltools.gnu-tools-for-stm32.7-2018-q2-update.linux64_1.0.0.201904181610/tools/bin/../lib/gcc/arm-none-eabi/7.3.1/thumb/v7e-m/fpv4-sp/hard/libgcc.a(_arm_unorddf2.o)
 .debug_frame   0x0000000000003798       0x24 /opt/st/stm32cubeide_1.3.0/plugins/com.st.stm32cube.ide.mcu.externaltools.gnu-tools-for-stm32.7-2018-q2-update.linux64_1.0.0.201904181610/tools/bin/../lib/gcc/arm-none-eabi/7.3.1/thumb/v7e-m/fpv4-sp/hard/libgcc.a(_arm_fixunsdfsi.o)
 .debug_frame   0x00000000000037bc       0x2c /opt/st/stm32cubeide_1.3.0/plugins/com.st.stm32cube.ide.mcu.externaltools.gnu-tools-for-stm32.7-2018-q2-update.linux64_1.0.0.201904181610/tools/bin/../lib/gcc/arm-none-eabi/7.3.1/thumb/v7e-m/fpv4-sp/hard/libgcc.a(_aeabi_uldivmod.o)
 .debug_frame   0x00000000000037e8       0x34 /opt/st/stm32cubeide_1.3.0/plugins/com.st.stm32cube.ide.mcu.externaltools.gnu-tools-for-stm32.7-2018-q2-update.linux64_1.0.0.201904181610/tools/bin/../lib/gcc/arm-none-eabi/7.3.1/thumb/v7e-m/fpv4-sp/hard/libgcc.a(_udivmoddi4.o)
