Archive member included to satisfy reference by file (symbol)

/opt/st/stm32cubeide_1.3.0/plugins/com.st.stm32cube.ide.mcu.externaltools.gnu-tools-for-stm32.7-2018-q2-update.linux64_1.0.0.201904181610/tools/bin/../lib/gcc/arm-none-eabi/7.3.1/../../../../arm-none-eabi/lib/thumb/v7e-m/fpv4-sp/hard/libc_nano.a(lib_a-errno.o)
                              Core/Src/syscalls.o (__errno)
/opt/st/stm32cubeide_1.3.0/plugins/com.st.stm32cube.ide.mcu.externaltools.gnu-tools-for-stm32.7-2018-q2-update.linux64_1.0.0.201904181610/tools/bin/../lib/gcc/arm-none-eabi/7.3.1/../../../../arm-none-eabi/lib/thumb/v7e-m/fpv4-sp/hard/libc_nano.a(lib_a-exit.o)
                              /opt/st/stm32cubeide_1.3.0/plugins/com.st.stm32cube.ide.mcu.externaltools.gnu-tools-for-stm32.7-2018-q2-update.linux64_1.0.0.201904181610/tools/bin/../lib/gcc/arm-none-eabi/7.3.1/../../../../arm-none-eabi/lib/thumb/v7e-m/fpv4-sp/hard/crt0.o (exit)
/opt/st/stm32cubeide_1.3.0/plugins/com.st.stm32cube.ide.mcu.externaltools.gnu-tools-for-stm32.7-2018-q2-update.linux64_1.0.0.201904181610/tools/bin/../lib/gcc/arm-none-eabi/7.3.1/../../../../arm-none-eabi/lib/thumb/v7e-m/fpv4-sp/hard/libc_nano.a(lib_a-impure.o)
                              /opt/st/stm32cubeide_1.3.0/plugins/com.st.stm32cube.ide.mcu.externaltools.gnu-tools-for-stm32.7-2018-q2-update.linux64_1.0.0.201904181610/tools/bin/../lib/gcc/arm-none-eabi/7.3.1/../../../../arm-none-eabi/lib/thumb/v7e-m/fpv4-sp/hard/libc_nano.a(lib_a-exit.o) (_global_impure_ptr)
/opt/st/stm32cubeide_1.3.0/plugins/com.st.stm32cube.ide.mcu.externaltools.gnu-tools-for-stm32.7-2018-q2-update.linux64_1.0.0.201904181610/tools/bin/../lib/gcc/arm-none-eabi/7.3.1/../../../../arm-none-eabi/lib/thumb/v7e-m/fpv4-sp/hard/libc_nano.a(lib_a-init.o)
                              /opt/st/stm32cubeide_1.3.0/plugins/com.st.stm32cube.ide.mcu.externaltools.gnu-tools-for-stm32.7-2018-q2-update.linux64_1.0.0.201904181610/tools/bin/../lib/gcc/arm-none-eabi/7.3.1/../../../../arm-none-eabi/lib/thumb/v7e-m/fpv4-sp/hard/crt0.o (__libc_init_array)
/opt/st/stm32cubeide_1.3.0/plugins/com.st.stm32cube.ide.mcu.externaltools.gnu-tools-for-stm32.7-2018-q2-update.linux64_1.0.0.201904181610/tools/bin/../lib/gcc/arm-none-eabi/7.3.1/../../../../arm-none-eabi/lib/thumb/v7e-m/fpv4-sp/hard/libc_nano.a(lib_a-memset.o)
                              /opt/st/stm32cubeide_1.3.0/plugins/com.st.stm32cube.ide.mcu.externaltools.gnu-tools-for-stm32.7-2018-q2-update.linux64_1.0.0.201904181610/tools/bin/../lib/gcc/arm-none-eabi/7.3.1/../../../../arm-none-eabi/lib/thumb/v7e-m/fpv4-sp/hard/crt0.o (memset)
/opt/st/stm32cubeide_1.3.0/plugins/com.st.stm32cube.ide.mcu.externaltools.gnu-tools-for-stm32.7-2018-q2-update.linux64_1.0.0.201904181610/tools/bin/../lib/gcc/arm-none-eabi/7.3.1/../../../../arm-none-eabi/lib/thumb/v7e-m/fpv4-sp/hard/libm.a(lib_a-w_log.o)
                              Core/Src/main.o (log)
/opt/st/stm32cubeide_1.3.0/plugins/com.st.stm32cube.ide.mcu.externaltools.gnu-tools-for-stm32.7-2018-q2-update.linux64_1.0.0.201904181610/tools/bin/../lib/gcc/arm-none-eabi/7.3.1/../../../../arm-none-eabi/lib/thumb/v7e-m/fpv4-sp/hard/libm.a(lib_a-w_pow.o)
                              Core/Src/main.o (pow)
/opt/st/stm32cubeide_1.3.0/plugins/com.st.stm32cube.ide.mcu.externaltools.gnu-tools-for-stm32.7-2018-q2-update.linux64_1.0.0.201904181610/tools/bin/../lib/gcc/arm-none-eabi/7.3.1/../../../../arm-none-eabi/lib/thumb/v7e-m/fpv4-sp/hard/libm.a(lib_a-e_log.o)
                              /opt/st/stm32cubeide_1.3.0/plugins/com.st.stm32cube.ide.mcu.externaltools.gnu-tools-for-stm32.7-2018-q2-update.linux64_1.0.0.201904181610/tools/bin/../lib/gcc/arm-none-eabi/7.3.1/../../../../arm-none-eabi/lib/thumb/v7e-m/fpv4-sp/hard/libm.a(lib_a-w_log.o) (__ieee754_log)
/opt/st/stm32cubeide_1.3.0/plugins/com.st.stm32cube.ide.mcu.externaltools.gnu-tools-for-stm32.7-2018-q2-update.linux64_1.0.0.201904181610/tools/bin/../lib/gcc/arm-none-eabi/7.3.1/../../../../arm-none-eabi/lib/thumb/v7e-m/fpv4-sp/hard/libm.a(lib_a-e_pow.o)
                              /opt/st/stm32cubeide_1.3.0/plugins/com.st.stm32cube.ide.mcu.externaltools.gnu-tools-for-stm32.7-2018-q2-update.linux64_1.0.0.201904181610/tools/bin/../lib/gcc/arm-none-eabi/7.3.1/../../../../arm-none-eabi/lib/thumb/v7e-m/fpv4-sp/hard/libm.a(lib_a-w_pow.o) (__ieee754_pow)
/opt/st/stm32cubeide_1.3.0/plugins/com.st.stm32cube.ide.mcu.externaltools.gnu-tools-for-stm32.7-2018-q2-update.linux64_1.0.0.201904181610/tools/bin/../lib/gcc/arm-none-eabi/7.3.1/../../../../arm-none-eabi/lib/thumb/v7e-m/fpv4-sp/hard/libm.a(lib_a-e_sqrt.o)
                              /opt/st/stm32cubeide_1.3.0/plugins/com.st.stm32cube.ide.mcu.externaltools.gnu-tools-for-stm32.7-2018-q2-update.linux64_1.0.0.201904181610/tools/bin/../lib/gcc/arm-none-eabi/7.3.1/../../../../arm-none-eabi/lib/thumb/v7e-m/fpv4-sp/hard/libm.a(lib_a-e_pow.o) (__ieee754_sqrt)
[...]
Memory Configuration

Name             Origin             Length             Attributes
CCMRAM           0x0000000010000000 0x0000000000010000 xrw
RAM              0x0000000020000000 0x0000000000020000 xrw
FLASH            0x0000000008000000 0x0000000000100000 xr
*default*        0x0000000000000000 0xffffffffffffffff

Linker script and memory map

LOAD /opt/st/stm32cubeide_1.3.0/plugins/com.st.stm32cube.ide.mcu.externaltools.gnu-tools-for-stm32.7-2018-q2-update.linux64_1.0.0.201904181610/tools/bin/../lib/gcc/arm-none-eabi/7.3.1/thumb/v7e-m/fpv4-sp/hard/crti.o
LOAD /opt/st/stm32cubeide_1.3.0/plugins/com.st.stm32cube.ide.mcu.externaltools.gnu-tools-for-stm32.7-2018-q2-update.linux64_1.0.0.201904181610/tools/bin/../lib/gcc/arm-none-eabi/7.3.1/thumb/v7e-m/fpv4-sp/hard/crtbegin.o
LOAD /opt/st/stm32cubeide_1.3.0/plugins/com.st.stm32cube.ide.mcu.externaltools.gnu-tools-for-stm32.7-2018-q2-update.linux64_1.0.0.201904181610/tools/bin/../lib/gcc/arm-none-eabi/7.3.1/../../../../arm-none-eabi/lib/thumb/v7e-m/fpv4-sp/hard/crt0.o
LOAD Core/ADSR_lib/ADSR.o
LOAD Core/Discrete_Input_lib/Discrete_Input.o
LOAD Core/Src/adc.o
LOAD Core/Src/dac.o
LOAD Core/Src/dma.o
LOAD Core/Src/gpio.o
LOAD Core/Src/main.o
LOAD Core/Src/stm32f4xx_hal_msp.o
LOAD Core/Src/stm32f4xx_it.o
LOAD Core/Src/syscalls.o
LOAD Core/Src/sysmem.o
LOAD Core/Src/system_stm32f4xx.o
LOAD Core/Src/tim.o
LOAD Core/Startup/startup_stm32f405rgtx.o
LOAD Drivers/STM32F4xx_HAL_Driver/Src/stm32f4xx_hal.o
LOAD Drivers/STM32F4xx_HAL_Driver/Src/stm32f4xx_hal_adc.o
LOAD Drivers/STM32F4xx_HAL_Driver/Src/stm32f4xx_hal_adc_ex.o
LOAD Drivers/STM32F4xx_HAL_Driver/Src/stm32f4xx_hal_cortex.o
LOAD Drivers/STM32F4xx_HAL_Driver/Src/stm32f4xx_hal_dac.o
LOAD Drivers/STM32F4xx_HAL_Driver/Src/stm32f4xx_hal_dac_ex.o
LOAD Drivers/STM32F4xx_HAL_Driver/Src/stm32f4xx_hal_dma.o
LOAD Drivers/STM32F4xx_HAL_Driver/Src/stm32f4xx_hal_dma_ex.o
LOAD Drivers/STM32F4xx_HAL_Driver/Src/stm32f4xx_hal_exti.o
LOAD Drivers/STM32F4xx_HAL_Driver/Src/stm32f4xx_hal_flash.o
LOAD Drivers/STM32F4xx_HAL_Driver/Src/stm32f4xx_hal_flash_ex.o
LOAD Drivers/STM32F4xx_HAL_Driver/Src/stm32f4xx_hal_flash_ramfunc.o
LOAD Drivers/STM32F4xx_HAL_Driver/Src/stm32f4xx_hal_gpio.o
LOAD Drivers/STM32F4xx_HAL_Driver/Src/stm32f4xx_hal_pwr.o
LOAD Drivers/STM32F4xx_HAL_Driver/Src/stm32f4xx_hal_pwr_ex.o
LOAD Drivers/STM32F4xx_HAL_Driver/Src/stm32f4xx_hal_rcc.o
LOAD Drivers/STM32F4xx_HAL_Driver/Src/stm32f4xx_hal_rcc_ex.o
LOAD Drivers/STM32F4xx_HAL_Driver/Src/stm32f4xx_hal_tim.o
LOAD Drivers/STM32F4xx_HAL_Driver/Src/stm32f4xx_hal_tim_ex.o
START GROUP
LOAD /opt/st/stm32cubeide_1.3.0/plugins/com.st.stm32cube.ide.mcu.externaltools.gnu-tools-for-stm32.7-2018-q2-update.linux64_1.0.0.201904181610/tools/bin/../lib/gcc/arm-none-eabi/7.3.1/../../../../arm-none-eabi/lib/thumb/v7e-m/fpv4-sp/hard/libc_nano.a
LOAD /opt/st/stm32cubeide_1.3.0/plugins/com.st.stm32cube.ide.mcu.externaltools.gnu-tools-for-stm32.7-2018-q2-update.linux64_1.0.0.201904181610/tools/bin/../lib/gcc/arm-none-eabi/7.3.1/../../../../arm-none-eabi/lib/thumb/v7e-m/fpv4-sp/hard/libm.a
END GROUP
START GROUP
LOAD /opt/st/stm32cubeide_1.3.0/plugins/com.st.stm32cube.ide.mcu.externaltools.gnu-tools-for-stm32.7-2018-q2-update.linux64_1.0.0.201904181610/tools/bin/../lib/gcc/arm-none-eabi/7.3.1/thumb/v7e-m/fpv4-sp/hard/libgcc.a
LOAD /opt/st/stm32cubeide_1.3.0/plugins/com.st.stm32cube.ide.mcu.externaltools.gnu-tools-for-stm32.7-2018-q2-update.linux64_1.0.0.201904181610/tools/bin/../lib/gcc/arm-none-eabi/7.3.1/../../../../arm-none-eabi/lib/thumb/v7e-m/fpv4-sp/hard/libc_nano.a
END GROUP
START GROUP
LOAD /opt/st/stm32cubeide_1.3.0/plugins/com.st.stm32cube.ide.mcu.externaltools.gnu-tools-for-stm32.7-2018-q2-update.linux64_1.0.0.201904181610/tools/bin/../lib/gcc/arm-none-eabi/7.3.1/thumb/v7e-m/fpv4-sp/hard/libgcc.a
LOAD /opt/st/stm32cubeide_1.3.0/plugins/com.st.stm32cube.ide.mcu.externaltools.gnu-tools-for-stm32.7-2018-q2-update.linux64_1.0.0.201904181610/tools/bin/../lib/gcc/arm-none-eabi/7.3.1/../../../../arm-none-eabi/lib/thumb/v7e-m/fpv4-sp/hard/libc_nano.a
LOAD /opt/st/stm32cubeide_1.3.0/plugins/com.st.stm32cube.ide.mcu.externaltools.gnu-tools-for-stm32.7-2018-q2-update.linux64_1.0.0.201904181610/tools/bin/../lib/gcc/arm-none-eabi/7.3.1/../../../../arm-none-eabi/lib/thumb/v7e-m/fpv4-sp/hard/libnosys.a
END GROUP
START GROUP
LOAD /opt/st/stm32cubeide_1.3.0/plugins/com.st.stm32cube.ide.mcu.externaltools.gnu-tools-for-stm32.7-2018-q2-update.linux64_1.0.0.201904181610/tools/bin/../lib/gcc/arm-none-eabi/7.3.1/thumb/v7e-m/fpv4-sp/hard/libgcc.a
LOAD /opt/st/stm32cubeide_1.3.0/plugins/com.st.stm32cube.ide.mcu.externaltools.gnu-tools-for-stm32.7-2018-q2-update.linux64_1.0.0.201904181610/tools/bin/../lib/gcc/arm-none-eabi/7.3.1/../../../../arm-none-eabi/lib/thumb/v7e-m/fpv4-sp/hard/libc_nano.a
LOAD /opt/st/stm32cubeide_1.3.0/plugins/com.st.stm32cube.ide.mcu.externaltools.gnu-tools-for-stm32.7-2018-q2-update.linux64_1.0.0.201904181610/tools/bin/../lib/gcc/arm-none-eabi/7.3.1/../../../../arm-none-eabi/lib/thumb/v7e-m/fpv4-sp/hard/libnosys.a
END GROUP
LOAD /opt/st/stm32cubeide_1.3.0/plugins/com.st.stm32cube.ide.mcu.externaltools.gnu-tools-for-stm32.7-2018-q2-update.linux64_1.0.0.201904181610/tools/bin/../lib/gcc/arm-none-eabi/7.3.1/thumb/v7e-m/fpv4-sp/hard/crtend.o
LOAD /opt/st/stm32cubeide_1.3.0/plugins/com.st.stm32cube.ide.mcu.externaltools.gnu-tools-for-stm32.7-2018-q2-update.linux64_1.0.0.201904181610/tools/bin/../lib/gcc/arm-none-eabi/7.3.1/thumb/v7e-m/fpv4-sp/hard/crtn.o
                0x0000000020020000                _estack = (ORIGIN (RAM) + LENGTH (RAM))
                0x0000000000000200                _Min_Heap_Size = 0x200
                0x0000000000000400                _Min_Stack_Size = 0x400

.isr_vector     0x0000000008000000      0x188
                0x0000000008000000                . = ALIGN (0x4)
 *(.isr_vector)
 .isr_vector    0x0000000008000000      0x188 Core/Startup/startup_stm32f405rgtx.o
                0x0000000008000000                g_pfnVectors
                0x0000000008000188                . = ALIGN (0x4)

.text           0x0000000008000188     0x5fdc
                0x0000000008000188                . = ALIGN (0x4)
 *(.text)
 .text          0x0000000008000188       0x40 /opt/st/stm32cubeide_1.3.0/plugins/com.st.stm32cube.ide.mcu.externaltools.gnu-tools-for-stm32.7-2018-q2-update.linux64_1.0.0.201904181610/tools/bin/../lib/gcc/arm-none-eabi/7.3.1/thumb/v7e-m/fpv4-sp/hard/crtbegin.o
 .text          0x00000000080001c8      0x378 /opt/st/stm32cubeide_1.3.0/plugins/com.st.stm32cube.ide.mcu.externaltools.gnu-tools-for-stm32.7-2018-q2-update.linux64_1.0.0.201904181610/tools/bin/../lib/gcc/arm-none-eabi/7.3.1/thumb/v7e-m/fpv4-sp/hard/libgcc.a(_arm_addsubdf3.o)
                0x00000000080001c8                __aeabi_drsub
                0x00000000080001d0                __aeabi_dsub
                0x00000000080001d0                __subdf3
                0x00000000080001d4                __adddf3
                0x00000000080001d4                __aeabi_dadd
                0x000000000800044c                __aeabi_ui2d
                0x000000000800044c                __floatunsidf
                0x000000000800046c                __floatsidf
                0x000000000800046c                __aeabi_i2d
                0x0000000008000490                __extendsfdf2
                0x0000000008000490                __aeabi_f2d
                0x00000000080004d4                __aeabi_ul2d
                0x00000000080004d4                __floatundidf
                0x00000000080004e4                __floatdidf
                0x00000000080004e4                __aeabi_l2d
 .text          0x0000000008000540      0x424 /opt/st/stm32cubeide_1.3.0/plugins/com.st.stm32cube.ide.mcu.externaltools.gnu-tools-for-stm32.7-2018-q2-update.linux64_1.0.0.201904181610/tools/bin/../lib/gcc/arm-none-eabi/7.3.1/thumb/v7e-m/fpv4-sp/hard/libgcc.a(_arm_muldivdf3.o)
                0x0000000008000540                __aeabi_dmul
                0x0000000008000540                __muldf3
                0x0000000008000794                __aeabi_ddiv
                0x0000000008000794                __divdf3
 .text          0x0000000008000964      0x110 /opt/st/stm32cubeide_1.3.0/plugins/com.st.stm32cube.ide.mcu.externaltools.gnu-tools-for-stm32.7-2018-q2-update.linux64_1.0.0.201904181610/tools/bin/../lib/gcc/arm-none-eabi/7.3.1/thumb/v7e-m/fpv4-sp/hard/libgcc.a(_arm_cmpdf2.o)
                0x0000000008000964                __gtdf2
                0x0000000008000964                __gedf2
                0x000000000800096c                __ltdf2
                0x000000000800096c                __ledf2
                0x0000000008000974                __cmpdf2
                0x0000000008000974                __eqdf2
                0x0000000008000974                __nedf2
                0x00000000080009f0                __aeabi_cdrcmple
                0x0000000008000a00                __aeabi_cdcmple
                0x0000000008000a00                __aeabi_cdcmpeq
                0x0000000008000a10                __aeabi_dcmpeq
                0x0000000008000a24                __aeabi_dcmplt
                0x0000000008000a38                __aeabi_dcmple
                0x0000000008000a4c                __aeabi_dcmpge
                0x0000000008000a60                __aeabi_dcmpgt
 .text          0x0000000008000a74       0x2c /opt/st/stm32cubeide_1.3.0/plugins/com.st.stm32cube.ide.mcu.externaltools.gnu-tools-for-stm32.7-2018-q2-update.linux64_1.0.0.201904181610/tools/bin/../lib/gcc/arm-none-eabi/7.3.1/thumb/v7e-m/fpv4-sp/hard/libgcc.a(_arm_unorddf2.o)
                0x0000000008000a74                __aeabi_dcmpun
                0x0000000008000a74                __unorddf2
 .text          0x0000000008000aa0       0x40 /opt/st/stm32cubeide_1.3.0/plugins/com.st.stm32cube.ide.mcu.externaltools.gnu-tools-for-stm32.7-2018-q2-update.linux64_1.0.0.201904181610/tools/bin/../lib/gcc/arm-none-eabi/7.3.1/thumb/v7e-m/fpv4-sp/hard/libgcc.a(_arm_fixunsdfsi.o)
                0x0000000008000aa0                __fixunsdfsi
                0x0000000008000aa0                __aeabi_d2uiz
 .text          0x0000000008000ae0       0x30 /opt/st/stm32cubeide_1.3.0/plugins/com.st.stm32cube.ide.mcu.externaltools.gnu-tools-for-stm32.7-2018-q2-update.linux64_1.0.0.201904181610/tools/bin/../lib/gcc/arm-none-eabi/7.3.1/thumb/v7e-m/fpv4-sp/hard/libgcc.a(_aeabi_uldivmod.o)
                0x0000000008000ae0                __aeabi_uldivmod
 .text          0x0000000008000b10      0x2cc /opt/st/stm32cubeide_1.3.0/plugins/com.st.stm32cube.ide.mcu.externaltools.gnu-tools-for-stm32.7-2018-q2-update.linux64_1.0.0.201904181610/tools/bin/../lib/gcc/arm-none-eabi/7.3.1/thumb/v7e-m/fpv4-sp/hard/libgcc.a(_udivmoddi4.o)
                0x0000000008000b10                __udivmoddi4
 .text          0x0000000008000ddc        0x4 /opt/st/stm32cubeide_1.3.0/plugins/com.st.stm32cube.ide.mcu.externaltools.gnu-tools-for-stm32.7-2018-q2-update.linux64_1.0.0.201904181610/tools/bin/../lib/gcc/arm-none-eabi/7.3.1/thumb/v7e-m/fpv4-sp/hard/libgcc.a(_dvmd_tls.o)
                0x0000000008000ddc                __aeabi_ldiv0
                0x0000000008000ddc                __aeabi_idiv0
 *(.text*)
 .text.ADSR_Initialize_Look_Up_Tables
                0x0000000008000de0      0x190 Core/ADSR_lib/ADSR.o
                0x0000000008000de0                ADSR_Initialize_Look_Up_Tables
 .text.Initialize_ADSR
                0x0000000008000f70       0x5e Core/ADSR_lib/ADSR.o
                0x0000000008000f70                Initialize_ADSR
 .text.ADSR_Tick
                0x0000000008000fce       0x36 Core/ADSR_lib/ADSR.o
                0x0000000008000fce                ADSR_Tick
 .text.ADSR_Gate_On_Event
                0x0000000008001004       0x36 Core/ADSR_lib/ADSR.o
                0x0000000008001004                ADSR_Gate_On_Event
 .text.ADSR_Gate_Off_Event
                0x000000000800103a       0x46 Core/ADSR_lib/ADSR.o
                0x000000000800103a                ADSR_Gate_Off_Event
 .text.Current_ADSR_State_Is_Tickable
                0x0000000008001080       0x32 Core/ADSR_lib/ADSR.o
 .text.Calculate_Tuning_Word_And_Increment_Accumulator
                0x00000000080010b2       0x98 Core/ADSR_lib/ADSR.o
 .text.Handle_State_Transitions
                0x000000000800114a       0x3c Core/ADSR_lib/ADSR.o
 *fill*         0x0000000008001186        0x2 
 .text.Advance_ADSR_State
                0x0000000008001188       0x68 Core/ADSR_lib/ADSR.o
 .text.Calculate_Current_ADSR_Value
                0x00000000080011f0      0x1ec Core/ADSR_lib/ADSR.o
 .text.Linear_Interpolation
                0x00000000080013dc       0x88 Core/ADSR_lib/ADSR.o
 .text.Poll_Discrete_Input
                0x0000000008001464       0xdc Core/Discrete_Input_lib/Discrete_Input.o
                0x0000000008001464                Poll_Discrete_Input
 .text.MX_ADC1_Init
                0x0000000008001540      0x168 Core/Src/adc.o
                0x0000000008001540                MX_ADC1_Init
 .text.HAL_ADC_MspInit
                0x00000000080016a8      0x128 Core/Src/adc.o
                0x00000000080016a8                HAL_ADC_MspInit
 .text.MX_DAC_Init
                0x00000000080017d0       0x68 Core/Src/dac.o
                0x00000000080017d0                MX_DAC_Init
 .text.HAL_DAC_MspInit
                0x0000000008001838       0x88 Core/Src/dac.o
                0x0000000008001838                HAL_DAC_MspInit
 .text.MX_DMA_Init
                0x00000000080018c0       0x40 Core/Src/dma.o
                0x00000000080018c0                MX_DMA_Init
 .text.MX_GPIO_Init
                0x0000000008001900       0xf4 Core/Src/gpio.o
                0x0000000008001900                MX_GPIO_Init
 .text.main     0x00000000080019f4       0xa0 Core/Src/main.o
                0x00000000080019f4                main
 .text.SystemClock_Config
                0x0000000008001a94       0xd4 Core/Src/main.o
                0x0000000008001a94                SystemClock_Config
 .text.HAL_TIM_PeriodElapsedCallback
                0x0000000008001b68       0x44 Core/Src/main.o
                0x0000000008001b68                HAL_TIM_PeriodElapsedCallback
 .text.tick_ADSRs
                0x0000000008001bac       0x38 Core/Src/main.o
                0x0000000008001bac                tick_ADSRs
 .text.poll_gate_and_trigger_inputs
                0x0000000008001be4       0xcc Core/Src/main.o
                0x0000000008001be4                poll_gate_and_trigger_inputs
 .text.poll_range_switches
                0x0000000008001cb0       0x68 Core/Src/main.o
                0x0000000008001cb0                poll_range_switches
 .text.scale_potentiometer_readings
                0x0000000008001d18      0x2b4 Core/Src/main.o
                0x0000000008001d18                scale_potentiometer_readings
 .text.update_ADSR_inputs
                0x0000000008001fcc       0x5c Core/Src/main.o
                0x0000000008001fcc                update_ADSR_inputs
 .text.update_DACs
                0x0000000008002028       0x30 Core/Src/main.o
                0x0000000008002028                update_DACs
 .text.Error_Handler
                0x0000000008002058        0xe Core/Src/main.o
                0x0000000008002058                Error_Handler
 *fill*         0x0000000008002066        0x2 
 .text.HAL_MspInit
                0x0000000008002068       0x50 Core/Src/stm32f4xx_hal_msp.o
                0x0000000008002068                HAL_MspInit
 .text.NMI_Handler
                0x00000000080020b8        0xe Core/Src/stm32f4xx_it.o
                0x00000000080020b8                NMI_Handler
 .text.HardFault_Handler
                0x00000000080020c6        0x6 Core/Src/stm32f4xx_it.o
                0x00000000080020c6                HardFault_Handler
 .text.MemManage_Handler
                0x00000000080020cc        0x6 Core/Src/stm32f4xx_it.o
                0x00000000080020cc                MemManage_Handler
 .text.BusFault_Handler
                0x00000000080020d2        0x6 Core/Src/stm32f4xx_it.o
                0x00000000080020d2                BusFault_Handler
 .text.UsageFault_Handler
                0x00000000080020d8        0x6 Core/Src/stm32f4xx_it.o
                0x00000000080020d8                UsageFault_Handler
 .text.SVC_Handler
                0x00000000080020de        0xe Core/Src/stm32f4xx_it.o
                0x00000000080020de                SVC_Handler
 .text.DebugMon_Handler
                0x00000000080020ec        0xe Core/Src/stm32f4xx_it.o
                0x00000000080020ec                DebugMon_Handler
 .text.PendSV_Handler
                0x00000000080020fa        0xe Core/Src/stm32f4xx_it.o
                0x00000000080020fa                PendSV_Handler
 .text.SysTick_Handler
                0x0000000008002108       0x10 Core/Src/stm32f4xx_it.o
                0x0000000008002108                SysTick_Handler
 .text.TIM1_UP_TIM10_IRQHandler
                0x0000000008002118       0x14 Core/Src/stm32f4xx_it.o
                0x0000000008002118                TIM1_UP_TIM10_IRQHandler
 .text.TIM7_IRQHandler
                0x000000000800212c       0x14 Core/Src/stm32f4xx_it.o
                0x000000000800212c                TIM7_IRQHandler
 .text.DMA2_Stream0_IRQHandler
                0x0000000008002140       0x14 Core/Src/stm32f4xx_it.o
                0x0000000008002140                DMA2_Stream0_IRQHandler
 .text.SystemInit
                0x0000000008002154       0x2c Core/Src/system_stm32f4xx.o
                0x0000000008002154                SystemInit
 .text.MX_TIM2_Init
                0x0000000008002180       0x98 Core/Src/tim.o
                0x0000000008002180                MX_TIM2_Init
 .text.MX_TIM7_Init
                0x0000000008002218       0x68 Core/Src/tim.o
                0x0000000008002218                MX_TIM7_Init
 .text.MX_TIM10_Init
                0x0000000008002280       0x48 Core/Src/tim.o
                0x0000000008002280                MX_TIM10_Init
 .text.HAL_TIM_Base_MspInit
                0x00000000080022c8       0xb4 Core/Src/tim.o
                0x00000000080022c8                HAL_TIM_Base_MspInit
 .text.Reset_Handler
                0x000000000800237c       0x50 Core/Startup/startup_stm32f405rgtx.o
                0x000000000800237c                Reset_Handler
 .text.Default_Handler
                0x00000000080023cc        0x2 Core/Startup/startup_stm32f405rgtx.o
                0x00000000080023cc                RTC_Alarm_IRQHandler
                0x00000000080023cc                HASH_RNG_IRQHandler
                0x00000000080023cc                EXTI2_IRQHandler
                0x00000000080023cc                TIM8_CC_IRQHandler
                0x00000000080023cc                TIM1_CC_IRQHandler
                0x00000000080023cc                DMA2_Stream5_IRQHandler
                0x00000000080023cc                DMA1_Stream5_IRQHandler
                0x00000000080023cc                PVD_IRQHandler
                0x00000000080023cc                SDIO_IRQHandler
                0x00000000080023cc                TAMP_STAMP_IRQHandler
                0x00000000080023cc                CAN2_RX1_IRQHandler
                0x00000000080023cc                EXTI3_IRQHandler
                0x00000000080023cc                TIM8_TRG_COM_TIM14_IRQHandler
                0x00000000080023cc                TIM8_UP_TIM13_IRQHandler
                0x00000000080023cc                I2C3_ER_IRQHandler
                0x00000000080023cc                EXTI0_IRQHandler
                0x00000000080023cc                I2C2_EV_IRQHandler
                0x00000000080023cc                DMA1_Stream2_IRQHandler
                0x00000000080023cc                CAN1_RX0_IRQHandler
                0x00000000080023cc                FPU_IRQHandler
                0x00000000080023cc                OTG_HS_WKUP_IRQHandler
                0x00000000080023cc                CAN2_SCE_IRQHandler
                0x00000000080023cc                DMA2_Stream2_IRQHandler
                0x00000000080023cc                SPI1_IRQHandler
                0x00000000080023cc                TIM6_DAC_IRQHandler
                0x00000000080023cc                TIM1_BRK_TIM9_IRQHandler
                0x00000000080023cc                CAN2_RX0_IRQHandler
                0x00000000080023cc                DMA2_Stream3_IRQHandler
                0x00000000080023cc                USART6_IRQHandler
                0x00000000080023cc                USART3_IRQHandler
                0x00000000080023cc                CAN1_RX1_IRQHandler
                0x00000000080023cc                UART5_IRQHandler
                0x00000000080023cc                TIM4_IRQHandler
                0x00000000080023cc                I2C1_EV_IRQHandler
                0x00000000080023cc                DMA1_Stream6_IRQHandler
                0x00000000080023cc                DMA1_Stream1_IRQHandler
                0x00000000080023cc                UART4_IRQHandler
                0x00000000080023cc                TIM3_IRQHandler
                0x00000000080023cc                RCC_IRQHandler
                0x00000000080023cc                TIM8_BRK_TIM12_IRQHandler
                0x00000000080023cc                Default_Handler
                0x00000000080023cc                EXTI15_10_IRQHandler
                0x00000000080023cc                ADC_IRQHandler
                0x00000000080023cc                DMA1_Stream7_IRQHandler
                0x00000000080023cc                CAN2_TX_IRQHandler
                0x00000000080023cc                TIM5_IRQHandler
                0x00000000080023cc                DMA2_Stream7_IRQHandler
                0x00000000080023cc                I2C3_EV_IRQHandler
                0x00000000080023cc                EXTI9_5_IRQHandler
                0x00000000080023cc                RTC_WKUP_IRQHandler
                0x00000000080023cc                SPI2_IRQHandler
                0x00000000080023cc                OTG_HS_EP1_IN_IRQHandler
                0x00000000080023cc                DMA1_Stream0_IRQHandler
                0x00000000080023cc                CAN1_TX_IRQHandler
                0x00000000080023cc                EXTI4_IRQHandler
                0x00000000080023cc                FSMC_IRQHandler
                0x00000000080023cc                OTG_HS_EP1_OUT_IRQHandler
                0x00000000080023cc                WWDG_IRQHandler
                0x00000000080023cc                TIM2_IRQHandler
                0x00000000080023cc                OTG_FS_WKUP_IRQHandler
                0x00000000080023cc                TIM1_TRG_COM_TIM11_IRQHandler
                0x00000000080023cc                OTG_HS_IRQHandler
                0x00000000080023cc                EXTI1_IRQHandler
                0x00000000080023cc                USART2_IRQHandler
                0x00000000080023cc                I2C2_ER_IRQHandler
                0x00000000080023cc                DMA2_Stream1_IRQHandler
                0x00000000080023cc                CAN1_SCE_IRQHandler
                0x00000000080023cc                FLASH_IRQHandler
                0x00000000080023cc                DMA2_Stream4_IRQHandler
                0x00000000080023cc                USART1_IRQHandler
                0x00000000080023cc                OTG_FS_IRQHandler
                0x00000000080023cc                SPI3_IRQHandler
                0x00000000080023cc                DMA1_Stream4_IRQHandler
                0x00000000080023cc                I2C1_ER_IRQHandler
                0x00000000080023cc                DMA2_Stream6_IRQHandler
                0x00000000080023cc                DMA1_Stream3_IRQHandler
 *fill*         0x00000000080023ce        0x2 
 .text.HAL_Init
                0x00000000080023d0       0x44 Drivers/STM32F4xx_HAL_Driver/Src/stm32f4xx_hal.o
                0x00000000080023d0                HAL_Init
 .text.HAL_InitTick
                0x0000000008002414       0x60 Drivers/STM32F4xx_HAL_Driver/Src/stm32f4xx_hal.o
                0x0000000008002414                HAL_InitTick
 .text.HAL_IncTick
                0x0000000008002474       0x28 Drivers/STM32F4xx_HAL_Driver/Src/stm32f4xx_hal.o
                0x0000000008002474                HAL_IncTick
 .text.HAL_GetTick
                0x000000000800249c       0x18 Drivers/STM32F4xx_HAL_Driver/Src/stm32f4xx_hal.o
                0x000000000800249c                HAL_GetTick
 .text.HAL_ADC_Init
                0x00000000080024b4       0x86 Drivers/STM32F4xx_HAL_Driver/Src/stm32f4xx_hal_adc.o
                0x00000000080024b4                HAL_ADC_Init
 *fill*         0x000000000800253a        0x2 
 .text.HAL_ADC_Start_DMA
                0x000000000800253c      0x1e4 Drivers/STM32F4xx_HAL_Driver/Src/stm32f4xx_hal_adc.o
                0x000000000800253c                HAL_ADC_Start_DMA
 .text.HAL_ADC_ConvCpltCallback
                0x0000000008002720       0x14 Drivers/STM32F4xx_HAL_Driver/Src/stm32f4xx_hal_adc.o
                0x0000000008002720                HAL_ADC_ConvCpltCallback
 .text.HAL_ADC_ConvHalfCpltCallback
                0x0000000008002734       0x14 Drivers/STM32F4xx_HAL_Driver/Src/stm32f4xx_hal_adc.o
                0x0000000008002734                HAL_ADC_ConvHalfCpltCallback
 .text.HAL_ADC_ErrorCallback
                0x0000000008002748       0x14 Drivers/STM32F4xx_HAL_Driver/Src/stm32f4xx_hal_adc.o
                0x0000000008002748                HAL_ADC_ErrorCallback
 .text.HAL_ADC_ConfigChannel
                0x000000000800275c      0x244 Drivers/STM32F4xx_HAL_Driver/Src/stm32f4xx_hal_adc.o
                0x000000000800275c                HAL_ADC_ConfigChannel
 .text.ADC_Init
                0x00000000080029a0      0x1f8 Drivers/STM32F4xx_HAL_Driver/Src/stm32f4xx_hal_adc.o
 .text.ADC_DMAConvCplt
                0x0000000008002b98       0xba Drivers/STM32F4xx_HAL_Driver/Src/stm32f4xx_hal_adc.o
 .text.ADC_DMAHalfConvCplt
                0x0000000008002c52       0x1c Drivers/STM32F4xx_HAL_Driver/Src/stm32f4xx_hal_adc.o
 .text.ADC_DMAError
                0x0000000008002c6e       0x2e Drivers/STM32F4xx_HAL_Driver/Src/stm32f4xx_hal_adc.o
 .text.__NVIC_SetPriorityGrouping
                0x0000000008002c9c       0x48 Drivers/STM32F4xx_HAL_Driver/Src/stm32f4xx_hal_cortex.o
 .text.__NVIC_GetPriorityGrouping
                0x0000000008002ce4       0x1c Drivers/STM32F4xx_HAL_Driver/Src/stm32f4xx_hal_cortex.o
 .text.__NVIC_EnableIRQ
                0x0000000008002d00       0x3c Drivers/STM32F4xx_HAL_Driver/Src/stm32f4xx_hal_cortex.o
 .text.__NVIC_SetPriority
                0x0000000008002d3c       0x54 Drivers/STM32F4xx_HAL_Driver/Src/stm32f4xx_hal_cortex.o
 .text.NVIC_EncodePriority
                0x0000000008002d90       0x66 Drivers/STM32F4xx_HAL_Driver/Src/stm32f4xx_hal_cortex.o
 *fill*         0x0000000008002df6        0x2 
 .text.SysTick_Config
                0x0000000008002df8       0x44 Drivers/STM32F4xx_HAL_Driver/Src/stm32f4xx_hal_cortex.o
 .text.HAL_NVIC_SetPriorityGrouping
                0x0000000008002e3c       0x16 Drivers/STM32F4xx_HAL_Driver/Src/stm32f4xx_hal_cortex.o
                0x0000000008002e3c                HAL_NVIC_SetPriorityGrouping
 .text.HAL_NVIC_SetPriority
                0x0000000008002e52       0x38 Drivers/STM32F4xx_HAL_Driver/Src/stm32f4xx_hal_cortex.o
                0x0000000008002e52                HAL_NVIC_SetPriority
 .text.HAL_NVIC_EnableIRQ
                0x0000000008002e8a       0x1c Drivers/STM32F4xx_HAL_Driver/Src/stm32f4xx_hal_cortex.o
                0x0000000008002e8a                HAL_NVIC_EnableIRQ
 .text.HAL_SYSTICK_Config
                0x0000000008002ea6       0x18 Drivers/STM32F4xx_HAL_Driver/Src/stm32f4xx_hal_cortex.o
                0x0000000008002ea6                HAL_SYSTICK_Config
 .text.HAL_SYSTICK_Callback
                0x0000000008002ebe        0xe Drivers/STM32F4xx_HAL_Driver/Src/stm32f4xx_hal_cortex.o
                0x0000000008002ebe                HAL_SYSTICK_Callback
 .text.HAL_DAC_Init
                0x0000000008002ecc       0x44 Drivers/STM32F4xx_HAL_Driver/Src/stm32f4xx_hal_dac.o
                0x0000000008002ecc                HAL_DAC_Init
 .text.HAL_DAC_Start
                0x0000000008002f10       0xcc Drivers/STM32F4xx_HAL_Driver/Src/stm32f4xx_hal_dac.o
                0x0000000008002f10                HAL_DAC_Start
 .text.HAL_DAC_ConfigChannel
                0x0000000008002fdc       0x9a Drivers/STM32F4xx_HAL_Driver/Src/stm32f4xx_hal_dac.o
                0x0000000008002fdc                HAL_DAC_ConfigChannel
 .text.HAL_DAC_SetValue
                0x0000000008003076       0x4a Drivers/STM32F4xx_HAL_Driver/Src/stm32f4xx_hal_dac.o
                0x0000000008003076                HAL_DAC_SetValue
 .text.HAL_DMA_Init
                0x00000000080030c0      0x15c Drivers/STM32F4xx_HAL_Driver/Src/stm32f4xx_hal_dma.o
                0x00000000080030c0                HAL_DMA_Init
 .text.HAL_DMA_Start_IT
                0x000000000800321c       0xb0 Drivers/STM32F4xx_HAL_Driver/Src/stm32f4xx_hal_dma.o
                0x000000000800321c                HAL_DMA_Start_IT
 .text.HAL_DMA_IRQHandler
                0x00000000080032cc      0x314 Drivers/STM32F4xx_HAL_Driver/Src/stm32f4xx_hal_dma.o
                0x00000000080032cc                HAL_DMA_IRQHandler
 .text.DMA_SetConfig
                0x00000000080035e0       0x5c Drivers/STM32F4xx_HAL_Driver/Src/stm32f4xx_hal_dma.o
 .text.DMA_CalcBaseAndBitshift
                0x000000000800363c       0x6c Drivers/STM32F4xx_HAL_Driver/Src/stm32f4xx_hal_dma.o
 .text.DMA_CheckFifoParam
                0x00000000080036a8       0xf4 Drivers/STM32F4xx_HAL_Driver/Src/stm32f4xx_hal_dma.o
 .text.HAL_GPIO_Init
                0x000000000800379c      0x334 Drivers/STM32F4xx_HAL_Driver/Src/stm32f4xx_hal_gpio.o
                0x000000000800379c                HAL_GPIO_Init
 .text.HAL_GPIO_ReadPin
                0x0000000008003ad0       0x30 Drivers/STM32F4xx_HAL_Driver/Src/stm32f4xx_hal_gpio.o
                0x0000000008003ad0                HAL_GPIO_ReadPin
 .text.HAL_GPIO_WritePin
                0x0000000008003b00       0x32 Drivers/STM32F4xx_HAL_Driver/Src/stm32f4xx_hal_gpio.o
                0x0000000008003b00                HAL_GPIO_WritePin
 *fill*         0x0000000008003b32        0x2 
 .text.HAL_RCC_OscConfig
                0x0000000008003b34      0x4e0 Drivers/STM32F4xx_HAL_Driver/Src/stm32f4xx_hal_rcc.o
                0x0000000008003b34                HAL_RCC_OscConfig
 .text.HAL_RCC_ClockConfig
                0x0000000008004014      0x1cc Drivers/STM32F4xx_HAL_Driver/Src/stm32f4xx_hal_rcc.o
                0x0000000008004014                HAL_RCC_ClockConfig
 .text.HAL_RCC_GetSysClockFreq
                0x00000000080041e0      0x1ac Drivers/STM32F4xx_HAL_Driver/Src/stm32f4xx_hal_rcc.o
                0x00000000080041e0                HAL_RCC_GetSysClockFreq
 .text.HAL_TIM_Base_Init
                0x000000000800438c       0x56 Drivers/STM32F4xx_HAL_Driver/Src/stm32f4xx_hal_tim.o
                0x000000000800438c                HAL_TIM_Base_Init
 .text.HAL_TIM_Base_Start
                0x00000000080043e2       0x48 Drivers/STM32F4xx_HAL_Driver/Src/stm32f4xx_hal_tim.o
                0x00000000080043e2                HAL_TIM_Base_Start
 .text.HAL_TIM_Base_Start_IT
                0x000000000800442a       0x48 Drivers/STM32F4xx_HAL_Driver/Src/stm32f4xx_hal_tim.o
                0x000000000800442a                HAL_TIM_Base_Start_IT
 .text.HAL_TIM_IRQHandler
                0x0000000008004472      0x210 Drivers/STM32F4xx_HAL_Driver/Src/stm32f4xx_hal_tim.o
                0x0000000008004472                HAL_TIM_IRQHandler
 .text.HAL_TIM_ConfigClockSource
                0x0000000008004682      0x16e Drivers/STM32F4xx_HAL_Driver/Src/stm32f4xx_hal_tim.o
                0x0000000008004682                HAL_TIM_ConfigClockSource
 .text.HAL_TIM_OC_DelayElapsedCallback
                0x00000000080047f0       0x14 Drivers/STM32F4xx_HAL_Driver/Src/stm32f4xx_hal_tim.o
                0x00000000080047f0                HAL_TIM_OC_DelayElapsedCallback
 .text.HAL_TIM_IC_CaptureCallback
                0x0000000008004804       0x14 Drivers/STM32F4xx_HAL_Driver/Src/stm32f4xx_hal_tim.o
                0x0000000008004804                HAL_TIM_IC_CaptureCallback
 .text.HAL_TIM_PWM_PulseFinishedCallback
                0x0000000008004818       0x14 Drivers/STM32F4xx_HAL_Driver/Src/stm32f4xx_hal_tim.o
                0x0000000008004818                HAL_TIM_PWM_PulseFinishedCallback
 .text.HAL_TIM_TriggerCallback
                0x000000000800482c       0x14 Drivers/STM32F4xx_HAL_Driver/Src/stm32f4xx_hal_tim.o
                0x000000000800482c                HAL_TIM_TriggerCallback
 .text.TIM_Base_SetConfig
                0x0000000008004840      0x140 Drivers/STM32F4xx_HAL_Driver/Src/stm32f4xx_hal_tim.o
                0x0000000008004840                TIM_Base_SetConfig
 .text.TIM_TI1_ConfigInputStage
                0x0000000008004980       0x5e Drivers/STM32F4xx_HAL_Driver/Src/stm32f4xx_hal_tim.o
 .text.TIM_TI2_ConfigInputStage
                0x00000000080049de       0x60 Drivers/STM32F4xx_HAL_Driver/Src/stm32f4xx_hal_tim.o
 .text.TIM_ITRx_SetConfig
                0x0000000008004a3e       0x36 Drivers/STM32F4xx_HAL_Driver/Src/stm32f4xx_hal_tim.o
 .text.TIM_ETR_SetConfig
                0x0000000008004a74       0x40 Drivers/STM32F4xx_HAL_Driver/Src/stm32f4xx_hal_tim.o
                0x0000000008004a74                TIM_ETR_SetConfig
 .text.HAL_TIMEx_MasterConfigSynchronization
                0x0000000008004ab4       0xf8 Drivers/STM32F4xx_HAL_Driver/Src/stm32f4xx_hal_tim_ex.o
                0x0000000008004ab4                HAL_TIMEx_MasterConfigSynchronization
 .text.HAL_TIMEx_CommutCallback
                0x0000000008004bac       0x14 Drivers/STM32F4xx_HAL_Driver/Src/stm32f4xx_hal_tim_ex.o
                0x0000000008004bac                HAL_TIMEx_CommutCallback
 .text.HAL_TIMEx_BreakCallback
                0x0000000008004bc0       0x14 Drivers/STM32F4xx_HAL_Driver/Src/stm32f4xx_hal_tim_ex.o
                0x0000000008004bc0                HAL_TIMEx_BreakCallback
 .text.__errno  0x0000000008004bd4        0xc /opt/st/stm32cubeide_1.3.0/plugins/com.st.stm32cube.ide.mcu.externaltools.gnu-tools-for-stm32.7-2018-q2-update.linux64_1.0.0.201904181610/tools/bin/../lib/gcc/arm-none-eabi/7.3.1/../../../../arm-none-eabi/lib/thumb/v7e-m/fpv4-sp/hard/libc_nano.a(lib_a-errno.o)
                0x0000000008004bd4                __errno
 .text.__libc_init_array
                0x0000000008004be0       0x48 /opt/st/stm32cubeide_1.3.0/plugins/com.st.stm32cube.ide.mcu.externaltools.gnu-tools-for-stm32.7-2018-q2-update.linux64_1.0.0.201904181610/tools/bin/../lib/gcc/arm-none-eabi/7.3.1/../../../../arm-none-eabi/lib/thumb/v7e-m/fpv4-sp/hard/libc_nano.a(lib_a-init.o)
                0x0000000008004be0                __libc_init_array
 .text.memset   0x0000000008004c28       0x10 /opt/st/stm32cubeide_1.3.0/plugins/com.st.stm32cube.ide.mcu.externaltools.gnu-tools-for-stm32.7-2018-q2-update.linux64_1.0.0.201904181610/tools/bin/../lib/gcc/arm-none-eabi/7.3.1/../../../../arm-none-eabi/lib/thumb/v7e-m/fpv4-sp/hard/libc_nano.a(lib_a-memset.o)
                0x0000000008004c28                memset
 .text.log      0x0000000008004c38      0x100 /opt/st/stm32cubeide_1.3.0/plugins/com.st.stm32cube.ide.mcu.externaltools.gnu-tools-for-stm32.7-2018-q2-update.linux64_1.0.0.201904181610/tools/bin/../lib/gcc/arm-none-eabi/7.3.1/../../../../arm-none-eabi/lib/thumb/v7e-m/fpv4-sp/hard/libm.a(lib_a-w_log.o)
                0x0000000008004c38                log
 .text.pow      0x0000000008004d38      0x2e0 /opt/st/stm32cubeide_1.3.0/plugins/com.st.stm32cube.ide.mcu.externaltools.gnu-tools-for-stm32.7-2018-q2-update.linux64_1.0.0.201904181610/tools/bin/../lib/gcc/arm-none-eabi/7.3.1/../../../../arm-none-eabi/lib/thumb/v7e-m/fpv4-sp/hard/libm.a(lib_a-w_pow.o)
                0x0000000008004d38                pow
 .text.__ieee754_log
                0x0000000008005018      0x364 /opt/st/stm32cubeide_1.3.0/plugins/com.st.stm32cube.ide.mcu.externaltools.gnu-tools-for-stm32.7-2018-q2-update.linux64_1.0.0.201904181610/tools/bin/../lib/gcc/arm-none-eabi/7.3.1/../../../../arm-none-eabi/lib/thumb/v7e-m/fpv4-sp/hard/libm.a(lib_a-e_log.o)
                0x0000000008005018                __ieee754_log
 *fill*         0x000000000800537c        0x4 
 .text.__ieee754_pow
                0x0000000008005380      0xa1c /opt/st/stm32cubeide_1.3.0/plugins/com.st.stm32cube.ide.mcu.externaltools.gnu-tools-for-stm32.7-2018-q2-update.linux64_1.0.0.201904181610/tools/bin/../lib/gcc/arm-none-eabi/7.3.1/../../../../arm-none-eabi/lib/thumb/v7e-m/fpv4-sp/hard/libm.a(lib_a-e_pow.o)
                0x0000000008005380                __ieee754_pow
 .text.__ieee754_sqrt
                0x0000000008005d9c      0x160 /opt/st/stm32cubeide_1.3.0/plugins/com.st.stm32cube.ide.mcu.externaltools.gnu-tools-for-stm32.7-2018-q2-update.linux64_1.0.0.201904181610/tools/bin/../lib/gcc/arm-none-eabi/7.3.1/../../../../arm-none-eabi/lib/thumb/v7e-m/fpv4-sp/hard/libm.a(lib_a-e_sqrt.o)
                0x0000000008005d9c                __ieee754_sqrt
 .text.fabs     0x0000000008005efc       0x12 /opt/st/stm32cubeide_1.3.0/plugins/com.st.stm32cube.ide.mcu.externaltools.gnu-tools-for-stm32.7-2018-q2-update.linux64_1.0.0.201904181610/tools/bin/../lib/gcc/arm-none-eabi/7.3.1/../../../../arm-none-eabi/lib/thumb/v7e-m/fpv4-sp/hard/libm.a(lib_a-s_fabs.o)
                0x0000000008005efc                fabs
 .text.finite   0x0000000008005f0e       0x10 /opt/st/stm32cubeide_1.3.0/plugins/com.st.stm32cube.ide.mcu.externaltools.gnu-tools-for-stm32.7-2018-q2-update.linux64_1.0.0.201904181610/tools/bin/../lib/gcc/arm-none-eabi/7.3.1/../../../../arm-none-eabi/lib/thumb/v7e-m/fpv4-sp/hard/libm.a(lib_a-s_finite.o)
                0x0000000008005f0e                finite
 .text.matherr  0x0000000008005f1e        0x4 /opt/st/stm32cubeide_1.3.0/plugins/com.st.stm32cube.ide.mcu.externaltools.gnu-tools-for-stm32.7-2018-q2-update.linux64_1.0.0.201904181610/tools/bin/../lib/gcc/arm-none-eabi/7.3.1/../../../../arm-none-eabi/lib/thumb/v7e-m/fpv4-sp/hard/libm.a(lib_a-s_matherr.o)
                0x0000000008005f1e                matherr
 *fill*         0x0000000008005f22        0x6 
 .text.nan      0x0000000008005f28       0x10 /opt/st/stm32cubeide_1.3.0/plugins/com.st.stm32cube.ide.mcu.externaltools.gnu-tools-for-stm32.7-2018-q2-update.linux64_1.0.0.201904181610/tools/bin/../lib/gcc/arm-none-eabi/7.3.1/../../../../arm-none-eabi/lib/thumb/v7e-m/fpv4-sp/hard/libm.a(lib_a-s_nan.o)
                0x0000000008005f28                nan
 .text.rint     0x0000000008005f38      0x108 /opt/st/stm32cubeide_1.3.0/plugins/com.st.stm32cube.ide.mcu.externaltools.gnu-tools-for-stm32.7-2018-q2-update.linux64_1.0.0.201904181610/tools/bin/../lib/gcc/arm-none-eabi/7.3.1/../../../../arm-none-eabi/lib/thumb/v7e-m/fpv4-sp/hard/libm.a(lib_a-s_rint.o)
                0x0000000008005f38                rint
 .text.scalbn   0x0000000008006040       0xec /opt/st/stm32cubeide_1.3.0/plugins/com.st.stm32cube.ide.mcu.externaltools.gnu-tools-for-stm32.7-2018-q2-update.linux64_1.0.0.201904181610/tools/bin/../lib/gcc/arm-none-eabi/7.3.1/../../../../arm-none-eabi/lib/thumb/v7e-m/fpv4-sp/hard/libm.a(lib_a-s_scalbn.o)
                0x0000000008006040                scalbn
 .text.copysign
                0x000000000800612c       0x1e /opt/st/stm32cubeide_1.3.0/plugins/com.st.stm32cube.ide.mcu.externaltools.gnu-tools-for-stm32.7-2018-q2-update.linux64_1.0.0.201904181610/tools/bin/../lib/gcc/arm-none-eabi/7.3.1/../../../../arm-none-eabi/lib/thumb/v7e-m/fpv4-sp/hard/libm.a(lib_a-s_copysign.o)
                0x000000000800612c                copysign
 *(.glue_7)
 .glue_7        0x000000000800614a        0x0 linker stubs
 *(.glue_7t)
 .glue_7t       0x000000000800614a        0x0 linker stubs
 *(.eh_frame)
 *fill*         0x000000000800614a        0x2 
 .eh_frame      0x000000000800614c        0x0 /opt/st/stm32cubeide_1.3.0/plugins/com.st.stm32cube.ide.mcu.externaltools.gnu-tools-for-stm32.7-2018-q2-update.linux64_1.0.0.201904181610/tools/bin/../lib/gcc/arm-none-eabi/7.3.1/thumb/v7e-m/fpv4-sp/hard/crtbegin.o
 *(.init)
 .init          0x000000000800614c        0x4 /opt/st/stm32cubeide_1.3.0/plugins/com.st.stm32cube.ide.mcu.externaltools.gnu-tools-for-stm32.7-2018-q2-update.linux64_1.0.0.201904181610/tools/bin/../lib/gcc/arm-none-eabi/7.3.1/thumb/v7e-m/fpv4-sp/hard/crti.o
                0x000000000800614c                _init
 .init          0x0000000008006150        0x8 /opt/st/stm32cubeide_1.3.0/plugins/com.st.stm32cube.ide.mcu.externaltools.gnu-tools-for-stm32.7-2018-q2-update.linux64_1.0.0.201904181610/tools/bin/../lib/gcc/arm-none-eabi/7.3.1/thumb/v7e-m/fpv4-sp/hard/crtn.o
 *(.fini)
 .fini          0x0000000008006158        0x4 /opt/st/stm32cubeide_1.3.0/plugins/com.st.stm32cube.ide.mcu.externaltools.gnu-tools-for-stm32.7-2018-q2-update.linux64_1.0.0.201904181610/tools/bin/../lib/gcc/arm-none-eabi/7.3.1/thumb/v7e-m/fpv4-sp/hard/crti.o
                0x0000000008006158                _fini
 .fini          0x000000000800615c        0x8 /opt/st/stm32cubeide_1.3.0/plugins/com.st.stm32cube.ide.mcu.externaltools.gnu-tools-for-stm32.7-2018-q2-update.linux64_1.0.0.201904181610/tools/bin/../lib/gcc/arm-none-eabi/7.3.1/thumb/v7e-m/fpv4-sp/hard/crtn.o
                0x0000000008006164                . = ALIGN (0x4)
                0x0000000008006164                _etext = .

.vfp11_veneer   0x0000000008006164        0x0
 .vfp11_veneer  0x0000000008006164        0x0 linker stubs

.v4_bx          0x0000000008006164        0x0
 .v4_bx         0x0000000008006164        0x0 linker stubs

.iplt           0x0000000008006164        0x0
 .iplt          0x0000000008006164        0x0 /opt/st/stm32cubeide_1.3.0/plugins/com.st.stm32cube.ide.mcu.externaltools.gnu-tools-for-stm32.7-2018-q2-update.linux64_1.0.0.201904181610/tools/bin/../lib/gcc/arm-none-eabi/7.3.1/thumb/v7e-m/fpv4-sp/hard/crtbegin.o

.rodata         0x0000000008006168       0x60
                0x0000000008006168                . = ALIGN (0x4)
 *(.rodata)
 *(.rodata*)
 .rodata.AHBPrescTable
                0x0000000008006168       0x10 Core/Src/system_stm32f4xx.o
                0x0000000008006168                AHBPrescTable
 .rodata.flagBitshiftOffset.8137
                0x0000000008006178        0x8 Drivers/STM32F4xx_HAL_Driver/Src/stm32f4xx_hal_dma.o
 .rodata.log.str1.1
                0x0000000008006180        0x4 /opt/st/stm32cubeide_1.3.0/plugins/com.st.stm32cube.ide.mcu.externaltools.gnu-tools-for-stm32.7-2018-q2-update.linux64_1.0.0.201904181610/tools/bin/../lib/gcc/arm-none-eabi/7.3.1/../../../../arm-none-eabi/lib/thumb/v7e-m/fpv4-sp/hard/libm.a(lib_a-w_log.o)
                                          0x5 (size before relaxing)
 .rodata.pow.str1.1
                0x0000000008006184        0x4 /opt/st/stm32cubeide_1.3.0/plugins/com.st.stm32cube.ide.mcu.externaltools.gnu-tools-for-stm32.7-2018-q2-update.linux64_1.0.0.201904181610/tools/bin/../lib/gcc/arm-none-eabi/7.3.1/../../../../arm-none-eabi/lib/thumb/v7e-m/fpv4-sp/hard/libm.a(lib_a-w_pow.o)
 .rodata.__ieee754_pow.str1.1
                0x0000000008006188        0x1 /opt/st/stm32cubeide_1.3.0/plugins/com.st.stm32cube.ide.mcu.externaltools.gnu-tools-for-stm32.7-2018-q2-update.linux64_1.0.0.201904181610/tools/bin/../lib/gcc/arm-none-eabi/7.3.1/../../../../arm-none-eabi/lib/thumb/v7e-m/fpv4-sp/hard/libm.a(lib_a-e_pow.o)
 .rodata.bp     0x0000000008006188       0x10 /opt/st/stm32cubeide_1.3.0/plugins/com.st.stm32cube.ide.mcu.externaltools.gnu-tools-for-stm32.7-2018-q2-update.linux64_1.0.0.201904181610/tools/bin/../lib/gcc/arm-none-eabi/7.3.1/../../../../arm-none-eabi/lib/thumb/v7e-m/fpv4-sp/hard/libm.a(lib_a-e_pow.o)
 .rodata.dp_h   0x0000000008006198       0x10 /opt/st/stm32cubeide_1.3.0/plugins/com.st.stm32cube.ide.mcu.externaltools.gnu-tools-for-stm32.7-2018-q2-update.linux64_1.0.0.201904181610/tools/bin/../lib/gcc/arm-none-eabi/7.3.1/../../../../arm-none-eabi/lib/thumb/v7e-m/fpv4-sp/hard/libm.a(lib_a-e_pow.o)
 .rodata.dp_l   0x00000000080061a8       0x10 /opt/st/stm32cubeide_1.3.0/plugins/com.st.stm32cube.ide.mcu.externaltools.gnu-tools-for-stm32.7-2018-q2-update.linux64_1.0.0.201904181610/tools/bin/../lib/gcc/arm-none-eabi/7.3.1/../../../../arm-none-eabi/lib/thumb/v7e-m/fpv4-sp/hard/libm.a(lib_a-e_pow.o)
 .rodata.TWO52  0x00000000080061b8       0x10 /opt/st/stm32cubeide_1.3.0/plugins/com.st.stm32cube.ide.mcu.externaltools.gnu-tools-for-stm32.7-2018-q2-update.linux64_1.0.0.201904181610/tools/bin/../lib/gcc/arm-none-eabi/7.3.1/../../../../arm-none-eabi/lib/thumb/v7e-m/fpv4-sp/hard/libm.a(lib_a-s_rint.o)
                0x00000000080061c8                . = ALIGN (0x4)

.ARM.extab      0x00000000080061c8        0x0
                0x00000000080061c8                . = ALIGN (0x4)
 *(.ARM.extab* .gnu.linkonce.armextab.*)
                0x00000000080061c8                . = ALIGN (0x4)

.ARM            0x00000000080061c8        0x8
                0x00000000080061c8                . = ALIGN (0x4)
                0x00000000080061c8                __exidx_start = .
 *(.ARM.exidx*)
 .ARM.exidx     0x00000000080061c8        0x8 /opt/st/stm32cubeide_1.3.0/plugins/com.st.stm32cube.ide.mcu.externaltools.gnu-tools-for-stm32.7-2018-q2-update.linux64_1.0.0.201904181610/tools/bin/../lib/gcc/arm-none-eabi/7.3.1/thumb/v7e-m/fpv4-sp/hard/libgcc.a(_udivmoddi4.o)
                0x00000000080061d0                __exidx_end = .
                0x00000000080061d0                . = ALIGN (0x4)

.rel.dyn        0x00000000080061d0        0x0
 .rel.iplt      0x00000000080061d0        0x0 /opt/st/stm32cubeide_1.3.0/plugins/com.st.stm32cube.ide.mcu.externaltools.gnu-tools-for-stm32.7-2018-q2-update.linux64_1.0.0.201904181610/tools/bin/../lib/gcc/arm-none-eabi/7.3.1/thumb/v7e-m/fpv4-sp/hard/crtbegin.o

.preinit_array  0x00000000080061d0        0x0
                0x00000000080061d0                . = ALIGN (0x4)
                0x00000000080061d0                PROVIDE (__preinit_array_start = .)
 *(.preinit_array*)
                0x00000000080061d0                PROVIDE (__preinit_array_end = .)
                0x00000000080061d0                . = ALIGN (0x4)

.init_array     0x00000000080061d0        0x4
                0x00000000080061d0                . = ALIGN (0x4)
                0x00000000080061d0                PROVIDE (__init_array_start = .)
 *(SORT_BY_NAME(.init_array.*))
 *(.init_array*)
 .init_array    0x00000000080061d0        0x4 /opt/st/stm32cubeide_1.3.0/plugins/com.st.stm32cube.ide.mcu.externaltools.gnu-tools-for-stm32.7-2018-q2-update.linux64_1.0.0.201904181610/tools/bin/../lib/gcc/arm-none-eabi/7.3.1/thumb/v7e-m/fpv4-sp/hard/crtbegin.o
                0x00000000080061d4                PROVIDE (__init_array_end = .)
                0x00000000080061d4                . = ALIGN (0x4)

.fini_array     0x00000000080061d4        0x4
                0x00000000080061d4                . = ALIGN (0x4)
                [!provide]                        PROVIDE (__fini_array_start = .)
 *(SORT_BY_NAME(.fini_array.*))
 *(.fini_array*)
 .fini_array    0x00000000080061d4        0x4 /opt/st/stm32cubeide_1.3.0/plugins/com.st.stm32cube.ide.mcu.externaltools.gnu-tools-for-stm32.7-2018-q2-update.linux64_1.0.0.201904181610/tools/bin/../lib/gcc/arm-none-eabi/7.3.1/thumb/v7e-m/fpv4-sp/hard/crtbegin.o
                [!provide]                        PROVIDE (__fini_array_end = .)
                0x00000000080061d8                . = ALIGN (0x4)
                0x00000000080061d8                _sidata = LOADADDR (.data)

.data           0x0000000020000000      0x104 load address 0x00000000080061d8
                0x0000000020000000                . = ALIGN (0x4)
                0x0000000020000000                _sdata = .
 *(.data)
 *(.data*)
 .data.gate_input
                0x0000000020000000       0x30 Core/Src/main.o
                0x0000000020000000                gate_input
 .data.trigger_input
                0x0000000020000030       0x30 Core/Src/main.o
                0x0000000020000030                trigger_input
 .data.range_switch
                0x0000000020000060       0x30 Core/Src/main.o
                0x0000000020000060                range_switch
 .data.SystemCoreClock
                0x0000000020000090        0x4 Core/Src/system_stm32f4xx.o
                0x0000000020000090                SystemCoreClock
 .data.uwTickPrio
                0x0000000020000094        0x4 Drivers/STM32F4xx_HAL_Driver/Src/stm32f4xx_hal.o
                0x0000000020000094                uwTickPrio
 .data.uwTickFreq
                0x0000000020000098        0x1 Drivers/STM32F4xx_HAL_Driver/Src/stm32f4xx_hal.o
                0x0000000020000098                uwTickFreq
 *fill*         0x0000000020000099        0x3 
 .data._impure_ptr
                0x000000002000009c        0x4 /opt/st/stm32cubeide_1.3.0/plugins/com.st.stm32cube.ide.mcu.externaltools.gnu-tools-for-stm32.7-2018-q2-update.linux64_1.0.0.201904181610/tools/bin/../lib/gcc/arm-none-eabi/7.3.1/../../../../arm-none-eabi/lib/thumb/v7e-m/fpv4-sp/hard/libc_nano.a(lib_a-impure.o)
                0x000000002000009c                _impure_ptr
 .data.impure_data
                0x00000000200000a0       0x60 /opt/st/stm32cubeide_1.3.0/plugins/com.st.stm32cube.ide.mcu.externaltools.gnu-tools-for-stm32.7-2018-q2-update.linux64_1.0.0.201904181610/tools/bin/../lib/gcc/arm-none-eabi/7.3.1/../../../../arm-none-eabi/lib/thumb/v7e-m/fpv4-sp/hard/libc_nano.a(lib_a-impure.o)
 .data.__fdlib_version
                0x0000000020000100        0x1 /opt/st/stm32cubeide_1.3.0/plugins/com.st.stm32cube.ide.mcu.externaltools.gnu-tools-for-stm32.7-2018-q2-update.linux64_1.0.0.201904181610/tools/bin/../lib/gcc/arm-none-eabi/7.3.1/../../../../arm-none-eabi/lib/thumb/v7e-m/fpv4-sp/hard/libm.a(lib_a-s_lib_ver.o)
                0x0000000020000100                __fdlib_version
                0x0000000020000104                . = ALIGN (0x4)
 *fill*         0x0000000020000101        0x3 
                0x0000000020000104                _edata = .

.igot.plt       0x0000000020000104        0x0 load address 0x00000000080062dc
 .igot.plt      0x0000000020000104        0x0 /opt/st/stm32cubeide_1.3.0/plugins/com.st.stm32cube.ide.mcu.externaltools.gnu-tools-for-stm32.7-2018-q2-update.linux64_1.0.0.201904181610/tools/bin/../lib/gcc/arm-none-eabi/7.3.1/thumb/v7e-m/fpv4-sp/hard/crtbegin.o
                0x0000000020000104                . = ALIGN (0x4)

.bss            0x0000000020000104      0xa38 load address 0x00000000080062dc
                0x0000000020000104                _sbss = .
                0x0000000020000104                __bss_start__ = _sbss
 *(.bss)
 .bss           0x0000000020000104       0x1c /opt/st/stm32cubeide_1.3.0/plugins/com.st.stm32cube.ide.mcu.externaltools.gnu-tools-for-stm32.7-2018-q2-update.linux64_1.0.0.201904181610/tools/bin/../lib/gcc/arm-none-eabi/7.3.1/thumb/v7e-m/fpv4-sp/hard/crtbegin.o
 *(.bss*)
 .bss.ADSR_ATTACK_TABLE
                0x0000000020000120      0x400 Core/ADSR_lib/ADSR.o
 .bss.ADSR_DECAY_TABLE
                0x0000000020000520      0x400 Core/ADSR_lib/ADSR.o
 *(COMMON)
 COMMON         0x0000000020000920       0xa8 Core/Src/adc.o
                0x0000000020000920                hadc1
                0x0000000020000968                hdma_adc1
 COMMON         0x00000000200009c8       0x14 Core/Src/dac.o
                0x00000000200009c8                hdac
 COMMON         0x00000000200009dc       0x9c Core/Src/main.o
                0x00000000200009dc                adsr_range
                0x00000000200009e0                raw_potentiometer_reading
                0x0000000020000a00                scaled_potentiometer_reading
                0x0000000020000a20                adsr
 COMMON         0x0000000020000a78       0xc0 Core/Src/tim.o
                0x0000000020000a78                htim10
                0x0000000020000ab8                htim2
                0x0000000020000af8                htim7
 COMMON         0x0000000020000b38        0x4 Drivers/STM32F4xx_HAL_Driver/Src/stm32f4xx_hal.o
                0x0000000020000b38                uwTick
                0x0000000020000b3c                . = ALIGN (0x4)
                0x0000000020000b3c                _ebss = .
                0x0000000020000b3c                __bss_end__ = _ebss

._user_heap_stack
                0x0000000020000b3c      0x604 load address 0x00000000080062dc
                0x0000000020000b40                . = ALIGN (0x8)
 *fill*         0x0000000020000b3c        0x4 
                0x0000000020000b40                PROVIDE (end = .)
                [!provide]                        PROVIDE (_end = .)
                0x0000000020000d40                . = (. + _Min_Heap_Size)
 *fill*         0x0000000020000b40      0x200 
                0x0000000020001140                . = (. + _Min_Stack_Size)
 *fill*         0x0000000020000d40      0x400 
                0x0000000020001140                . = ALIGN (0x8)

/DISCARD/
 libc.a(*)
 libm.a(*)
 libgcc.a(*)

.ARM.attributes
                0x0000000000000000       0x30
 *(.ARM.attributes)
 .ARM.attributes
                0x0000000000000000       0x22 /opt/st/stm32cubeide_1.3.0/plugins/com.st.stm32cube.ide.mcu.externaltools.gnu-tools-for-stm32.7-2018-q2-update.linux64_1.0.0.201904181610/tools/bin/../lib/gcc/arm-none-eabi/7.3.1/thumb/v7e-m/fpv4-sp/hard/crti.o
 .ARM.attributes
                0x0000000000000022       0x34 /opt/st/stm32cubeide_1.3.0/plugins/com.st.stm32cube.ide.mcu.externaltools.gnu-tools-for-stm32.7-2018-q2-update.linux64_1.0.0.201904181610/tools/bin/../lib/gcc/arm-none-eabi/7.3.1/thumb/v7e-m/fpv4-sp/hard/crtbegin.o
 .ARM.attributes
                0x0000000000000056       0x39 Core/ADSR_lib/ADSR.o
 .ARM.attributes
                0x000000000000008f       0x39 Core/Discrete_Input_lib/Discrete_Input.o
 .ARM.attributes
                0x00000000000000c8       0x39 Core/Src/adc.o
 .ARM.attributes
                0x0000000000000101       0x39 Core/Src/dac.o
 .ARM.attributes
                0x000000000000013a       0x39 Core/Src/dma.o
 .ARM.attributes
                0x0000000000000173       0x39 Core/Src/gpio.o
 .ARM.attributes
                0x00000000000001ac       0x39 Core/Src/main.o
 .ARM.attributes
                0x00000000000001e5       0x39 Core/Src/stm32f4xx_hal_msp.o
 .ARM.attributes
                0x000000000000021e       0x39 Core/Src/stm32f4xx_it.o
 .ARM.attributes
                0x0000000000000257       0x39 Core/Src/system_stm32f4xx.o
 .ARM.attributes
                0x0000000000000290       0x39 Core/Src/tim.o
 .ARM.attributes
                0x00000000000002c9       0x21 Core/Startup/startup_stm32f405rgtx.o
 .ARM.attributes
                0x00000000000002ea       0x39 Drivers/STM32F4xx_HAL_Driver/Src/stm32f4xx_hal.o
 .ARM.attributes
                0x0000000000000323       0x39 Drivers/STM32F4xx_HAL_Driver/Src/stm32f4xx_hal_adc.o
 .ARM.attributes
                0x000000000000035c       0x39 Drivers/STM32F4xx_HAL_Driver/Src/stm32f4xx_hal_cortex.o
 .ARM.attributes
                0x0000000000000395       0x39 Drivers/STM32F4xx_HAL_Driver/Src/stm32f4xx_hal_dac.o
 .ARM.attributes
                0x00000000000003ce       0x39 Drivers/STM32F4xx_HAL_Driver/Src/stm32f4xx_hal_dma.o
 .ARM.attributes
                0x0000000000000407       0x39 Drivers/STM32F4xx_HAL_Driver/Src/stm32f4xx_hal_gpio.o
 .ARM.attributes
                0x0000000000000440       0x39 Drivers/STM32F4xx_HAL_Driver/Src/stm32f4xx_hal_rcc.o
 .ARM.attributes
                0x0000000000000479       0x39 Drivers/STM32F4xx_HAL_Driver/Src/stm32f4xx_hal_tim.o
 .ARM.attributes
                0x00000000000004b2       0x39 Drivers/STM32F4xx_HAL_Driver/Src/stm32f4xx_hal_tim_ex.o
 .ARM.attributes
                0x00000000000004eb       0x34 /opt/st/stm32cubeide_1.3.0/plugins/com.st.stm32cube.ide.mcu.externaltools.gnu-tools-for-stm32.7-2018-q2-update.linux64_1.0.0.201904181610/tools/bin/../lib/gcc/arm-none-eabi/7.3.1/../../../../arm-none-eabi/lib/thumb/v7e-m/fpv4-sp/hard/libc_nano.a(lib_a-errno.o)
 .ARM.attributes
                0x000000000000051f       0x34 /opt/st/stm32cubeide_1.3.0/plugins/com.st.stm32cube.ide.mcu.externaltools.gnu-tools-for-stm32.7-2018-q2-update.linux64_1.0.0.201904181610/tools/bin/../lib/gcc/arm-none-eabi/7.3.1/../../../../arm-none-eabi/lib/thumb/v7e-m/fpv4-sp/hard/libc_nano.a(lib_a-impure.o)
 .ARM.attributes
                0x0000000000000553       0x34 /opt/st/stm32cubeide_1.3.0/plugins/com.st.stm32cube.ide.mcu.externaltools.gnu-tools-for-stm32.7-2018-q2-update.linux64_1.0.0.201904181610/tools/bin/../lib/gcc/arm-none-eabi/7.3.1/../../../../arm-none-eabi/lib/thumb/v7e-m/fpv4-sp/hard/libc_nano.a(lib_a-init.o)
 .ARM.attributes
                0x0000000000000587       0x34 /opt/st/stm32cubeide_1.3.0/plugins/com.st.stm32cube.ide.mcu.externaltools.gnu-tools-for-stm32.7-2018-q2-update.linux64_1.0.0.201904181610/tools/bin/../lib/gcc/arm-none-eabi/7.3.1/../../../../arm-none-eabi/lib/thumb/v7e-m/fpv4-sp/hard/libc_nano.a(lib_a-memset.o)
 .ARM.attributes
                0x00000000000005bb       0x34 /opt/st/stm32cubeide_1.3.0/plugins/com.st.stm32cube.ide.mcu.externaltools.gnu-tools-for-stm32.7-2018-q2-update.linux64_1.0.0.201904181610/tools/bin/../lib/gcc/arm-none-eabi/7.3.1/../../../../arm-none-eabi/lib/thumb/v7e-m/fpv4-sp/hard/libm.a(lib_a-w_log.o)
 .ARM.attributes
                0x00000000000005ef       0x34 /opt/st/stm32cubeide_1.3.0/plugins/com.st.stm32cube.ide.mcu.externaltools.gnu-tools-for-stm32.7-2018-q2-update.linux64_1.0.0.201904181610/tools/bin/../lib/gcc/arm-none-eabi/7.3.1/../../../../arm-none-eabi/lib/thumb/v7e-m/fpv4-sp/hard/libm.a(lib_a-w_pow.o)
 .ARM.attributes
                0x0000000000000623       0x34 /opt/st/stm32cubeide_1.3.0/plugins/com.st.stm32cube.ide.mcu.externaltools.gnu-tools-for-stm32.7-2018-q2-update.linux64_1.0.0.201904181610/tools/bin/../lib/gcc/arm-none-eabi/7.3.1/../../../../arm-none-eabi/lib/thumb/v7e-m/fpv4-sp/hard/libm.a(lib_a-e_log.o)
 .ARM.attributes
                0x0000000000000657       0x34 /opt/st/stm32cubeide_1.3.0/plugins/com.st.stm32cube.ide.mcu.externaltools.gnu-tools-for-stm32.7-2018-q2-update.linux64_1.0.0.201904181610/tools/bin/../lib/gcc/arm-none-eabi/7.3.1/../../../../arm-none-eabi/lib/thumb/v7e-m/fpv4-sp/hard/libm.a(lib_a-e_pow.o)
 .ARM.attributes
                0x000000000000068b       0x34 /opt/st/stm32cubeide_1.3.0/plugins/com.st.stm32cube.ide.mcu.externaltools.gnu-tools-for-stm32.7-2018-q2-update.linux64_1.0.0.201904181610/tools/bin/../lib/gcc/arm-none-eabi/7.3.1/../../../../arm-none-eabi/lib/thumb/v7e-m/fpv4-sp/hard/libm.a(lib_a-e_sqrt.o)
 .ARM.attributes
                0x00000000000006bf       0x34 /opt/st/stm32cubeide_1.3.0/plugins/com.st.stm32cube.ide.mcu.externaltools.gnu-tools-for-stm32.7-2018-q2-update.linux64_1.0.0.201904181610/tools/bin/../lib/gcc/arm-none-eabi/7.3.1/../../../../arm-none-eabi/lib/thumb/v7e-m/fpv4-sp/hard/libm.a(lib_a-s_fabs.o)
 .ARM.attributes
                0x00000000000006f3       0x34 /opt/st/stm32cubeide_1.3.0/plugins/com.st.stm32cube.ide.mcu.externaltools.gnu-tools-for-stm32.7-2018-q2-update.linux64_1.0.0.201904181610/tools/bin/../lib/gcc/arm-none-eabi/7.3.1/../../../../arm-none-eabi/lib/thumb/v7e-m/fpv4-sp/hard/libm.a(lib_a-s_finite.o)
 .ARM.attributes
                0x0000000000000727       0x34 /opt/st/stm32cubeide_1.3.0/plugins/com.st.stm32cube.ide.mcu.externaltools.gnu-tools-for-stm32.7-2018-q2-update.linux64_1.0.0.201904181610/tools/bin/../lib/gcc/arm-none-eabi/7.3.1/../../../../arm-none-eabi/lib/thumb/v7e-m/fpv4-sp/hard/libm.a(lib_a-s_lib_ver.o)
 .ARM.attributes
                0x000000000000075b       0x34 /opt/st/stm32cubeide_1.3.0/plugins/com.st.stm32cube.ide.mcu.externaltools.gnu-tools-for-stm32.7-2018-q2-update.linux64_1.0.0.201904181610/tools/bin/../lib/gcc/arm-none-eabi/7.3.1/../../../../arm-none-eabi/lib/thumb/v7e-m/fpv4-sp/hard/libm.a(lib_a-s_matherr.o)
 .ARM.attributes
                0x000000000000078f       0x34 /opt/st/stm32cubeide_1.3.0/plugins/com.st.stm32cube.ide.mcu.externaltools.gnu-tools-for-stm32.7-2018-q2-update.linux64_1.0.0.201904181610/tools/bin/../lib/gcc/arm-none-eabi/7.3.1/../../../../arm-none-eabi/lib/thumb/v7e-m/fpv4-sp/hard/libm.a(lib_a-s_nan.o)
 .ARM.attributes
                0x00000000000007c3       0x34 /opt/st/stm32cubeide_1.3.0/plugins/com.st.stm32cube.ide.mcu.externaltools.gnu-tools-for-stm32.7-2018-q2-update.linux64_1.0.0.201904181610/tools/bin/../lib/gcc/arm-none-eabi/7.3.1/../../../../arm-none-eabi/lib/thumb/v7e-m/fpv4-sp/hard/libm.a(lib_a-s_rint.o)
 .ARM.attributes
                0x00000000000007f7       0x34 /opt/st/stm32cubeide_1.3.0/plugins/com.st.stm32cube.ide.mcu.externaltools.gnu-tools-for-stm32.7-2018-q2-update.linux64_1.0.0.201904181610/tools/bin/../lib/gcc/arm-none-eabi/7.3.1/../../../../arm-none-eabi/lib/thumb/v7e-m/fpv4-sp/hard/libm.a(lib_a-s_scalbn.o)
 .ARM.attributes
                0x000000000000082b       0x34 /opt/st/stm32cubeide_1.3.0/plugins/com.st.stm32cube.ide.mcu.externaltools.gnu-tools-for-stm32.7-2018-q2-update.linux64_1.0.0.201904181610/tools/bin/../lib/gcc/arm-none-eabi/7.3.1/../../../../arm-none-eabi/lib/thumb/v7e-m/fpv4-sp/hard/libm.a(lib_a-s_copysign.o)
 .ARM.attributes
                0x000000000000085f       0x22 /opt/st/stm32cubeide_1.3.0/plugins/com.st.stm32cube.ide.mcu.externaltools.gnu-tools-for-stm32.7-2018-q2-update.linux64_1.0.0.201904181610/tools/bin/../lib/gcc/arm-none-eabi/7.3.1/thumb/v7e-m/fpv4-sp/hard/libgcc.a(_arm_addsubdf3.o)
 .ARM.attributes
                0x0000000000000881       0x22 /opt/st/stm32cubeide_1.3.0/plugins/com.st.stm32cube.ide.mcu.externaltools.gnu-tools-for-stm32.7-2018-q2-update.linux64_1.0.0.201904181610/tools/bin/../lib/gcc/arm-none-eabi/7.3.1/thumb/v7e-m/fpv4-sp/hard/libgcc.a(_arm_muldivdf3.o)
 .ARM.attributes
                0x00000000000008a3       0x22 /opt/st/stm32cubeide_1.3.0/plugins/com.st.stm32cube.ide.mcu.externaltools.gnu-tools-for-stm32.7-2018-q2-update.linux64_1.0.0.201904181610/tools/bin/../lib/gcc/arm-none-eabi/7.3.1/thumb/v7e-m/fpv4-sp/hard/libgcc.a(_arm_cmpdf2.o)
 .ARM.attributes
                0x00000000000008c5       0x22 /opt/st/stm32cubeide_1.3.0/plugins/com.st.stm32cube.ide.mcu.externaltools.gnu-tools-for-stm32.7-2018-q2-update.linux64_1.0.0.201904181610/tools/bin/../lib/gcc/arm-none-eabi/7.3.1/thumb/v7e-m/fpv4-sp/hard/libgcc.a(_arm_unorddf2.o)
 .ARM.attributes
                0x00000000000008e7       0x22 /opt/st/stm32cubeide_1.3.0/plugins/com.st.stm32cube.ide.mcu.externaltools.gnu-tools-for-stm32.7-2018-q2-update.linux64_1.0.0.201904181610/tools/bin/../lib/gcc/arm-none-eabi/7.3.1/thumb/v7e-m/fpv4-sp/hard/libgcc.a(_arm_fixunsdfsi.o)
 .ARM.attributes
                0x0000000000000909       0x22 /opt/st/stm32cubeide_1.3.0/plugins/com.st.stm32cube.ide.mcu.externaltools.gnu-tools-for-stm32.7-2018-q2-update.linux64_1.0.0.201904181610/tools/bin/../lib/gcc/arm-none-eabi/7.3.1/thumb/v7e-m/fpv4-sp/hard/libgcc.a(_aeabi_uldivmod.o)
 .ARM.attributes
                0x000000000000092b       0x34 /opt/st/stm32cubeide_1.3.0/plugins/com.st.stm32cube.ide.mcu.externaltools.gnu-tools-for-stm32.7-2018-q2-update.linux64_1.0.0.201904181610/tools/bin/../lib/gcc/arm-none-eabi/7.3.1/thumb/v7e-m/fpv4-sp/hard/libgcc.a(_udivmoddi4.o)
 .ARM.attributes
                0x000000000000095f       0x22 /opt/st/stm32cubeide_1.3.0/plugins/com.st.stm32cube.ide.mcu.externaltools.gnu-tools-for-stm32.7-2018-q2-update.linux64_1.0.0.201904181610/tools/bin/../lib/gcc/arm-none-eabi/7.3.1/thumb/v7e-m/fpv4-sp/hard/libgcc.a(_dvmd_tls.o)
 .ARM.attributes
                0x0000000000000981       0x22 /opt/st/stm32cubeide_1.3.0/plugins/com.st.stm32cube.ide.mcu.externaltools.gnu-tools-for-stm32.7-2018-q2-update.linux64_1.0.0.201904181610/tools/bin/../lib/gcc/arm-none-eabi/7.3.1/thumb/v7e-m/fpv4-sp/hard/crtn.o
OUTPUT(f405_dual_ADSR.elf elf32-littlearm)

.debug_info     0x0000000000000000     0xdbfd
 .debug_info    0x0000000000000000      0x595 Core/ADSR_lib/ADSR.o
 .debug_info    0x0000000000000595      0x37f Core/Discrete_Input_lib/Discrete_Input.o
 .debug_info    0x0000000000000914      0xa0d Core/Src/adc.o
 .debug_info    0x0000000000001321      0x8f7 Core/Src/dac.o
 .debug_info    0x0000000000001c18      0x558 Core/Src/dma.o
 .debug_info    0x0000000000002170      0x4c8 Core/Src/gpio.o
 .debug_info    0x0000000000002638     0x1b66 Core/Src/main.o
 .debug_info    0x000000000000419e      0x362 Core/Src/stm32f4xx_hal_msp.o
 .debug_info    0x0000000000004500      0x723 Core/Src/stm32f4xx_it.o
 .debug_info    0x0000000000004c23      0x554 Core/Src/system_stm32f4xx.o
 .debug_info    0x0000000000005177      0xbd2 Core/Src/tim.o
 .debug_info    0x0000000000005d49       0x22 Core/Startup/startup_stm32f405rgtx.o
 .debug_info    0x0000000000005d6b      0x933 Drivers/STM32F4xx_HAL_Driver/Src/stm32f4xx_hal.o
 .debug_info    0x000000000000669e      0xcee Drivers/STM32F4xx_HAL_Driver/Src/stm32f4xx_hal_adc.o
 .debug_info    0x000000000000738c      0xe16 Drivers/STM32F4xx_HAL_Driver/Src/stm32f4xx_hal_cortex.o
 .debug_info    0x00000000000081a2      0xa3a Drivers/STM32F4xx_HAL_Driver/Src/stm32f4xx_hal_dac.o
 .debug_info    0x0000000000008bdc      0x968 Drivers/STM32F4xx_HAL_Driver/Src/stm32f4xx_hal_dma.o
 .debug_info    0x0000000000009544      0x7b5 Drivers/STM32F4xx_HAL_Driver/Src/stm32f4xx_hal_gpio.o
 .debug_info    0x0000000000009cf9      0x904 Drivers/STM32F4xx_HAL_Driver/Src/stm32f4xx_hal_rcc.o
 .debug_info    0x000000000000a5fd     0x24a9 Drivers/STM32F4xx_HAL_Driver/Src/stm32f4xx_hal_tim.o
 .debug_info    0x000000000000caa6     0x1157 Drivers/STM32F4xx_HAL_Driver/Src/stm32f4xx_hal_tim_ex.o

.debug_abbrev   0x0000000000000000     0x236e
 .debug_abbrev  0x0000000000000000      0x18b Core/ADSR_lib/ADSR.o
 .debug_abbrev  0x000000000000018b      0x140 Core/Discrete_Input_lib/Discrete_Input.o
 .debug_abbrev  0x00000000000002cb      0x1aa Core/Src/adc.o
 .debug_abbrev  0x0000000000000475      0x199 Core/Src/dac.o
 .debug_abbrev  0x000000000000060e      0x107 Core/Src/dma.o
 .debug_abbrev  0x0000000000000715      0x134 Core/Src/gpio.o
 .debug_abbrev  0x0000000000000849      0x29a Core/Src/main.o
 .debug_abbrev  0x0000000000000ae3      0x109 Core/Src/stm32f4xx_hal_msp.o
 .debug_abbrev  0x0000000000000bec      0x15a Core/Src/stm32f4xx_it.o
 .debug_abbrev  0x0000000000000d46      0x12b Core/Src/system_stm32f4xx.o
 .debug_abbrev  0x0000000000000e71      0x1bc Core/Src/tim.o
 .debug_abbrev  0x000000000000102d       0x12 Core/Startup/startup_stm32f405rgtx.o
 .debug_abbrev  0x000000000000103f      0x1c7 Drivers/STM32F4xx_HAL_Driver/Src/stm32f4xx_hal.o
 .debug_abbrev  0x0000000000001206      0x205 Drivers/STM32F4xx_HAL_Driver/Src/stm32f4xx_hal_adc.o
 .debug_abbrev  0x000000000000140b      0x2fa Drivers/STM32F4xx_HAL_Driver/Src/stm32f4xx_hal_cortex.o
 .debug_abbrev  0x0000000000001705      0x1e4 Drivers/STM32F4xx_HAL_Driver/Src/stm32f4xx_hal_dac.o
 .debug_abbrev  0x00000000000018e9      0x229 Drivers/STM32F4xx_HAL_Driver/Src/stm32f4xx_hal_dma.o
 .debug_abbrev  0x0000000000001b12      0x1c9 Drivers/STM32F4xx_HAL_Driver/Src/stm32f4xx_hal_gpio.o
 .debug_abbrev  0x0000000000001cdb      0x245 Drivers/STM32F4xx_HAL_Driver/Src/stm32f4xx_hal_rcc.o
 .debug_abbrev  0x0000000000001f20      0x230 Drivers/STM32F4xx_HAL_Driver/Src/stm32f4xx_hal_tim.o
 .debug_abbrev  0x0000000000002150      0x21e Drivers/STM32F4xx_HAL_Driver/Src/stm32f4xx_hal_tim_ex.o

.debug_aranges  0x0000000000000000      0xcd8
 .debug_aranges
                0x0000000000000000       0x70 Core/ADSR_lib/ADSR.o
 .debug_aranges
                0x0000000000000070       0x20 Core/Discrete_Input_lib/Discrete_Input.o
 .debug_aranges
                0x0000000000000090       0x30 Core/Src/adc.o
 .debug_aranges
                0x00000000000000c0       0x30 Core/Src/dac.o
 .debug_aranges
                0x00000000000000f0       0x20 Core/Src/dma.o
 .debug_aranges
                0x0000000000000110       0x20 Core/Src/gpio.o
 .debug_aranges
                0x0000000000000130       0x68 Core/Src/main.o
 .debug_aranges
                0x0000000000000198       0x20 Core/Src/stm32f4xx_hal_msp.o
 .debug_aranges
                0x00000000000001b8       0x78 Core/Src/stm32f4xx_it.o
 .debug_aranges
                0x0000000000000230       0x28 Core/Src/system_stm32f4xx.o
 .debug_aranges
                0x0000000000000258       0x40 Core/Src/tim.o
 .debug_aranges
                0x0000000000000298       0x28 Core/Startup/startup_stm32f405rgtx.o
 .debug_aranges
                0x00000000000002c0       0xf0 Drivers/STM32F4xx_HAL_Driver/Src/stm32f4xx_hal.o
 .debug_aranges
                0x00000000000003b0       0xe8 Drivers/STM32F4xx_HAL_Driver/Src/stm32f4xx_hal_adc.o
 .debug_aranges
                0x0000000000000498      0x118 Drivers/STM32F4xx_HAL_Driver/Src/stm32f4xx_hal_cortex.o
 .debug_aranges
                0x00000000000005b0       0xc0 Drivers/STM32F4xx_HAL_Driver/Src/stm32f4xx_hal_dac.o
 .debug_aranges
                0x0000000000000670       0x90 Drivers/STM32F4xx_HAL_Driver/Src/stm32f4xx_hal_dma.o
 .debug_aranges
                0x0000000000000700       0x58 Drivers/STM32F4xx_HAL_Driver/Src/stm32f4xx_hal_gpio.o
 .debug_aranges
                0x0000000000000758       0x88 Drivers/STM32F4xx_HAL_Driver/Src/stm32f4xx_hal_rcc.o
 .debug_aranges
                0x00000000000007e0      0x3a8 Drivers/STM32F4xx_HAL_Driver/Src/stm32f4xx_hal_tim.o
 .debug_aranges
                0x0000000000000b88      0x150 Drivers/STM32F4xx_HAL_Driver/Src/stm32f4xx_hal_tim_ex.o

.debug_ranges   0x0000000000000000      0xb90
 .debug_ranges  0x0000000000000000       0x60 Core/ADSR_lib/ADSR.o
 .debug_ranges  0x0000000000000060       0x10 Core/Discrete_Input_lib/Discrete_Input.o
 .debug_ranges  0x0000000000000070       0x20 Core/Src/adc.o
 .debug_ranges  0x0000000000000090       0x20 Core/Src/dac.o
 .debug_ranges  0x00000000000000b0       0x10 Core/Src/dma.o
 .debug_ranges  0x00000000000000c0       0x10 Core/Src/gpio.o
 .debug_ranges  0x00000000000000d0       0x58 Core/Src/main.o
 .debug_ranges  0x0000000000000128       0x10 Core/Src/stm32f4xx_hal_msp.o
 .debug_ranges  0x0000000000000138       0x68 Core/Src/stm32f4xx_it.o
 .debug_ranges  0x00000000000001a0       0x18 Core/Src/system_stm32f4xx.o
 .debug_ranges  0x00000000000001b8       0x30 Core/Src/tim.o
 .debug_ranges  0x00000000000001e8       0x20 Core/Startup/startup_stm32f405rgtx.o
 .debug_ranges  0x0000000000000208       0xe0 Drivers/STM32F4xx_HAL_Driver/Src/stm32f4xx_hal.o
 .debug_ranges  0x00000000000002e8       0xd8 Drivers/STM32F4xx_HAL_Driver/Src/stm32f4xx_hal_adc.o
 .debug_ranges  0x00000000000003c0      0x108 Drivers/STM32F4xx_HAL_Driver/Src/stm32f4xx_hal_cortex.o
 .debug_ranges  0x00000000000004c8       0xb0 Drivers/STM32F4xx_HAL_Driver/Src/stm32f4xx_hal_dac.o
 .debug_ranges  0x0000000000000578       0x80 Drivers/STM32F4xx_HAL_Driver/Src/stm32f4xx_hal_dma.o
 .debug_ranges  0x00000000000005f8       0x48 Drivers/STM32F4xx_HAL_Driver/Src/stm32f4xx_hal_gpio.o
 .debug_ranges  0x0000000000000640       0x78 Drivers/STM32F4xx_HAL_Driver/Src/stm32f4xx_hal_rcc.o
 .debug_ranges  0x00000000000006b8      0x398 Drivers/STM32F4xx_HAL_Driver/Src/stm32f4xx_hal_tim.o
 .debug_ranges  0x0000000000000a50      0x140 Drivers/STM32F4xx_HAL_Driver/Src/stm32f4xx_hal_tim_ex.o

.debug_macro    0x0000000000000000    0x20327
 .debug_macro   0x0000000000000000       0xa2 Core/ADSR_lib/ADSR.o
 .debug_macro   0x00000000000000a2      0xa5a Core/ADSR_lib/ADSR.o
 .debug_macro   0x0000000000000afc       0x22 Core/ADSR_lib/ADSR.o
 .debug_macro   0x0000000000000b1e       0x8e Core/ADSR_lib/ADSR.o
 .debug_macro   0x0000000000000bac       0x51 Core/ADSR_lib/ADSR.o
 .debug_macro   0x0000000000000bfd       0xef Core/ADSR_lib/ADSR.o
 .debug_macro   0x0000000000000cec       0x6a Core/ADSR_lib/ADSR.o
 .debug_macro   0x0000000000000d56      0x1df Core/ADSR_lib/ADSR.o
 .debug_macro   0x0000000000000f35       0x35 Core/ADSR_lib/ADSR.o
 .debug_macro   0x0000000000000f6a      0x205 Core/Discrete_Input_lib/Discrete_Input.o
 .debug_macro   0x000000000000116f      0x190 Core/Discrete_Input_lib/Discrete_Input.o
 .debug_macro   0x00000000000012ff       0x2e Core/Discrete_Input_lib/Discrete_Input.o
 .debug_macro   0x000000000000132d       0x2f Core/Discrete_Input_lib/Discrete_Input.o
 .debug_macro   0x000000000000135c       0x1c Core/Discrete_Input_lib/Discrete_Input.o
 .debug_macro   0x0000000000001378       0x22 Core/Discrete_Input_lib/Discrete_Input.o
 .debug_macro   0x000000000000139a       0xdf Core/Discrete_Input_lib/Discrete_Input.o
 .debug_macro   0x0000000000001479     0x102d Core/Discrete_Input_lib/Discrete_Input.o
 .debug_macro   0x00000000000024a6      0x11f Core/Discrete_Input_lib/Discrete_Input.o
 .debug_macro   0x00000000000025c5    0x14251 Core/Discrete_Input_lib/Discrete_Input.o
 .debug_macro   0x0000000000016816       0x43 Core/Discrete_Input_lib/Discrete_Input.o
 .debug_macro   0x0000000000016859     0x3659 Core/Discrete_Input_lib/Discrete_Input.o
 .debug_macro   0x0000000000019eb2      0x174 Core/Discrete_Input_lib/Discrete_Input.o
 .debug_macro   0x000000000001a026       0x5a Core/Discrete_Input_lib/Discrete_Input.o
 .debug_macro   0x000000000001a080      0x8a7 Core/Discrete_Input_lib/Discrete_Input.o
 .debug_macro   0x000000000001a927      0x9fe Core/Discrete_Input_lib/Discrete_Input.o
 .debug_macro   0x000000000001b325      0x174 Core/Discrete_Input_lib/Discrete_Input.o
 .debug_macro   0x000000000001b499      0x117 Core/Discrete_Input_lib/Discrete_Input.o
 .debug_macro   0x000000000001b5b0      0x130 Core/Discrete_Input_lib/Discrete_Input.o
 .debug_macro   0x000000000001b6e0       0x27 Core/Discrete_Input_lib/Discrete_Input.o
 .debug_macro   0x000000000001b707      0x287 Core/Discrete_Input_lib/Discrete_Input.o
 .debug_macro   0x000000000001b98e       0x5f Core/Discrete_Input_lib/Discrete_Input.o
 .debug_macro   0x000000000001b9ed      0x236 Core/Discrete_Input_lib/Discrete_Input.o
 .debug_macro   0x000000000001bc23      0x391 Core/Discrete_Input_lib/Discrete_Input.o
 .debug_macro   0x000000000001bfb4      0x176 Core/Discrete_Input_lib/Discrete_Input.o
 .debug_macro   0x000000000001c12a       0xf9 Core/Discrete_Input_lib/Discrete_Input.o
 .debug_macro   0x000000000001c223       0xea Core/Discrete_Input_lib/Discrete_Input.o
 .debug_macro   0x000000000001c30d       0xa0 Core/Discrete_Input_lib/Discrete_Input.o
 .debug_macro   0x000000000001c3ad       0x3c Core/Discrete_Input_lib/Discrete_Input.o
 .debug_macro   0x000000000001c3e9      0x12c Core/Discrete_Input_lib/Discrete_Input.o
 .debug_macro   0x000000000001c515      0x21e Core/Discrete_Input_lib/Discrete_Input.o
 .debug_macro   0x000000000001c733       0x2e Core/Discrete_Input_lib/Discrete_Input.o
 .debug_macro   0x000000000001c761      0x11a Core/Discrete_Input_lib/Discrete_Input.o
 .debug_macro   0x000000000001c87b       0x7e Core/Discrete_Input_lib/Discrete_Input.o
 .debug_macro   0x000000000001c8f9       0x89 Core/Discrete_Input_lib/Discrete_Input.o
 .debug_macro   0x000000000001c982      0x8a0 Core/Discrete_Input_lib/Discrete_Input.o
 .debug_macro   0x000000000001d222       0x47 Core/Discrete_Input_lib/Discrete_Input.o
 .debug_macro   0x000000000001d269      0x12d Core/Discrete_Input_lib/Discrete_Input.o
 .debug_macro   0x000000000001d396       0x16 Core/Discrete_Input_lib/Discrete_Input.o
 .debug_macro   0x000000000001d3ac      0x20f Core/Src/adc.o
 .debug_macro   0x000000000001d5bb       0xdc Core/Src/adc.o
 .debug_macro   0x000000000001d697      0x20f Core/Src/dac.o
 .debug_macro   0x000000000001d8a6      0x20f Core/Src/dma.o
 .debug_macro   0x000000000001dab5      0x20f Core/Src/gpio.o
 .debug_macro   0x000000000001dcc4      0x312 Core/Src/main.o
 .debug_macro   0x000000000001dfd6       0x3b Core/Src/main.o
 .debug_macro   0x000000000001e011       0x1c Core/Src/main.o
 .debug_macro   0x000000000001e02d       0x46 Core/Src/main.o
 .debug_macro   0x000000000001e073       0x18 Core/Src/main.o
 .debug_macro   0x000000000001e08b       0x3c Core/Src/main.o
 .debug_macro   0x000000000001e0c7       0x34 Core/Src/main.o
 .debug_macro   0x000000000001e0fb       0x52 Core/Src/main.o
 .debug_macro   0x000000000001e14d       0x1f Core/Src/main.o
 .debug_macro   0x000000000001e16c       0x43 Core/Src/main.o
 .debug_macro   0x000000000001e1af       0x20 Core/Src/main.o
 .debug_macro   0x000000000001e1cf      0x1a3 Core/Src/main.o
 .debug_macro   0x000000000001e372      0x32a Core/Src/main.o
 .debug_macro   0x000000000001e69c      0x1e1 Core/Src/main.o
 .debug_macro   0x000000000001e87d       0x22 Core/Src/main.o
 .debug_macro   0x000000000001e89f      0x205 Core/Src/stm32f4xx_hal_msp.o
 .debug_macro   0x000000000001eaa4      0x20f Core/Src/stm32f4xx_it.o
 .debug_macro   0x000000000001ecb3      0x1fc Core/Src/system_stm32f4xx.o
 .debug_macro   0x000000000001eeaf      0x20f Core/Src/tim.o
 .debug_macro   0x000000000001f0be      0x256 Drivers/STM32F4xx_HAL_Driver/Src/stm32f4xx_hal.o
 .debug_macro   0x000000000001f314      0x1f7 Drivers/STM32F4xx_HAL_Driver/Src/stm32f4xx_hal_adc.o
 .debug_macro   0x000000000001f50b      0x1f6 Drivers/STM32F4xx_HAL_Driver/Src/stm32f4xx_hal_cortex.o
 .debug_macro   0x000000000001f701      0x1f7 Drivers/STM32F4xx_HAL_Driver/Src/stm32f4xx_hal_dac.o
 .debug_macro   0x000000000001f8f8      0x1fc Drivers/STM32F4xx_HAL_Driver/Src/stm32f4xx_hal_dma.o
 .debug_macro   0x000000000001faf4      0x22c Drivers/STM32F4xx_HAL_Driver/Src/stm32f4xx_hal_gpio.o
 .debug_macro   0x000000000001fd20      0x21a Drivers/STM32F4xx_HAL_Driver/Src/stm32f4xx_hal_rcc.o
 .debug_macro   0x000000000001ff3a      0x1f7 Drivers/STM32F4xx_HAL_Driver/Src/stm32f4xx_hal_tim.o
 .debug_macro   0x0000000000020131      0x1f6 Drivers/STM32F4xx_HAL_Driver/Src/stm32f4xx_hal_tim_ex.o

.debug_line     0x0000000000000000     0xb9cb
 .debug_line    0x0000000000000000      0x522 Core/ADSR_lib/ADSR.o
 .debug_line    0x0000000000000522      0x729 Core/Discrete_Input_lib/Discrete_Input.o
 .debug_line    0x0000000000000c4b      0x753 Core/Src/adc.o
 .debug_line    0x000000000000139e      0x715 Core/Src/dac.o
 .debug_line    0x0000000000001ab3      0x6e2 Core/Src/dma.o
 .debug_line    0x0000000000002195      0x6f4 Core/Src/gpio.o
 .debug_line    0x0000000000002889      0x9e8 Core/Src/main.o
 .debug_line    0x0000000000003271      0x6e7 Core/Src/stm32f4xx_hal_msp.o
 .debug_line    0x0000000000003958      0x7c2 Core/Src/stm32f4xx_it.o
 .debug_line    0x000000000000411a      0x702 Core/Src/system_stm32f4xx.o
 .debug_line    0x000000000000481c      0x76d Core/Src/tim.o
 .debug_line    0x0000000000004f89       0x85 Core/Startup/startup_stm32f405rgtx.o
 .debug_line    0x000000000000500e      0x8ec Drivers/STM32F4xx_HAL_Driver/Src/stm32f4xx_hal.o
 .debug_line    0x00000000000058fa      0xb51 Drivers/STM32F4xx_HAL_Driver/Src/stm32f4xx_hal_adc.o
 .debug_line    0x000000000000644b      0xa10 Drivers/STM32F4xx_HAL_Driver/Src/stm32f4xx_hal_cortex.o
 .debug_line    0x0000000000006e5b      0x940 Drivers/STM32F4xx_HAL_Driver/Src/stm32f4xx_hal_dac.o
 .debug_line    0x000000000000779b      0x9ba Drivers/STM32F4xx_HAL_Driver/Src/stm32f4xx_hal_dma.o
 .debug_line    0x0000000000008155      0x8cb Drivers/STM32F4xx_HAL_Driver/Src/stm32f4xx_hal_gpio.o
 .debug_line    0x0000000000008a20      0x944 Drivers/STM32F4xx_HAL_Driver/Src/stm32f4xx_hal_rcc.o
 .debug_line    0x0000000000009364     0x1965 Drivers/STM32F4xx_HAL_Driver/Src/stm32f4xx_hal_tim.o
 .debug_line    0x000000000000acc9      0xd02 Drivers/STM32F4xx_HAL_Driver/Src/stm32f4xx_hal_tim_ex.o

.debug_str      0x0000000000000000    0xc2e22
 .debug_str     0x0000000000000000     0x41e1 Core/ADSR_lib/ADSR.o
                                       0x4391 (size before relaxing)
 .debug_str     0x00000000000041e1    0xb7663 Core/Discrete_Input_lib/Discrete_Input.o
                                      0xbb37f (size before relaxing)
 .debug_str     0x00000000000bb844      0x8e1 Core/Src/adc.o
                                      0xbb9ae (size before relaxing)
 .debug_str     0x00000000000bc125      0x193 Core/Src/dac.o
                                      0xbb927 (size before relaxing)
 .debug_str     0x00000000000bc2b8      0x4d7 Core/Src/dma.o
                                      0xbb992 (size before relaxing)
 .debug_str     0x00000000000bc78f       0x2a Core/Src/gpio.o
                                      0xbb565 (size before relaxing)
 .debug_str     0x00000000000bc7b9     0x3cd2 Core/Src/main.o
                                      0xbfdc2 (size before relaxing)
 .debug_str     0x00000000000c048b       0x2c Core/Src/stm32f4xx_hal_msp.o
                                      0xbb4ca (size before relaxing)
 .debug_str     0x00000000000c04b7       0xfe Core/Src/stm32f4xx_it.o
                                      0xbb8cf (size before relaxing)
 .debug_str     0x00000000000c05b5       0xc4 Core/Src/system_stm32f4xx.o
                                      0xbb1cc (size before relaxing)
 .debug_str     0x00000000000c0679      0x103 Core/Src/tim.o
                                      0xbbeea (size before relaxing)
 .debug_str     0x00000000000c077c       0x36 Core/Startup/startup_stm32f405rgtx.o
                                         0x75 (size before relaxing)
 .debug_str     0x00000000000c07b2      0x58d Drivers/STM32F4xx_HAL_Driver/Src/stm32f4xx_hal.o
                                      0xbbc78 (size before relaxing)
 .debug_str     0x00000000000c0d3f      0x2a2 Drivers/STM32F4xx_HAL_Driver/Src/stm32f4xx_hal_adc.o
                                      0xbb763 (size before relaxing)
 .debug_str     0x00000000000c0fe1      0x397 Drivers/STM32F4xx_HAL_Driver/Src/stm32f4xx_hal_cortex.o
                                      0xbba67 (size before relaxing)
 .debug_str     0x00000000000c1378      0x1bd Drivers/STM32F4xx_HAL_Driver/Src/stm32f4xx_hal_dac.o
                                      0xbb5f0 (size before relaxing)
 .debug_str     0x00000000000c1535      0x31d Drivers/STM32F4xx_HAL_Driver/Src/stm32f4xx_hal_dma.o
                                      0xbb5e1 (size before relaxing)
 .debug_str     0x00000000000c1852      0x1fe Drivers/STM32F4xx_HAL_Driver/Src/stm32f4xx_hal_gpio.o
                                      0xbb40b (size before relaxing)
 .debug_str     0x00000000000c1a50      0x24e Drivers/STM32F4xx_HAL_Driver/Src/stm32f4xx_hal_rcc.o
                                      0xbb5b9 (size before relaxing)
 .debug_str     0x00000000000c1c9e      0xce2 Drivers/STM32F4xx_HAL_Driver/Src/stm32f4xx_hal_tim.o
                                      0xbc2d8 (size before relaxing)
 .debug_str     0x00000000000c2980      0x4a2 Drivers/STM32F4xx_HAL_Driver/Src/stm32f4xx_hal_tim_ex.o
                                      0xbbad8 (size before relaxing)

.comment        0x0000000000000000       0x7b
 .comment       0x0000000000000000       0x7b Core/ADSR_lib/ADSR.o
                                         0x7c (size before relaxing)
 .comment       0x000000000000007b       0x7c Core/Discrete_Input_lib/Discrete_Input.o
 .comment       0x000000000000007b       0x7c Core/Src/adc.o
 .comment       0x000000000000007b       0x7c Core/Src/dac.o
 .comment       0x000000000000007b       0x7c Core/Src/dma.o
 .comment       0x000000000000007b       0x7c Core/Src/gpio.o
 .comment       0x000000000000007b       0x7c Core/Src/main.o
 .comment       0x000000000000007b       0x7c Core/Src/stm32f4xx_hal_msp.o
 .comment       0x000000000000007b       0x7c Core/Src/stm32f4xx_it.o
 .comment       0x000000000000007b       0x7c Core/Src/system_stm32f4xx.o
 .comment       0x000000000000007b       0x7c Core/Src/tim.o
 .comment       0x000000000000007b       0x7c Drivers/STM32F4xx_HAL_Driver/Src/stm32f4xx_hal.o
 .comment       0x000000000000007b       0x7c Drivers/STM32F4xx_HAL_Driver/Src/stm32f4xx_hal_adc.o
 .comment       0x000000000000007b       0x7c Drivers/STM32F4xx_HAL_Driver/Src/stm32f4xx_hal_cortex.o
 .comment       0x000000000000007b       0x7c Drivers/STM32F4xx_HAL_Driver/Src/stm32f4xx_hal_dac.o
 .comment       0x000000000000007b       0x7c Drivers/STM32F4xx_HAL_Driver/Src/stm32f4xx_hal_dma.o
 .comment       0x000000000000007b       0x7c Drivers/STM32F4xx_HAL_Driver/Src/stm32f4xx_hal_gpio.o
 .comment       0x000000000000007b       0x7c Drivers/STM32F4xx_HAL_Driver/Src/stm32f4xx_hal_rcc.o
 .comment       0x000000000000007b       0x7c Drivers/STM32F4xx_HAL_Driver/Src/stm32f4xx_hal_tim.o
 .comment       0x000000000000007b       0x7c Drivers/STM32F4xx_HAL_Driver/Src/stm32f4xx_hal_tim_ex.o

.debug_frame    0x0000000000000000     0x383c
 .debug_frame   0x0000000000000000      0x1c8 Core/ADSR_lib/ADSR.o
 .debug_frame   0x00000000000001c8       0x34 Core/Discrete_Input_lib/Discrete_Input.o
 .debug_frame   0x00000000000001fc       0x7c Core/Src/adc.o
 .debug_frame   0x0000000000000278       0x7c Core/Src/dac.o
 .debug_frame   0x00000000000002f4       0x34 Core/Src/dma.o
 .debug_frame   0x0000000000000328       0x34 Core/Src/gpio.o
 .debug_frame   0x000000000000035c      0x174 Core/Src/main.o
 .debug_frame   0x00000000000004d0       0x38 Core/Src/stm32f4xx_hal_msp.o
 .debug_frame   0x0000000000000508      0x160 Core/Src/stm32f4xx_it.o
 .debug_frame   0x0000000000000668       0x58 Core/Src/system_stm32f4xx.o
 .debug_frame   0x00000000000006c0       0xbc Core/Src/tim.o
 .debug_frame   0x000000000000077c      0x374 Drivers/STM32F4xx_HAL_Driver/Src/stm32f4xx_hal.o
 .debug_frame   0x0000000000000af0      0x3fc Drivers/STM32F4xx_HAL_Driver/Src/stm32f4xx_hal_adc.o
 .debug_frame   0x0000000000000eec      0x498 Drivers/STM32F4xx_HAL_Driver/Src/stm32f4xx_hal_cortex.o
 .debug_frame   0x0000000000001384      0x338 Drivers/STM32F4xx_HAL_Driver/Src/stm32f4xx_hal_dac.o
 .debug_frame   0x00000000000016bc      0x250 Drivers/STM32F4xx_HAL_Driver/Src/stm32f4xx_hal_dma.o
 .debug_frame   0x000000000000190c      0x14c Drivers/STM32F4xx_HAL_Driver/Src/stm32f4xx_hal_gpio.o
 .debug_frame   0x0000000000001a58      0x1f0 Drivers/STM32F4xx_HAL_Driver/Src/stm32f4xx_hal_rcc.o
 .debug_frame   0x0000000000001c48     0x10f0 Drivers/STM32F4xx_HAL_Driver/Src/stm32f4xx_hal_tim.o
 .debug_frame   0x0000000000002d38      0x5c0 Drivers/STM32F4xx_HAL_Driver/Src/stm32f4xx_hal_tim_ex.o
 .debug_frame   0x00000000000032f8       0x20 /opt/st/stm32cubeide_1.3.0/plugins/com.st.stm32cube.ide.mcu.externaltools.gnu-tools-for-stm32.7-2018-q2-update.linux64_1.0.0.201904181610/tools/bin/../lib/gcc/arm-none-eabi/7.3.1/../../../../arm-none-eabi/lib/thumb/v7e-m/fpv4-sp/hard/libc_nano.a(lib_a-errno.o)
 .debug_frame   0x0000000000003318       0x2c /opt/st/stm32cubeide_1.3.0/plugins/com.st.stm32cube.ide.mcu.externaltools.gnu-tools-for-stm32.7-2018-q2-update.linux64_1.0.0.201904181610/tools/bin/../lib/gcc/arm-none-eabi/7.3.1/../../../../arm-none-eabi/lib/thumb/v7e-m/fpv4-sp/hard/libc_nano.a(lib_a-init.o)
 .debug_frame   0x0000000000003344       0x20 /opt/st/stm32cubeide_1.3.0/plugins/com.st.stm32cube.ide.mcu.externaltools.gnu-tools-for-stm32.7-2018-q2-update.linux64_1.0.0.201904181610/tools/bin/../lib/gcc/arm-none-eabi/7.3.1/../../../../arm-none-eabi/lib/thumb/v7e-m/fpv4-sp/hard/libc_nano.a(lib_a-memset.o)
 .debug_frame   0x0000000000003364       0x44 /opt/st/stm32cubeide_1.3.0/plugins/com.st.stm32cube.ide.mcu.externaltools.gnu-tools-for-stm32.7-2018-q2-update.linux64_1.0.0.201904181610/tools/bin/../lib/gcc/arm-none-eabi/7.3.1/../../../../arm-none-eabi/lib/thumb/v7e-m/fpv4-sp/hard/libm.a(lib_a-w_log.o)
 .debug_frame   0x00000000000033a8       0x5c /opt/st/stm32cubeide_1.3.0/plugins/com.st.stm32cube.ide.mcu.externaltools.gnu-tools-for-stm32.7-2018-q2-update.linux64_1.0.0.201904181610/tools/bin/../lib/gcc/arm-none-eabi/7.3.1/../../../../arm-none-eabi/lib/thumb/v7e-m/fpv4-sp/hard/libm.a(lib_a-w_pow.o)
 .debug_frame   0x0000000000003404       0x40 /opt/st/stm32cubeide_1.3.0/plugins/com.st.stm32cube.ide.mcu.externaltools.gnu-tools-for-stm32.7-2018-q2-update.linux64_1.0.0.201904181610/tools/bin/../lib/gcc/arm-none-eabi/7.3.1/../../../../arm-none-eabi/lib/thumb/v7e-m/fpv4-sp/hard/libm.a(lib_a-e_log.o)
 .debug_frame   0x0000000000003444       0x64 /opt/st/stm32cubeide_1.3.0/plugins/com.st.stm32cube.ide.mcu.externaltools.gnu-tools-for-stm32.7-2018-q2-update.linux64_1.0.0.201904181610/tools/bin/../lib/gcc/arm-none-eabi/7.3.1/../../../../arm-none-eabi/lib/thumb/v7e-m/fpv4-sp/hard/libm.a(lib_a-e_pow.o)
 .debug_frame   0x00000000000034a8       0x30 /opt/st/stm32cubeide_1.3.0/plugins/com.st.stm32cube.ide.mcu.externaltools.gnu-tools-for-stm32.7-2018-q2-update.linux64_1.0.0.201904181610/tools/bin/../lib/gcc/arm-none-eabi/7.3.1/../../../../arm-none-eabi/lib/thumb/v7e-m/fpv4-sp/hard/libm.a(lib_a-e_sqrt.o)
 .debug_frame   0x00000000000034d8       0x20 /opt/st/stm32cubeide_1.3.0/plugins/com.st.stm32cube.ide.mcu.externaltools.gnu-tools-for-stm32.7-2018-q2-update.linux64_1.0.0.201904181610/tools/bin/../lib/gcc/arm-none-eabi/7.3.1/../../../../arm-none-eabi/lib/thumb/v7e-m/fpv4-sp/hard/libm.a(lib_a-s_fabs.o)
 .debug_frame   0x00000000000034f8       0x20 /opt/st/stm32cubeide_1.3.0/plugins/com.st.stm32cube.ide.mcu.externaltools.gnu-tools-for-stm32.7-2018-q2-update.linux64_1.0.0.201904181610/tools/bin/../lib/gcc/arm-none-eabi/7.3.1/../../../../arm-none-eabi/lib/thumb/v7e-m/fpv4-sp/hard/libm.a(lib_a-s_finite.o)
 .debug_frame   0x0000000000003518       0x20 /opt/st/stm32cubeide_1.3.0/plugins/com.st.stm32cube.ide.mcu.externaltools.gnu-tools-for-stm32.7-2018-q2-update.linux64_1.0.0.201904181610/tools/bin/../lib/gcc/arm-none-eabi/7.3.1/../../../../arm-none-eabi/lib/thumb/v7e-m/fpv4-sp/hard/libm.a(lib_a-s_matherr.o)
 .debug_frame   0x0000000000003538       0x20 /opt/st/stm32cubeide_1.3.0/plugins/com.st.stm32cube.ide.mcu.externaltools.gnu-tools-for-stm32.7-2018-q2-update.linux64_1.0.0.201904181610/tools/bin/../lib/gcc/arm-none-eabi/7.3.1/../../../../arm-none-eabi/lib/thumb/v7e-m/fpv4-sp/hard/libm.a(lib_a-s_nan.o)
 .debug_frame   0x0000000000003558       0x34 /opt/st/stm32cubeide_1.3.0/plugins/com.st.stm32cube.ide.mcu.externaltools.gnu-tools-for-stm32.7-2018-q2-update.linux64_1.0.0.201904181610/tools/bin/../lib/gcc/arm-none-eabi/7.3.1/../../../../arm-none-eabi/lib/thumb/v7e-m/fpv4-sp/hard/libm.a(lib_a-s_rint.o)
 .debug_frame   0x000000000000358c       0x2c /opt/st/stm32cubeide_1.3.0/plugins/com.st.stm32cube.ide.mcu.externaltools.gnu-tools-for-stm32.7-2018-q2-update.linux64_1.0.0.201904181610/tools/bin/../lib/gcc/arm-none-eabi/7.3.1/../../../../arm-none-eabi/lib/thumb/v7e-m/fpv4-sp/hard/libm.a(lib_a-s_scalbn.o)
 .debug_frame   0x00000000000035b8       0x20 /opt/st/stm32cubeide_1.3.0/plugins/com.st.stm32cube.ide.mcu.externaltools.gnu-tools-for-stm32.7-2018-q2-update.linux64_1.0.0.201904181610/tools/bin/../lib/gcc/arm-none-eabi/7.3.1/../../../../arm-none-eabi/lib/thumb/v7e-m/fpv4-sp/hard/libm.a(lib_a-s_copysign.o)
 .debug_frame   0x00000000000035d8       0xac /opt/st/stm32cubeide_1.3.0/plugins/com.st.stm32cube.ide.mcu.externaltools.gnu-tools-for-stm32.7-2018-q2-update.linux64_1.0.0.201904181610/tools/bin/../lib/gcc/arm-none-eabi/7.3.1/thumb/v7e-m/fpv4-sp/hard/libgcc.a(_arm_addsubdf3.o)
 .debug_frame   0x0000000000003684       0x50 /opt/st/stm32cubeide_1.3.0/plugins/com.st.stm32cube.ide.mcu.externaltools.gnu-tools-for-stm32.7-2018-q2-update.linux64_1.0.0.201904181610/tools/bin/../lib/gcc/arm-none-eabi/7.3.1/thumb/v7e-m/fpv4-sp/hard/libgcc.a(_arm_muldivdf3.o)
 .debug_frame   0x00000000000036d4       0xc4 /opt/st/stm32cubeide_1.3.0/plugins/com.st.stm32cube.ide.mcu.externaltools.gnu-tools-for-stm32.7-2018-q2-update.linux64_1.0.0.201904181610/tools/bin/../lib/gcc/arm-none-eabi/7.3.1/thumb/v7e-m/fpv4-sp/hard/libgcc.a(_arm_cmpdf2.o)
 .debug_frame   0x0000000000003798       0x20 /opt/st/stm32cubeide_1.3.0/plugins/com.st.stm32cube.ide.mcu.externaltools.gnu-tools-for-stm32.7-2018-q2-update.linux64_1.0.0.201904181610/tools/bin/../lib/gcc/arm-none-eabi/7.3.1/thumb/v7e-m/fpv4-sp/hard/libgcc.a(_arm_unorddf2.o)
 .debug_frame   0x00000000000037b8       0x24 /opt/st/stm32cubeide_1.3.0/plugins/com.st.stm32cube.ide.mcu.externaltools.gnu-tools-for-stm32.7-2018-q2-update.linux64_1.0.0.201904181610/tools/bin/../lib/gcc/arm-none-eabi/7.3.1/thumb/v7e-m/fpv4-sp/hard/libgcc.a(_arm_fixunsdfsi.o)
 .debug_frame   0x00000000000037dc       0x2c /opt/st/stm32cubeide_1.3.0/plugins/com.st.stm32cube.ide.mcu.externaltools.gnu-tools-for-stm32.7-2018-q2-update.linux64_1.0.0.201904181610/tools/bin/../lib/gcc/arm-none-eabi/7.3.1/thumb/v7e-m/fpv4-sp/hard/libgcc.a(_aeabi_uldivmod.o)
 .debug_frame   0x0000000000003808       0x34 /opt/st/stm32cubeide_1.3.0/plugins/com.st.stm32cube.ide.mcu.externaltools.gnu-tools-for-stm32.7-2018-q2-update.linux64_1.0.0.201904181610/tools/bin/../lib/gcc/arm-none-eabi/7.3.1/thumb/v7e-m/fpv4-sp/hard/libgcc.a(_udivmoddi4.o)
